Component: ARM Compiler 5.06 update 4 (build 422) Tool: armlink [4d35d2]

==============================================================================

Section Cross References

    main.o(i.AppTaskCreate) refers to tasks.o(i.xTaskGenericCreate) for xTaskGenericCreate
    main.o(i.AppTaskCreate) refers to main.o(.data) for vHandleTaskATCommand
    main.o(i.AppTaskCreate) refers to at_command.o(i.vTaskATCommand) for vTaskATCommand
    main.o(i.AppTaskCreate) refers to bt_task.o(i.vBT_Task) for vBT_Task
    main.o(i.main) refers to bsp.o(i.bsp_Init) for bsp_Init
    main.o(i.main) refers to bt_init.o(i.bt_init) for bt_init
    main.o(i.main) refers to at_command.o(i.at_command_init) for at_command_init
    main.o(i.main) refers to cunit_interface.o(i.cunit_init) for cunit_init
    main.o(i.main) refers to main.o(i.AppTaskCreate) for AppTaskCreate
    main.o(i.main) refers to tasks.o(i.vTaskStartScheduler) for vTaskStartScheduler
    bt_init.o(i.bt_init) refers to bt_memory.o(i.bt_memory_init) for bt_memory_init
    bt_init.o(i.bt_init) refers to bt_memory.o(i.bt_fixed_memory_init) for bt_fixed_memory_init
    bt_init.o(i.bt_init) refers to bt_init.o(.bss) for bt_tx_buf
    bsp.o(i.bsp_Init) refers to misc.o(i.NVIC_PriorityGroupConfig) for NVIC_PriorityGroupConfig
    bsp.o(i.bsp_Init) refers to bsp_uart_fifo.o(i.bsp_InitUart) for bsp_InitUart
    bsp.o(i.bsp_Init) refers to bsp_led.o(i.bsp_InitLed) for bsp_InitLed
    bsp.o(i.bsp_Init) refers to bsp_key.o(i.bsp_InitKey) for bsp_InitKey
    bsp.o(i.bsp_disable_interrupt) refers to bt_os_layer_api.o(i.bt_os_layer_is_isr_active) for bt_os_layer_is_isr_active
    bsp.o(i.bsp_disable_interrupt) refers to port.o(.emb_text) for ulPortSetInterruptMask
    bsp.o(i.bsp_disable_interrupt) refers to port.o(i.vPortEnterCritical) for vPortEnterCritical
    bsp.o(i.bsp_enable_interrupt) refers to bt_os_layer_api.o(i.bt_os_layer_is_isr_active) for bt_os_layer_is_isr_active
    bsp.o(i.bsp_enable_interrupt) refers to port.o(.emb_text) for vPortClearInterruptMask
    bsp.o(i.bsp_enable_interrupt) refers to port.o(i.vPortExitCritical) for vPortExitCritical
    bsp_key.o(i.bsp_ClearKey) refers to bsp_key.o(.bss) for s_tKey
    bsp_key.o(i.bsp_DetectKey) refers to bsp_key.o(i.bsp_PutKey) for bsp_PutKey
    bsp_key.o(i.bsp_DetectKey) refers to bsp_key.o(.bss) for s_tBtn
    bsp_key.o(i.bsp_GetKey) refers to bsp_key.o(.bss) for s_tKey
    bsp_key.o(i.bsp_GetKey2) refers to bsp_key.o(.bss) for s_tKey
    bsp_key.o(i.bsp_GetKeyState) refers to bsp_key.o(.bss) for s_tBtn
    bsp_key.o(i.bsp_InitKey) refers to bsp_key.o(i.bsp_InitKeyVar) for bsp_InitKeyVar
    bsp_key.o(i.bsp_InitKey) refers to bsp_key.o(i.bsp_InitKeyHard) for bsp_InitKeyHard
    bsp_key.o(i.bsp_InitKeyHard) refers to stm32f10x_rcc.o(i.RCC_APB2PeriphClockCmd) for RCC_APB2PeriphClockCmd
    bsp_key.o(i.bsp_InitKeyHard) refers to stm32f10x_gpio.o(i.GPIO_Init) for GPIO_Init
    bsp_key.o(i.bsp_InitKeyVar) refers to bsp_key.o(.bss) for s_tKey
    bsp_key.o(i.bsp_InitKeyVar) refers to bsp_key.o(i.IsKeyDown1) for IsKeyDown1
    bsp_key.o(i.bsp_InitKeyVar) refers to bsp_key.o(i.IsKeyDown2) for IsKeyDown2
    bsp_key.o(i.bsp_InitKeyVar) refers to bsp_key.o(i.IsKeyDown3) for IsKeyDown3
    bsp_key.o(i.bsp_InitKeyVar) refers to bsp_key.o(i.IsKeyDown4) for IsKeyDown4
    bsp_key.o(i.bsp_InitKeyVar) refers to bsp_key.o(i.IsKeyDown5) for IsKeyDown5
    bsp_key.o(i.bsp_InitKeyVar) refers to bsp_key.o(i.IsKeyDown6) for IsKeyDown6
    bsp_key.o(i.bsp_InitKeyVar) refers to bsp_key.o(i.IsKeyDown7) for IsKeyDown7
    bsp_key.o(i.bsp_InitKeyVar) refers to bsp_key.o(i.IsKeyDown8) for IsKeyDown8
    bsp_key.o(i.bsp_InitKeyVar) refers to bsp_key.o(i.IsKeyDown9) for IsKeyDown9
    bsp_key.o(i.bsp_InitKeyVar) refers to bsp_key.o(i.IsKeyDown10) for IsKeyDown10
    bsp_key.o(i.bsp_KeyScan) refers to bsp_key.o(i.bsp_DetectKey) for bsp_DetectKey
    bsp_key.o(i.bsp_PutKey) refers to bsp_key.o(.bss) for s_tKey
    bsp_key.o(i.bsp_SetKeyParam) refers to bsp_key.o(.bss) for s_tBtn
    bsp_led.o(i.bsp_InitLed) refers to stm32f10x_rcc.o(i.RCC_APB2PeriphClockCmd) for RCC_APB2PeriphClockCmd
    bsp_led.o(i.bsp_InitLed) refers to bsp_led.o(i.bsp_LedOff) for bsp_LedOff
    bsp_led.o(i.bsp_InitLed) refers to stm32f10x_gpio.o(i.GPIO_Init) for GPIO_Init
    bsp_uart_fifo.o(i.ComToUart) refers to bsp_uart_fifo.o(.bss) for g_tUart1
    bsp_uart_fifo.o(i.ConfigUartNVIC) refers to misc.o(i.NVIC_Init) for NVIC_Init
    bsp_uart_fifo.o(i.InitHardUart) refers to stm32f10x_rcc.o(i.RCC_APB2PeriphClockCmd) for RCC_APB2PeriphClockCmd
    bsp_uart_fifo.o(i.InitHardUart) refers to stm32f10x_gpio.o(i.GPIO_Init) for GPIO_Init
    bsp_uart_fifo.o(i.InitHardUart) refers to stm32f10x_usart.o(i.USART_Init) for USART_Init
    bsp_uart_fifo.o(i.InitHardUart) refers to stm32f10x_usart.o(i.USART_ITConfig) for USART_ITConfig
    bsp_uart_fifo.o(i.InitHardUart) refers to stm32f10x_usart.o(i.USART_Cmd) for USART_Cmd
[...]
    .conststring                             0x08006eb0   Section       84  bt_gap_common.o(.conststring)
    .conststring                             0x08006f04   Section      577  cuerror.o(.conststring)
    .conststring                             0x08007148   Section       11  at_command.o(.conststring)
    .data                                    0x20000000   Section        8  main.o(.data)
    vHandleTaskATCommand                     0x20000000   Data           4  main.o(.data)
    xHandleTaskBT                            0x20000004   Data           4  main.o(.data)
    .data                                    0x20000008   Section       20  stm32f10x_rcc.o(.data)
    APBAHBPrescTable                         0x20000008   Data          16  stm32f10x_rcc.o(.data)
    ADCPrescTable                            0x20000018   Data           4  stm32f10x_rcc.o(.data)
    .data                                    0x2000001c   Section       56  tasks.o(.data)
    pxDelayedTaskList                        0x20000020   Data           4  tasks.o(.data)
    pxOverflowDelayedTaskList                0x20000024   Data           4  tasks.o(.data)
    uxTasksDeleted                           0x20000028   Data           4  tasks.o(.data)
    uxCurrentNumberOfTasks                   0x2000002c   Data           4  tasks.o(.data)
    xTickCount                               0x20000030   Data           4  tasks.o(.data)
    uxTopReadyPriority                       0x20000034   Data           4  tasks.o(.data)
    xSchedulerRunning                        0x20000038   Data           4  tasks.o(.data)
    uxPendedTicks                            0x2000003c   Data           4  tasks.o(.data)
    xYieldPending                            0x20000040   Data           4  tasks.o(.data)
    xNumOfOverflows                          0x20000044   Data           4  tasks.o(.data)
    uxTaskNumber                             0x20000048   Data           4  tasks.o(.data)
    xNextTaskUnblockTime                     0x2000004c   Data           4  tasks.o(.data)
    uxSchedulerSuspended                     0x20000050   Data           4  tasks.o(.data)
    .data                                    0x20000054   Section       16  timers.o(.data)
    pxCurrentTimerList                       0x20000054   Data           4  timers.o(.data)
    pxOverflowTimerList                      0x20000058   Data           4  timers.o(.data)
    xTimerQueue                              0x2000005c   Data           4  timers.o(.data)
    xLastTime                                0x20000060   Data           4  timers.o(.data)
    .data                                    0x20000064   Section       12  port.o(.data)
    uxCriticalNesting                        0x20000064   Data           4  port.o(.data)
    ucMaxSysCallPriority                     0x20000068   Data           1  port.o(.data)
    ulMaxPRIGROUPValue                       0x2000006c   Data           4  port.o(.data)
    .data                                    0x20000070   Section       24  heap_4.o(.data)
    xStart                                   0x20000070   Data           8  heap_4.o(.data)
    pxEnd                                    0x20000078   Data           4  heap_4.o(.data)
    xFreeBytesRemaining                      0x2000007c   Data           4  heap_4.o(.data)
    xMinimumEverFreeBytesRemaining           0x20000080   Data           4  heap_4.o(.data)
    xBlockAllocatedBit                       0x20000084   Data           4  heap_4.o(.data)
    .data                                    0x20000088   Section        8  bt_memory.o(.data)
    bt_mm_footer                             0x20000088   Data           4  bt_memory.o(.data)
    .data                                    0x20000090   Section        4  bt_timer.o(.data)
    bt_timer_list                            0x20000090   Data           4  bt_timer.o(.data)
    .data                                    0x20000094   Section        8  bt_os_layer_api.o(.data)
    bt_rtos_timer                            0x20000094   Data           4  bt_os_layer_api.o(.data)
    bt_os_expire_cb                          0x20000098   Data           4  bt_os_layer_api.o(.data)
    .data                                    0x2000009c   Section       18  bt_driver.o(.data)
    bt_driver_is_inited                      0x2000009c   Data           1  bt_driver.o(.data)
    rx_state                                 0x2000009d   Data           1  bt_driver.o(.data)
    buffer                                   0x2000009e   Data           6  bt_driver.o(.data)
    buffer_index                             0x200000a4   Data           2  bt_driver.o(.data)
    g_packet                                 0x200000a8   Data           4  bt_driver.o(.data)
    payload_index                            0x200000ac   Data           2  bt_driver.o(.data)
    .data                                    0x200000b0   Section       16  bt_platform.o(.data)
    bt_task_mutex                            0x200000b0   Data           4  bt_platform.o(.data)
    bt_task_semaphore                        0x200000b4   Data           4  bt_platform.o(.data)
    bt_task_queue                            0x200000b8   Data           4  bt_platform.o(.data)
    bt_task_event                            0x200000bc   Data           4  bt_platform.o(.data)
    .data                                    0x200000c0   Section      624  bt_gap_common.o(.data)
    bt_gap_init_table_index                  0x200000c0   Data           1  bt_gap_common.o(.data)
    vendor_set_pskey_deep_sleep_state        0x200000c1   Data          19  bt_gap_common.o(.data)
    vendor_set_ana_freq_26mhz                0x200000d4   Data          19  bt_gap_common.o(.data)
    vendor_set_csr_pskey_ana_ftrim           0x200000e7   Data          19  bt_gap_common.o(.data)
    vendor_set_csr_pskey_default_transmit_power 0x200000fa   Data          19  bt_gap_common.o(.data)
    vendor_set_csr_pskey_max_transmit_power  0x2000010d   Data          19  bt_gap_common.o(.data)
    vendor_set_csr_pskey_ble_default_transmit_power 0x20000120   Data          19  bt_gap_common.o(.data)
    vendor_set_csr_pskey_bd_addr             0x20000133   Data          25  bt_gap_common.o(.data)
    vendor_set_csr_pskey_pcm_config          0x2000014c   Data          21  bt_gap_common.o(.data)
    vendor_set_csr_pskey_pcm_formt           0x20000161   Data          19  bt_gap_common.o(.data)
    vendor_set_csr_pskey_user_low_jitter_mode 0x20000174   Data          19  bt_gap_common.o(.data)
    vendor_set_hci_nop_disable               0x20000187   Data          19  bt_gap_common.o(.data)
    vendor_set_uart_buad_921600              0x2000019a   Data          21  bt_gap_common.o(.data)
    vendor_set_warm_reset                    0x200001af   Data          19  bt_gap_common.o(.data)
    bt_gap_local_name                        0x200001c4   Data           4  bt_gap_common.o(.data)
    class_of_device                          0x200001c8   Data           3  bt_gap_common.o(.data)
    page_timeout                             0x200001cc   Data           2  bt_gap_common.o(.data)
    event_mask                               0x200001ce   Data           8  bt_gap_common.o(.data)
    ssp_enable                               0x200001d6   Data           1  bt_gap_common.o(.data)
    inquiry_mode                             0x200001d7   Data           1  bt_gap_common.o(.data)
    le_host_support                          0x200001d8   Data           2  bt_gap_common.o(.data)
    bt_scan_mode                             0x200001da   Data           1  bt_gap_common.o(.data)
    bt_gap_init_cmd_table                    0x200001dc   Data         324  bt_gap_common.o(.data)
    bt_gap_evt_handler_table                 0x20000320   Data          16  bt_gap_common.o(.data)
    .data                                    0x20000330   Section        5  basic.o(.data)
    f_pRunningSuite                          0x20000330   Data           4  basic.o(.data)
    f_run_mode                               0x20000334   Data           1  basic.o(.data)
    .data                                    0x20000338   Section      184  cuerror.o(.data)
    g_error_number                           0x20000338   Data           1  cuerror.o(.data)
    g_error_action                           0x20000339   Data           1  cuerror.o(.data)
    ErrorDescription                         0x2000033c   Data         180  cuerror.o(.data)
    .data                                    0x200003f0   Section        4  testdb.o(.data)
    f_pTestRegistry                          0x200003f0   Data           4  testdb.o(.data)
    .data                                    0x200003f4   Section       56  testrun.o(.data)
    f_bTestIsRunning                         0x200003f4   Data           4  testrun.o(.data)
    f_pCurSuite                              0x200003f8   Data           4  testrun.o(.data)
    f_pCurTest                               0x200003fc   Data           4  testrun.o(.data)
    f_failure_list                           0x20000400   Data           4  testrun.o(.data)
    f_last_failure                           0x20000404   Data           4  testrun.o(.data)
    f_failure_on_inactive                    0x20000408   Data           4  testrun.o(.data)
    f_start_time                             0x2000040c   Data           4  testrun.o(.data)
    f_pSuiteStartMessageHandler              0x20000410   Data           4  testrun.o(.data)
    f_pTestStartMessageHandler               0x20000414   Data           4  testrun.o(.data)
    f_pTestCompleteMessageHandler            0x20000418   Data           4  testrun.o(.data)
    f_pSuiteCompleteMessageHandler           0x2000041c   Data           4  testrun.o(.data)
    f_pAllTestsCompleteMessageHandler        0x20000420   Data           4  testrun.o(.data)
    f_pSuiteInitFailureMessageHandler        0x20000424   Data           4  testrun.o(.data)
    f_pSuiteCleanupFailureMessageHandler     0x20000428   Data           4  testrun.o(.data)
    .data                                    0x2000042c   Section        4  cunit_interface.o(.data)
    pSuite                                   0x2000042c   Data           4  cunit_interface.o(.data)
    .data                                    0x20000430   Section      184  at_command.o(.data)
    g_at_command_state                       0x20000430   Data           1  at_command.o(.data)
    at_command_timer_handle                  0x20000434   Data           4  at_command.o(.data)
    g_parse_context                          0x20000438   Data           8  at_command.o(.data)
    at_command_semaphore                     0x20000440   Data           4  at_command.o(.data)
    is_timer_active                          0x20000444   Data           1  at_command.o(.data)
    buffer_index                             0x20000445   Data           1  at_command.o(.data)
    at_cmd_item_table                        0x20000448   Data         160  at_command.o(.data)
    .data                                    0x200004e8   Section        4  stdout.o(.data)
    .data                                    0x200004ec   Section        4  mvars.o(.data)
    .data                                    0x200004f0   Section        4  mvars.o(.data)
    .bss                                     0x200004f4   Section     8472  bt_init.o(.bss)
    bt_timer_fixed_memory                    0x200004f4   Data         280  bt_init.o(.bss)
    bt_tx_buf                                0x2000060c   Data        4096  bt_init.o(.bss)
    bt_rx_buf                                0x2000160c   Data        4096  bt_init.o(.bss)
    .bss                                     0x2000260c   Section      173  bsp_key.o(.bss)
    s_tBtn                                   0x2000260c   Data         160  bsp_key.o(.bss)
    s_tKey                                   0x200026ac   Data          13  bsp_key.o(.bss)
    .bss                                     0x200026bc   Section     6264  bsp_uart_fifo.o(.bss)
    g_tUart1                                 0x200026bc   Data          40  bsp_uart_fifo.o(.bss)
    g_TxBuf1                                 0x200026e4   Data        1024  bsp_uart_fifo.o(.bss)
    g_RxBuf1                                 0x20002ae4   Data        1024  bsp_uart_fifo.o(.bss)
    g_tUart2                                 0x20002ee4   Data          40  bsp_uart_fifo.o(.bss)
    g_TxBuf2                                 0x20002f0c   Data        1024  bsp_uart_fifo.o(.bss)
    g_RxBuf2                                 0x2000330c   Data        1024  bsp_uart_fifo.o(.bss)
    g_tUart3                                 0x2000370c   Data          40  bsp_uart_fifo.o(.bss)
    g_TxBuf3                                 0x20003734   Data        1024  bsp_uart_fifo.o(.bss)
    g_RxBuf3                                 0x20003b34   Data        1024  bsp_uart_fifo.o(.bss)
    .bss                                     0x20003f34   Section      220  tasks.o(.bss)
    pxReadyTasksLists                        0x20003f34   Data         120  tasks.o(.bss)
    xDelayedTaskList1                        0x20003fac   Data          20  tasks.o(.bss)
    xDelayedTaskList2                        0x20003fc0   Data          20  tasks.o(.bss)
    xPendingReadyList                        0x20003fd4   Data          20  tasks.o(.bss)
    xTasksWaitingTermination                 0x20003fe8   Data          20  tasks.o(.bss)
    xSuspendedTaskList                       0x20003ffc   Data          20  tasks.o(.bss)
    .bss                                     0x20004010   Section       40  timers.o(.bss)
    xActiveTimerList1                        0x20004010   Data          20  timers.o(.bss)
    xActiveTimerList2                        0x20004024   Data          20  timers.o(.bss)
    .bss                                     0x20004038   Section    17408  heap_4.o(.bss)
    ucHeap                                   0x20004038   Data       17408  heap_4.o(.bss)
    .bss                                     0x20008438   Section       48  bt_memory.o(.bss)
    bt_mm_cb                                 0x20008438   Data          36  bt_memory.o(.bss)
    bt_fixed_mm_cb_list                      0x2000845c   Data          12  bt_memory.o(.bss)
    .bss                                     0x20008468   Section      271  bt_gap_common.o(.bss)
    bt_gap_eir                               0x20008486   Data         241  bt_gap_common.o(.bss)
    .bss                                     0x20008578   Section       96  testrun.o(.bss)
    f_run_summary                            0x20008578   Data          96  testrun.o(.bss)
    .bss                                     0x200085d8   Section      372  bt_callback_manager.o(.bss)
    callback_table                           0x200085d8   Data         372  bt_callback_manager.o(.bss)
    .bss                                     0x2000874c   Section       50  at_command.o(.bss)
    buffer                                   0x2000874c   Data          50  at_command.o(.bss)
    HEAP                                     0x20008780   Section     2048  startup_stm32f10x_hd.o(HEAP)
    STACK                                    0x20008f80   Section     2048  startup_stm32f10x_hd.o(STACK)

    Global Symbols

    Symbol Name                              Value     Ov Type        Size  Object(Section)

    BuildAttributes$$THM_ISAv4$P$D$K$B$S$PE$A:L22UL41UL21$X:L11$S22US41US21$IEEE1$IW$USESV6$~STKCKD$USESV7$~SHL$OSPACE$ROPI$EBA8$MICROLIB$REQ8$PRES8$EABIv2 0x00000000   Number         0  anon$$obj.o ABSOLUTE
    __ARM_use_no_argv                        0x00000000   Number         0  main.o ABSOLUTE
    _printf_a                                0x00000000   Number         0  stubs.o ABSOLUTE
    _printf_c                                0x00000000   Number         0  stubs.o ABSOLUTE
    _printf_charcount                        0x00000000   Number         0  stubs.o ABSOLUTE
    _printf_d                                0x00000000   Number         0  stubs.o ABSOLUTE
    _printf_e                                0x00000000   Number         0  stubs.o ABSOLUTE
    _printf_f                                0x00000000   Number         0  stubs.o ABSOLUTE
    _printf_flags                            0x00000000   Number         0  stubs.o ABSOLUTE
    _printf_fp_dec                           0x00000000   Number         0  stubs.o ABSOLUTE
    _printf_fp_hex                           0x00000000   Number         0  stubs.o ABSOLUTE
    _printf_g                                0x00000000   Number         0  stubs.o ABSOLUTE
    _printf_i                                0x00000000   Number         0  stubs.o ABSOLUTE
    _printf_int_dec                          0x00000000   Number         0  stubs.o ABSOLUTE
    _printf_l                                0x00000000   Number         0  stubs.o ABSOLUTE
    _printf_lc                               0x00000000   Number         0  stubs.o ABSOLUTE
    _printf_ll                               0x00000000   Number         0  stubs.o ABSOLUTE
    _printf_lld                              0x00000000   Number         0  stubs.o ABSOLUTE
    _printf_lli                              0x00000000   Number         0  stubs.o ABSOLUTE
    _printf_llo                              0x00000000   Number         0  stubs.o ABSOLUTE
    _printf_llu                              0x00000000   Number         0  stubs.o ABSOLUTE
    _printf_llx                              0x00000000   Number         0  stubs.o ABSOLUTE
    _printf_longlong_dec                     0x00000000   Number         0  stubs.o ABSOLUTE
    _printf_longlong_hex                     0x00000000   Number         0  stubs.o ABSOLUTE
    _printf_longlong_oct                     0x00000000   Number         0  stubs.o ABSOLUTE
    _printf_ls                               0x00000000   Number         0  stubs.o ABSOLUTE
    _printf_mbtowc                           0x00000000   Number         0  stubs.o ABSOLUTE
    _printf_n                                0x00000000   Number         0  stubs.o ABSOLUTE
    _printf_o                                0x00000000   Number         0  stubs.o ABSOLUTE
    _printf_p                                0x00000000   Number         0  stubs.o ABSOLUTE
    _printf_percent                          0x00000000   Number         0  stubs.o ABSOLUTE
    _printf_pre_padding                      0x00000000   Number         0  stubs.o ABSOLUTE
    _printf_return_value                     0x00000000   Number         0  stubs.o ABSOLUTE
    _printf_s                                0x00000000   Number         0  stubs.o ABSOLUTE
    _printf_sizespec                         0x00000000   Number         0  stubs.o ABSOLUTE
    _printf_str                              0x00000000   Number         0  stubs.o ABSOLUTE
    _printf_truncate_signed                  0x00000000   Number         0  stubs.o ABSOLUTE
    _printf_truncate_unsigned                0x00000000   Number         0  stubs.o ABSOLUTE
    _printf_u                                0x00000000   Number         0  stubs.o ABSOLUTE
    _printf_wc                               0x00000000   Number         0  stubs.o ABSOLUTE
    _printf_wctomb                           0x00000000   Number         0  stubs.o ABSOLUTE
    _printf_widthprec                        0x00000000   Number         0  stubs.o ABSOLUTE
    _printf_x                                0x00000000   Number         0  stubs.o ABSOLUTE
    __alloca_longjmp                          - Undefined Weak Reference
    __alloca_setjmp                           - Undefined Weak Reference
    __cpp_initialize__aeabi_                  - Undefined Weak Reference
    __cxa_finalize                            - Undefined Weak Reference
    _clock_init                               - Undefined Weak Reference
    _microlib_exit                            - Undefined Weak Reference
    __Vectors_Size                           0x00000130   Number         0  startup_stm32f10x_hd.o ABSOLUTE
    __Vectors                                0x08000000   Data           4  startup_stm32f10x_hd.o(RESET)
    __Vectors_End                            0x08000130   Data           0  startup_stm32f10x_hd.o(RESET)
    __main                                   0x08000131   Thumb Code     0  entry.o(.ARM.Collect$$$$00000000)
    _main_stk                                0x08000131   Thumb Code     0  entry2.o(.ARM.Collect$$$$00000001)
    _main_scatterload                        0x08000135   Thumb Code     0  entry5.o(.ARM.Collect$$$$00000004)
    __main_after_scatterload                 0x08000139   Thumb Code     0  entry5.o(.ARM.Collect$$$$00000004)
    _main_clock                              0x08000139   Thumb Code     0  entry7b.o(.ARM.Collect$$$$00000008)
    _main_cpp_init                           0x08000139   Thumb Code     0  entry8b.o(.ARM.Collect$$$$0000000A)
    _main_init                               0x08000139   Thumb Code     0  entry9a.o(.ARM.Collect$$$$0000000B)
    __rt_final_cpp                           0x08000141   Thumb Code     0  entry10a.o(.ARM.Collect$$$$0000000D)
    __rt_final_exit                          0x08000141   Thumb Code     0  entry11a.o(.ARM.Collect$$$$0000000F)
    SVC_Handler                              0x08000145   Thumb Code    32  port.o(.emb_text)
    __asm___6_port_c_39a90d8d__prvStartFirstTask 0x08000169   Thumb Code    28  port.o(.emb_text)
    PendSV_Handler                           0x08000189   Thumb Code    64  port.o(.emb_text)
    ulPortSetInterruptMask                   0x080001cd   Thumb Code    14  port.o(.emb_text)
    vPortClearInterruptMask                  0x080001db   Thumb Code     6  port.o(.emb_text)
    vPortGetIPSR                             0x080001e1   Thumb Code     6  port.o(.emb_text)
    Reset_Handler                            0x080001e9   Thumb Code     8  startup_stm32f10x_hd.o(.text)
    ADC1_2_IRQHandler                        0x08000203   Thumb Code     0  startup_stm32f10x_hd.o(.text)
    ADC3_IRQHandler                          0x08000203   Thumb Code     0  startup_stm32f10x_hd.o(.text)
    CAN1_RX1_IRQHandler                      0x08000203   Thumb Code     0  startup_stm32f10x_hd.o(.text)
    CAN1_SCE_IRQHandler                      0x08000203   Thumb Code     0  startup_stm32f10x_hd.o(.text)
    DMA1_Channel1_IRQHandler                 0x08000203   Thumb Code     0  startup_stm32f10x_hd.o(.text)
    DMA1_Channel2_IRQHandler                 0x08000203   Thumb Code     0  startup_stm32f10x_hd.o(.text)
    DMA1_Channel3_IRQHandler                 0x08000203   Thumb Code     0  startup_stm32f10x_hd.o(.text)
    DMA1_Channel4_IRQHandler                 0x08000203   Thumb Code     0  startup_stm32f10x_hd.o(.text)
    DMA1_Channel5_IRQHandler                 0x08000203   Thumb Code     0  startup_stm32f10x_hd.o(.text)
    DMA1_Channel6_IRQHandler                 0x08000203   Thumb Code     0  startup_stm32f10x_hd.o(.text)
    DMA1_Channel7_IRQHandler                 0x08000203   Thumb Code     0  startup_stm32f10x_hd.o(.text)
    DMA2_Channel1_IRQHandler                 0x08000203   Thumb Code     0  startup_stm32f10x_hd.o(.text)
    DMA2_Channel2_IRQHandler                 0x08000203   Thumb Code     0  startup_stm32f10x_hd.o(.text)
    DMA2_Channel3_IRQHandler                 0x08000203   Thumb Code     0  startup_stm32f10x_hd.o(.text)
    DMA2_Channel4_5_IRQHandler               0x08000203   Thumb Code     0  startup_stm32f10x_hd.o(.text)
    EXTI0_IRQHandler                         0x08000203   Thumb Code     0  startup_stm32f10x_hd.o(.text)
    EXTI15_10_IRQHandler                     0x08000203   Thumb Code     0  startup_stm32f10x_hd.o(.text)
    EXTI1_IRQHandler                         0x08000203   Thumb Code     0  startup_stm32f10x_hd.o(.text)
    EXTI2_IRQHandler                         0x08000203   Thumb Code     0  startup_stm32f10x_hd.o(.text)
    EXTI3_IRQHandler                         0x08000203   Thumb Code     0  startup_stm32f10x_hd.o(.text)
    EXTI4_IRQHandler                         0x08000203   Thumb Code     0  startup_stm32f10x_hd.o(.text)
    EXTI9_5_IRQHandler                       0x08000203   Thumb Code     0  startup_stm32f10x_hd.o(.text)
    FLASH_IRQHandler                         0x08000203   Thumb Code     0  startup_stm32f10x_hd.o(.text)
    FSMC_IRQHandler                          0x08000203   Thumb Code     0  startup_stm32f10x_hd.o(.text)
    I2C1_ER_IRQHandler                       0x08000203   Thumb Code     0  startup_stm32f10x_hd.o(.text)
    I2C1_EV_IRQHandler                       0x08000203   Thumb Code     0  startup_stm32f10x_hd.o(.text)
    I2C2_ER_IRQHandler                       0x08000203   Thumb Code     0  startup_stm32f10x_hd.o(.text)
    I2C2_EV_IRQHandler                       0x08000203   Thumb Code     0  startup_stm32f10x_hd.o(.text)
    PVD_IRQHandler                           0x08000203   Thumb Code     0  startup_stm32f10x_hd.o(.text)
    RCC_IRQHandler                           0x08000203   Thumb Code     0  startup_stm32f10x_hd.o(.text)
    RTCAlarm_IRQHandler                      0x08000203   Thumb Code     0  startup_stm32f10x_hd.o(.text)
    RTC_IRQHandler                           0x08000203   Thumb Code     0  startup_stm32f10x_hd.o(.text)
    SDIO_IRQHandler                          0x08000203   Thumb Code     0  startup_stm32f10x_hd.o(.text)
    SPI1_IRQHandler                          0x08000203   Thumb Code     0  startup_stm32f10x_hd.o(.text)
    SPI2_IRQHandler                          0x08000203   Thumb Code     0  startup_stm32f10x_hd.o(.text)
    SPI3_IRQHandler                          0x08000203   Thumb Code     0  startup_stm32f10x_hd.o(.text)
    TAMPER_IRQHandler                        0x08000203   Thumb Code     0  startup_stm32f10x_hd.o(.text)
    TIM1_BRK_IRQHandler                      0x08000203   Thumb Code     0  startup_stm32f10x_hd.o(.text)
    TIM1_CC_IRQHandler                       0x08000203   Thumb Code     0  startup_stm32f10x_hd.o(.text)
    TIM1_TRG_COM_IRQHandler                  0x08000203   Thumb Code     0  startup_stm32f10x_hd.o(.text)
    TIM1_UP_IRQHandler                       0x08000203   Thumb Code     0  startup_stm32f10x_hd.o(.text)
    TIM2_IRQHandler                          0x08000203   Thumb Code     0  startup_stm32f10x_hd.o(.text)
    TIM3_IRQHandler                          0x08000203   Thumb Code     0  startup_stm32f10x_hd.o(.text)
    TIM4_IRQHandler                          0x08000203   Thumb Code     0  startup_stm32f10x_hd.o(.text)
    TIM5_IRQHandler                          0x08000203   Thumb Code     0  startup_stm32f10x_hd.o(.text)
    TIM6_IRQHandler                          0x08000203   Thumb Code     0  startup_stm32f10x_hd.o(.text)
    TIM7_IRQHandler                          0x08000203   Thumb Code     0  startup_stm32f10x_hd.o(.text)
    TIM8_BRK_IRQHandler                      0x08000203   Thumb Code     0  startup_stm32f10x_hd.o(.text)
    TIM8_CC_IRQHandler                       0x08000203   Thumb Code     0  startup_stm32f10x_hd.o(.text)
    TIM8_TRG_COM_IRQHandler                  0x08000203   Thumb Code     0  startup_stm32f10x_hd.o(.text)
    TIM8_UP_IRQHandler                       0x08000203   Thumb Code     0  startup_stm32f10x_hd.o(.text)
    UART4_IRQHandler                         0x08000203   Thumb Code     0  startup_stm32f10x_hd.o(.text)
    UART5_IRQHandler                         0x08000203   Thumb Code     0  startup_stm32f10x_hd.o(.text)
    USBWakeUp_IRQHandler                     0x08000203   Thumb Code     0  startup_stm32f10x_hd.o(.text)
    USB_HP_CAN1_TX_IRQHandler                0x08000203   Thumb Code     0  startup_stm32f10x_hd.o(.text)
    USB_LP_CAN1_RX0_IRQHandler               0x08000203   Thumb Code     0  startup_stm32f10x_hd.o(.text)
    WWDG_IRQHandler                          0x08000203   Thumb Code     0  startup_stm32f10x_hd.o(.text)
    toupper                                  0x0800020d   Thumb Code    12  toupper.o(.text)
    __aeabi_memcpy                           0x08000219   Thumb Code    36  memcpya.o(.text)
    __aeabi_memcpy4                          0x08000219   Thumb Code     0  memcpya.o(.text)
    __aeabi_memcpy8                          0x08000219   Thumb Code     0  memcpya.o(.text)
    __aeabi_memset                           0x0800023d   Thumb Code    14  memseta.o(.text)
    __aeabi_memset4                          0x0800023d   Thumb Code     0  memseta.o(.text)
    __aeabi_memset8                          0x0800023d   Thumb Code     0  memseta.o(.text)
    __aeabi_memclr                           0x0800024b   Thumb Code     4  memseta.o(.text)
    __aeabi_memclr4                          0x0800024b   Thumb Code     0  memseta.o(.text)
    __aeabi_memclr8                          0x0800024b   Thumb Code     0  memseta.o(.text)
    _memset$wrapper                          0x0800024f   Thumb Code    18  memseta.o(.text)
    strlen                                   0x08000261   Thumb Code    14  strlen.o(.text)
    memcmp                                   0x0800026f   Thumb Code    26  memcmp.o(.text)
    strcpy                                   0x08000289   Thumb Code    18  strcpy.o(.text)
    strncmp                                  0x0800029b   Thumb Code    30  strncmp.o(.text)
    __aeabi_dadd                             0x080002b9   Thumb Code   322  dadd.o(.text)
    __aeabi_dsub                             0x080003fb   Thumb Code     6  dadd.o(.text)
    __aeabi_drsub                            0x08000401   Thumb Code     6  dadd.o(.text)
    __aeabi_ddiv                             0x08000407   Thumb Code   222  ddiv.o(.text)
    __aeabi_uidiv                            0x080004e5   Thumb Code     0  uidiv.o(.text)
    __aeabi_uidivmod                         0x080004e5   Thumb Code    44  uidiv.o(.text)
    __aeabi_uldivmod                         0x08000511   Thumb Code    98  uldiv.o(.text)
    __aeabi_llsl                             0x08000573   Thumb Code    30  llshl.o(.text)
    _ll_shift_l                              0x08000573   Thumb Code     0  llshl.o(.text)
    __aeabi_lasr                             0x08000591   Thumb Code    36  llsshr.o(.text)
    _ll_sshift_r                             0x08000591   Thumb Code     0  llsshr.o(.text)
    __I$use$fp                               0x080005b5   Thumb Code     0  iusefp.o(.text)
    _double_round                            0x080005b5   Thumb Code    30  depilogue.o(.text)
    _double_epilogue                         0x080005d3   Thumb Code   156  depilogue.o(.text)
    __aeabi_dmul                             0x0800066f   Thumb Code   228  dmul.o(.text)
    __aeabi_d2ulz                            0x08000753   Thumb Code    48  dfixul.o(.text)
    __aeabi_cdrcmple                         0x08000785   Thumb Code    48  cdrcmple.o(.text)
    __scatterload                            0x080007b5   Thumb Code    28  init.o(.text)
    __scatterload_rt2                        0x080007b5   Thumb Code     0  init.o(.text)
    __aeabi_llsr                             0x080007d9   Thumb Code    32  llushr.o(.text)
    _ll_ushift_r                             0x080007d9   Thumb Code     0  llushr.o(.text)
    __decompress                             0x080007f9   Thumb Code     0  __dczerorl2.o(.text)
    __decompress1                            0x080007f9   Thumb Code    86  __dczerorl2.o(.text)
    BusFault_Handler                         0x080008b9   Thumb Code     4  stm32f10x_it.o(i.BusFault_Handler)
    CU_add_suite                             0x080008bd   Thumb Code    26  testdb.o(i.CU_add_suite)
    CU_add_suite_with_setup_and_teardown     0x080008d9   Thumb Code   106  testdb.o(i.CU_add_suite_with_setup_and_teardown)
    CU_basic_set_mode                        0x08000949   Thumb Code     6  basic.o(i.CU_basic_set_mode)
    CU_cleanup_registry                      0x08000955   Thumb Code    20  testdb.o(i.CU_cleanup_registry)
    CU_clear_previous_results                0x0800096d   Thumb Code    12  testrun.o(i.CU_clear_previous_results)
    CU_compare_strings                       0x08000981   Thumb Code    46  util.o(i.CU_compare_strings)
    CU_create_new_registry                   0x080009af   Thumb Code    24  testdb.o(i.CU_create_new_registry)
    CU_destroy_existing_registry             0x080009c7   Thumb Code    26  testdb.o(i.CU_destroy_existing_registry)
    CU_initialize_registry                   0x080009e1   Thumb Code    50  testdb.o(i.CU_initialize_registry)
    CU_set_error                             0x08000a19   Thumb Code    44  cuerror.o(i.CU_set_error)
    CU_set_error_action                      0x08000a6d   Thumb Code     6  cuerror.o(i.CU_set_error_action)
    ComToUart                                0x08000a79   Thumb Code    44  bsp_uart_fifo.o(i.ComToUart)
    DebugMon_Handler                         0x08000b0f   Thumb Code     2  stm32f10x_it.o(i.DebugMon_Handler)
    GPIO_Init                                0x08000b11   Thumb Code   378  stm32f10x_gpio.o(i.GPIO_Init)
    GPIO_WriteBit                            0x08000ce9   Thumb Code   182  stm32f10x_gpio.o(i.GPIO_WriteBit)
    HardFault_Handler                        0x08000dfd   Thumb Code    40  stm32f10x_it.o(i.HardFault_Handler)
    MemManage_Handler                        0x08001189   Thumb Code     4  stm32f10x_it.o(i.MemManage_Handler)
    NMI_Handler                              0x0800118d   Thumb Code     2  stm32f10x_it.o(i.NMI_Handler)
    NVIC_Init                                0x08001191   Thumb Code   158  misc.o(i.NVIC_Init)
    NVIC_PriorityGroupConfig                 0x08001275   Thumb Code    54  misc.o(i.NVIC_PriorityGroupConfig)
    RCC_APB1PeriphClockCmd                   0x080012ed   Thumb Code    70  stm32f10x_rcc.o(i.RCC_APB1PeriphClockCmd)
    RCC_APB2PeriphClockCmd                   0x0800137d   Thumb Code    70  stm32f10x_rcc.o(i.RCC_APB2PeriphClockCmd)
    RCC_GetClocksFreq                        0x0800140d   Thumb Code   192  stm32f10x_rcc.o(i.RCC_GetClocksFreq)
    SysTick_Handler                          0x080015c9   Thumb Code    28  port.o(i.SysTick_Handler)
    SystemInit                               0x080015e9   Thumb Code    78  system_stm32f10x.o(i.SystemInit)
    USART1_IRQHandler                        0x08001649   Thumb Code    10  bsp_uart_fifo.o(i.USART1_IRQHandler)
    USART2_IRQHandler                        0x08001659   Thumb Code    10  bsp_uart_fifo.o(i.USART2_IRQHandler)
    USART3_IRQHandler                        0x08001669   Thumb Code    10  bsp_uart_fifo.o(i.USART3_IRQHandler)
    USART_ClearFlag                          0x08001679   Thumb Code   116  stm32f10x_usart.o(i.USART_ClearFlag)
    USART_Cmd                                0x08001705   Thumb Code    90  stm32f10x_usart.o(i.USART_Cmd)
    USART_GetITStatus                        0x08001779   Thumb Code   266  stm32f10x_usart.o(i.USART_GetITStatus)
    USART_ITConfig                           0x0800189d   Thumb Code   248  stm32f10x_usart.o(i.USART_ITConfig)
    USART_Init                               0x080019ad   Thumb Code   450  stm32f10x_usart.o(i.USART_Init)
    USART_ReceiveData                        0x08001b8d   Thumb Code    54  stm32f10x_usart.o(i.USART_ReceiveData)
    USART_SendData                           0x08001bdd   Thumb Code    74  stm32f10x_usart.o(i.USART_SendData)
    UsageFault_Handler                       0x08001e4d   Thumb Code     4  stm32f10x_it.o(i.UsageFault_Handler)
    __0printf                                0x08001e51   Thumb Code    22  printfa.o(i.__0printf)
    __1printf                                0x08001e51   Thumb Code     0  printfa.o(i.__0printf)
    __2printf                                0x08001e51   Thumb Code     0  printfa.o(i.__0printf)
    __c89printf                              0x08001e51   Thumb Code     0  printfa.o(i.__0printf)
    printf                                   0x08001e51   Thumb Code     0  printfa.o(i.__0printf)
    __scatterload_copy                       0x08001e71   Thumb Code    14  handlers.o(i.__scatterload_copy)
    __scatterload_null                       0x08001e7f   Thumb Code     2  handlers.o(i.__scatterload_null)
    __scatterload_zeroinit                   0x08001e81   Thumb Code    14  handlers.o(i.__scatterload_zeroinit)
    assert_failed                            0x08002745   Thumb Code    18  stm32f10x_assert.o(i.assert_failed)
    at_command_bt_system_it_handler          0x08002789   Thumb Code   126  at_command_bt.o(i.at_command_bt_system_it_handler)
    at_command_init                          0x08002849   Thumb Code    84  at_command.o(i.at_command_init)
    at_command_send_response                 0x08002961   Thumb Code    20  at_command.o(i.at_command_send_response)
    at_command_uart_rx_isr_handler           0x08002acd   Thumb Code   156  at_command.o(i.at_command_uart_rx_isr_handler)
    bsp_Init                                 0x08002b7d   Thumb Code    24  bsp.o(i.bsp_Init)
    bsp_InitKey                              0x08002b95   Thumb Code    12  bsp_key.o(i.bsp_InitKey)
    bsp_InitLed                              0x08002d19   Thumb Code   108  bsp_led.o(i.bsp_InitLed)
    bsp_InitUart                             0x08002d89   Thumb Code    16  bsp_uart_fifo.o(i.bsp_InitUart)
    bsp_LedOff                               0x08002d99   Thumb Code    54  bsp_led.o(i.bsp_LedOff)
    bsp_disable_interrupt                    0x08002dd5   Thumb Code    20  bsp.o(i.bsp_disable_interrupt)
    bsp_enable_interrupt                     0x08002de9   Thumb Code    22  bsp.o(i.bsp_enable_interrupt)
    bt_app_event_callback                    0x08002e01   Thumb Code   106  bt_callback_manager.o(i.bt_app_event_callback)
    bt_build_eir_data                        0x08002e71   Thumb Code    62  bt_init.o(i.bt_build_eir_data)
    bt_driver_hardware_reset_controller      0x08002eb9   Thumb Code    64  bt_driver.o(i.bt_driver_hardware_reset_controller)
    bt_driver_init                           0x08002efd   Thumb Code    26  bt_driver.o(i.bt_driver_init)
    bt_driver_recieve_data_from_controller   0x08002f3d   Thumb Code   278  bt_driver.o(i.bt_driver_recieve_data_from_controller)
    bt_driver_rx                             0x08003069   Thumb Code    78  bt_driver.o(i.bt_driver_rx)
    bt_driver_send_data_to_controller        0x080030ed   Thumb Code    18  bt_driver.o(i.bt_driver_send_data_to_controller)
    bt_fixed_memory_allocate                 0x08003101   Thumb Code   102  bt_memory.o(i.bt_fixed_memory_allocate)
    bt_fixed_memory_free                     0x080031a5   Thumb Code   206  bt_memory.o(i.bt_fixed_memory_free)
    bt_fixed_memory_init                     0x080032b5   Thumb Code   156  bt_memory.o(i.bt_fixed_memory_init)
    bt_gap_connection_cmp_by_address         0x08003391   Thumb Code    58  bt_gap_connection.o(i.bt_gap_connection_cmp_by_address)
    bt_gap_connection_handler                0x0800340d   Thumb Code   144  bt_gap_connection.o(i.bt_gap_connection_handler)
    bt_gap_evt_handler                       0x0800350d   Thumb Code    74  bt_gap_common.o(i.bt_gap_evt_handler)
    bt_gap_find_connection_by_address        0x0800355d   Thumb Code    26  bt_gap_connection.o(i.bt_gap_find_connection_by_address)
    bt_gap_inquiry                           0x080035f9   Thumb Code    80  bt_gap_classic.o(i.bt_gap_inquiry)
    bt_hci_acl_handler                       0x08003845   Thumb Code    12  bt_hci.o(i.bt_hci_acl_handler)
    bt_hci_cmd_send                          0x08003851   Thumb Code   198  bt_hci.o(i.bt_hci_cmd_send)
    bt_hci_evt_handler                       0x080039c9   Thumb Code   102  bt_hci.o(i.bt_hci_evt_handler)
    bt_hci_log                               0x08003a35   Thumb Code   244  bt_log.o(i.bt_hci_log)
    bt_hci_packet_process                    0x08003b59   Thumb Code    94  bt_hci.o(i.bt_hci_packet_process)
    bt_init                                  0x08003bbd   Thumb Code    40  bt_init.o(i.bt_init)
    bt_l2cap_rx_process                      0x08003bf5   Thumb Code    78  bt_l2cap.o(i.bt_l2cap_rx_process)
    bt_linknode_cmp_backward                 0x08003cab   Thumb Code    16  bt_linknode.o(i.bt_linknode_cmp_backward)
    bt_linknode_delete_node                  0x08003cbd   Thumb Code    56  bt_linknode.o(i.bt_linknode_delete_node)
    bt_linknode_insert_node                  0x08003d2d   Thumb Code    48  bt_linknode.o(i.bt_linknode_insert_node)
    bt_linknode_travel_node                  0x08003d95   Thumb Code    46  bt_linknode.o(i.bt_linknode_travel_node)
    bt_memcmp                                0x08003dc3   Thumb Code    28  bt_platform.o(i.bt_memcmp)
    bt_memcpy                                0x08003ddf   Thumb Code    20  bt_platform.o(i.bt_memcpy)
    bt_memory_allocate_packet                0x08003df5   Thumb Code   188  bt_memory.o(i.bt_memory_allocate_packet)
    bt_memory_free_packet                    0x08003f75   Thumb Code   122  bt_memory.o(i.bt_memory_free_packet)
    bt_memory_init                           0x0800402d   Thumb Code   104  bt_memory.o(i.bt_memory_init)
    bt_memset                                0x0800410d   Thumb Code    20  bt_platform.o(i.bt_memset)
    bt_os_layer_create_mutex                 0x08004121   Thumb Code    10  bt_os_layer_api.o(i.bt_os_layer_create_mutex)
    bt_os_layer_create_queue                 0x0800412b   Thumb Code    18  bt_os_layer_api.o(i.bt_os_layer_create_queue)
    bt_os_layer_create_semaphore             0x0800413d   Thumb Code    14  bt_os_layer_api.o(i.bt_os_layer_create_semaphore)
    bt_os_layer_disable_interrupt            0x0800414b   Thumb Code    20  bt_os_layer_api.o(i.bt_os_layer_disable_interrupt)
    bt_os_layer_enable_interrupt             0x0800415f   Thumb Code    22  bt_os_layer_api.o(i.bt_os_layer_enable_interrupt)
    bt_os_layer_free                         0x08004175   Thumb Code    24  bt_os_layer_api.o(i.bt_os_layer_free)
    bt_os_layer_get_system_tick              0x080041c9   Thumb Code     8  bt_os_layer_api.o(i.bt_os_layer_get_system_tick)
    bt_os_layer_give_mutex                   0x080041d1   Thumb Code    24  bt_os_layer_api.o(i.bt_os_layer_give_mutex)
    bt_os_layer_give_semaphore               0x080041e9   Thumb Code    30  bt_os_layer_api.o(i.bt_os_layer_give_semaphore)
    bt_os_layer_give_semaphore_from_isr      0x08004209   Thumb Code    38  bt_os_layer_api.o(i.bt_os_layer_give_semaphore_from_isr)
    bt_os_layer_init_timer                   0x08004235   Thumb Code    50  bt_os_layer_api.o(i.bt_os_layer_init_timer)
    bt_os_layer_is_isr_active                0x080042b9   Thumb Code    18  bt_os_layer_api.o(i.bt_os_layer_is_isr_active)
    bt_os_layer_is_timer_active              0x080042d1   Thumb Code    36  bt_os_layer_api.o(i.bt_os_layer_is_timer_active)
    bt_os_layer_malloc                       0x08004335   Thumb Code    12  bt_os_layer_api.o(i.bt_os_layer_malloc)
    bt_os_layer_queue_receive                0x08004341   Thumb Code    34  bt_os_layer_api.o(i.bt_os_layer_queue_receive)
    bt_os_layer_queue_send                   0x08004363   Thumb Code    34  bt_os_layer_api.o(i.bt_os_layer_queue_send)
    bt_os_layer_queue_send_from_isr          0x08004385   Thumb Code    44  bt_os_layer_api.o(i.bt_os_layer_queue_send_from_isr)
    bt_os_layer_register_timer_callback      0x080043b5   Thumb Code    22  bt_os_layer_api.o(i.bt_os_layer_register_timer_callback)
    bt_os_layer_start_timer                  0x0800440d   Thumb Code   100  bt_os_layer_api.o(i.bt_os_layer_start_timer)
    bt_os_layer_stop_timer                   0x080044b1   Thumb Code    38  bt_os_layer_api.o(i.bt_os_layer_stop_timer)
    bt_os_layer_take_mutex                   0x08004519   Thumb Code    28  bt_os_layer_api.o(i.bt_os_layer_take_mutex)
    bt_os_layer_take_semaphore               0x08004535   Thumb Code    32  bt_os_layer_api.o(i.bt_os_layer_take_semaphore)
    bt_os_layer_take_semaphore_from_isr      0x08004555   Thumb Code    40  bt_os_layer_api.o(i.bt_os_layer_take_semaphore_from_isr)
    bt_power_off                             0x08004599   Thumb Code    54  bt_gap_common.o(i.bt_power_off)
    bt_power_on                              0x080045dd   Thumb Code    54  bt_gap_common.o(i.bt_power_on)
    bt_task_event_handler                    0x0800461d   Thumb Code    78  bt_platform.o(i.bt_task_event_handler)
    bt_task_init                             0x08004679   Thumb Code   112  bt_platform.o(i.bt_task_init)
    bt_task_mutex_lock                       0x08004791   Thumb Code    28  bt_platform.o(i.bt_task_mutex_lock)
    bt_task_mutex_unlock                     0x080047e5   Thumb Code    28  bt_platform.o(i.bt_task_mutex_unlock)
    bt_task_rx_nofity                        0x08004839   Thumb Code    74  bt_platform.o(i.bt_task_rx_nofity)
    bt_task_take_semaphore                   0x080048c1   Thumb Code    32  bt_platform.o(i.bt_task_take_semaphore)
    bt_timer_cancel                          0x080048e5   Thumb Code    90  bt_timer.o(i.bt_timer_cancel)
    bt_timer_cancel_and_callback             0x0800494d   Thumb Code    76  bt_timer.o(i.bt_timer_cancel_and_callback)
    bt_timer_check_timeout_handler           0x0800499d   Thumb Code   178  bt_timer.o(i.bt_timer_check_timeout_handler)
    bt_timer_cmp_by_timer_duration           0x08004a55   Thumb Code    82  bt_timer.o(i.bt_timer_cmp_by_timer_duration)
    bt_timer_cmp_by_timerid                  0x08004add   Thumb Code    52  bt_timer.o(i.bt_timer_cmp_by_timerid)
    bt_timer_find                            0x08004b45   Thumb Code    26  bt_timer.o(i.bt_timer_find)
    bt_timer_get_current_tick                0x08004b69   Thumb Code     8  bt_platform.o(i.bt_timer_get_current_tick)
    bt_timer_start                           0x08004b71   Thumb Code   136  bt_timer.o(i.bt_timer_start)
    bt_timer_start_timer                     0x08004c35   Thumb Code    12  bt_platform.o(i.bt_timer_start_timer)
    bt_timer_stop_timer                      0x08004c41   Thumb Code     8  bt_platform.o(i.bt_timer_stop_timer)
    comClearRxFifo                           0x08004d49   Thumb Code    28  bsp_uart_fifo.o(i.comClearRxFifo)
    comGetBuf                                0x08004d65   Thumb Code   222  bsp_uart_fifo.o(i.comGetBuf)
    comGetRxFifoAvailableBufferLength        0x08004e43   Thumb Code    22  bsp_uart_fifo.o(i.comGetRxFifoAvailableBufferLength)
    comSendBuf                               0x08004e59   Thumb Code    46  bsp_uart_fifo.o(i.comSendBuf)
    comSendChar                              0x08004e87   Thumb Code    16  bsp_uart_fifo.o(i.comSendChar)
    cunit_init                               0x08004ef9   Thumb Code    66  cunit_interface.o(i.cunit_init)
    exit                                     0x08004f7d   Thumb Code     4  misc_1.o(i.exit)
    fputc                                    0x08004f81   Thumb Code    18  bsp_uart_fifo.o(i.fputc)
    free                                     0x08004f95   Thumb Code    76  malloc.o(i.free)
    main                                     0x08005037   Thumb Code    36  main.o(i.main)
    malloc                                   0x0800505d   Thumb Code    92  malloc.o(i.malloc)
    pvPortMalloc                             0x08005895   Thumb Code   254  heap_4.o(i.pvPortMalloc)
    pvTaskIncrementMutexHeldCount            0x080059a9   Thumb Code    26  tasks.o(i.pvTaskIncrementMutexHeldCount)
    pxPortInitialiseStack                    0x080059c9   Thumb Code    26  port.o(i.pxPortInitialiseStack)
    uxListRemove                             0x08005a11   Thumb Code    40  list.o(i.uxListRemove)
    vBT_Task                                 0x08005a39   Thumb Code    16  bt_task.o(i.vBT_Task)
    vListInitialise                          0x08005a49   Thumb Code    26  list.o(i.vListInitialise)
    vListInitialiseItem                      0x08005a63   Thumb Code     6  list.o(i.vListInitialiseItem)
    vListInsert                              0x08005a69   Thumb Code    52  list.o(i.vListInsert)
    vListInsertEnd                           0x08005a9d   Thumb Code    24  list.o(i.vListInsertEnd)
    vPortEnterCritical                       0x08005ab5   Thumb Code    58  port.o(i.vPortEnterCritical)
    vPortExitCritical                        0x08005af9   Thumb Code    40  port.o(i.vPortExitCritical)
    vPortFree                                0x08005b25   Thumb Code   112  heap_4.o(i.vPortFree)
    vPortSetupTimerInterrupt                 0x08005b9d   Thumb Code    14  port.o(i.vPortSetupTimerInterrupt)
    vPortValidateInterruptPriority           0x08005bb1   Thumb Code    78  port.o(i.vPortValidateInterruptPriority)
    vPortYield                               0x08005c0d   Thumb Code    18  port.o(i.vPortYield)
    vQueueWaitForMessageRestricted           0x08005c25   Thumb Code    66  queue.o(i.vQueueWaitForMessageRestricted)
    vTaskATCommand                           0x08005c69   Thumb Code   278  at_command.o(i.vTaskATCommand)
    vTaskDelay                               0x08005de9   Thumb Code    94  tasks.o(i.vTaskDelay)
    vTaskMissedYield                         0x08005e59   Thumb Code     8  tasks.o(i.vTaskMissedYield)
    vTaskPlaceOnEventList                    0x08005e65   Thumb Code    94  tasks.o(i.vTaskPlaceOnEventList)
    vTaskPlaceOnEventListRestricted          0x08005ed5   Thumb Code   100  tasks.o(i.vTaskPlaceOnEventListRestricted)
    vTaskPriorityInherit                     0x08005f49   Thumb Code   164  tasks.o(i.vTaskPriorityInherit)
    vTaskSetTimeOutState                     0x08005ff9   Thumb Code    28  tasks.o(i.vTaskSetTimeOutState)
    vTaskStartScheduler                      0x0800601d   Thumb Code    80  tasks.o(i.vTaskStartScheduler)
    vTaskSuspendAll                          0x08006085   Thumb Code    12  tasks.o(i.vTaskSuspendAll)
    vTaskSwitchContext                       0x08006095   Thumb Code   106  tasks.o(i.vTaskSwitchContext)
    xPortStartScheduler                      0x08006115   Thumb Code   140  port.o(i.xPortStartScheduler)
    xQueueCreateMutex                        0x080061b5   Thumb Code    72  queue.o(i.xQueueCreateMutex)
    xQueueGenericCreate                      0x080061fd   Thumb Code   102  queue.o(i.xQueueGenericCreate)
    xQueueGenericReceive                     0x08006263   Thumb Code   346  queue.o(i.xQueueGenericReceive)
    xQueueGenericReset                       0x080063bd   Thumb Code   120  queue.o(i.xQueueGenericReset)
    xQueueGenericSend                        0x08006435   Thumb Code   322  queue.o(i.xQueueGenericSend)
    xQueueGenericSendFromISR                 0x08006577   Thumb Code   172  queue.o(i.xQueueGenericSendFromISR)
    xQueueGiveFromISR                        0x08006623   Thumb Code   148  queue.o(i.xQueueGiveFromISR)
    xQueueGiveMutexRecursive                 0x080066b7   Thumb Code    58  queue.o(i.xQueueGiveMutexRecursive)
    xQueueReceiveFromISR                     0x080066f1   Thumb Code   136  queue.o(i.xQueueReceiveFromISR)
    xQueueTakeMutexRecursive                 0x08006779   Thumb Code    70  queue.o(i.xQueueTakeMutexRecursive)
    xTaskCheckForTimeOut                     0x080067c1   Thumb Code   108  tasks.o(i.xTaskCheckForTimeOut)
    xTaskGenericCreate                       0x08006835   Thumb Code   282  tasks.o(i.xTaskGenericCreate)
    xTaskGetCurrentTaskHandle                0x08006969   Thumb Code     6  tasks.o(i.xTaskGetCurrentTaskHandle)
    xTaskGetSchedulerState                   0x08006975   Thumb Code    24  tasks.o(i.xTaskGetSchedulerState)
    xTaskGetTickCount                        0x08006995   Thumb Code     6  tasks.o(i.xTaskGetTickCount)
    xTaskGetTickCountFromISR                 0x080069a1   Thumb Code    16  tasks.o(i.xTaskGetTickCountFromISR)
    xTaskIncrementTick                       0x080069b5   Thumb Code   272  tasks.o(i.xTaskIncrementTick)
    xTaskPriorityDisinherit                  0x08006af1   Thumb Code   160  tasks.o(i.xTaskPriorityDisinherit)
    xTaskRemoveFromEventList                 0x08006b9d   Thumb Code   114  tasks.o(i.xTaskRemoveFromEventList)
    xTaskResumeAll                           0x08006c29   Thumb Code   200  tasks.o(i.xTaskResumeAll)
    xTimerCreate                             0x08006d11   Thumb Code    80  timers.o(i.xTimerCreate)
    xTimerCreateTimerTask                    0x08006d61   Thumb Code    58  timers.o(i.xTimerCreateTimerTask)
    xTimerGenericCommand                     0x08006dad   Thumb Code   112  timers.o(i.xTimerGenericCommand)
    xTimerIsTimerActive                      0x08006e21   Thumb Code    42  timers.o(i.xTimerIsTimerActive)
    Region$$Table$$Base                      0x08007154   Number         0  anon$$obj.o(Region$$Table)
    Region$$Table$$Limit                     0x08007174   Number         0  anon$$obj.o(Region$$Table)
    pxCurrentTCB                             0x2000001c   Data           4  tasks.o(.data)
    p_bt_mm_cb                               0x2000008c   Data           4  bt_memory.o(.data)
    __stdout                                 0x200004e8   Data           4  stdout.o(.data)
    __microlib_freelist                      0x200004ec   Data           4  mvars.o(.data)
    __microlib_freelist_initialised          0x200004f0   Data           4  mvars.o(.data)
    blue_angel                               0x20008468   Data          30  bt_gap_common.o(.bss)
    __heap_base                              0x20008780   Data           0  startup_stm32f10x_hd.o(HEAP)
    __heap_limit                             0x20008f80   Data           0  startup_stm32f10x_hd.o(HEAP)
    __initial_sp                             0x20009780   Data           0  startup_stm32f10x_hd.o(STACK)



==============================================================================

Memory Map of the image

  Image Entry point : 0x08000131

  Load Region LR_IROM1 (Base: 0x08000000, Size: 0x00007668, Max: 0x00080000, ABSOLUTE, COMPRESSED[0x0000731c])

    Execution Region ER_IROM1 (Base: 0x08000000, Size: 0x00007174, Max: 0x00080000, ABSOLUTE)

    Base Addr    Size         Type   Attr      Idx    E Section Name        Object

    0x08000000   0x00000130   Data   RO          712    RESET               startup_stm32f10x_hd.o
    0x08000130   0x00000000   Code   RO         4202  * .ARM.Collect$$$$00000000  mc_w.l(entry.o)
    0x08000130   0x00000004   Code   RO         4552    .ARM.Collect$$$$00000001  mc_w.l(entry2.o)
    0x08000134   0x00000004   Code   RO         4555    .ARM.Collect$$$$00000004  mc_w.l(entry5.o)
    0x08000138   0x00000000   Code   RO         4557    .ARM.Collect$$$$00000008  mc_w.l(entry7b.o)
    0x08000138   0x00000000   Code   RO         4559    .ARM.Collect$$$$0000000A  mc_w.l(entry8b.o)
    0x08000138   0x00000008   Code   RO         4560    .ARM.Collect$$$$0000000B  mc_w.l(entry9a.o)
    0x08000140   0x00000000   Code   RO         4562    .ARM.Collect$$$$0000000D  mc_w.l(entry10a.o)
    0x08000140   0x00000000   Code   RO         4564    .ARM.Collect$$$$0000000F  mc_w.l(entry11a.o)
    0x08000140   0x00000004   Code   RO         4553    .ARM.Collect$$$$00002712  mc_w.l(entry2.o)
    0x08000144   0x000000a2   Code   RO         2234    .emb_text           port.o
    0x080001e6   0x00000002   PAD
    0x080001e8   0x00000024   Code   RO          713    .text               startup_stm32f10x_hd.o
    0x0800020c   0x0000000c   Code   RO         4237    .text               mc_w.l(toupper.o)
    0x08000218   0x00000024   Code   RO         4239    .text               mc_w.l(memcpya.o)
    0x0800023c   0x00000024   Code   RO         4241    .text               mc_w.l(memseta.o)
    0x08000260   0x0000000e   Code   RO         4243    .text               mc_w.l(strlen.o)
    0x0800026e   0x0000001a   Code   RO         4247    .text               mc_w.l(memcmp.o)
    0x08000288   0x00000012   Code   RO         4249    .text               mc_w.l(strcpy.o)
    0x0800029a   0x0000001e   Code   RO         4251    .text               mc_w.l(strncmp.o)
    0x080002b8   0x0000014e   Code   RO         4544    .text               mf_w.l(dadd.o)
    0x08000406   0x000000de   Code   RO         4546    .text               mf_w.l(ddiv.o)
    0x080004e4   0x0000002c   Code   RO         4566    .text               mc_w.l(uidiv.o)
    0x08000510   0x00000062   Code   RO         4568    .text               mc_w.l(uldiv.o)
    0x08000572   0x0000001e   Code   RO         4570    .text               mc_w.l(llshl.o)
    0x08000590   0x00000024   Code   RO         4572    .text               mc_w.l(llsshr.o)
    0x080005b4   0x00000000   Code   RO         4576    .text               mc_w.l(iusefp.o)
    0x080005b4   0x000000ba   Code   RO         4577    .text               mf_w.l(depilogue.o)
    0x0800066e   0x000000e4   Code   RO         4579    .text               mf_w.l(dmul.o)
    0x08000752   0x00000030   Code   RO         4581    .text               mf_w.l(dfixul.o)
    0x08000782   0x00000002   PAD
    0x08000784   0x00000030   Code   RO         4583    .text               mf_w.l(cdrcmple.o)
    0x080007b4   0x00000024   Code   RO         4585    .text               mc_w.l(init.o)
    0x080007d8   0x00000020   Code   RO         4587    .text               mc_w.l(llushr.o)
    0x080007f8   0x00000056   Code   RO         4597    .text               mc_w.l(__dczerorl2.o)
    0x0800084e   0x00000002   PAD
    0x08000850   0x00000068   Code   RO            3    i.AppTaskCreate     main.o
    0x080008b8   0x00000004   Code   RO          719    i.BusFault_Handler  stm32f10x_it.o
    0x080008bc   0x0000001a   Code   RO         3384    i.CU_add_suite      testdb.o
    0x080008d6   0x00000002   PAD
    0x080008d8   0x00000070   Code   RO         3385    i.CU_add_suite_with_setup_and_teardown  testdb.o
    0x08000948   0x0000000c   Code   RO         3227    i.CU_basic_set_mode  basic.o
    0x08000954   0x00000018   Code   RO         3387    i.CU_cleanup_registry  testdb.o
    0x0800096c   0x00000014   Code   RO         3631    i.CU_clear_previous_results  testrun.o
    0x08000980   0x0000002e   Code   RO         3906    i.CU_compare_strings  util.o
    0x080009ae   0x00000018   Code   RO         3388    i.CU_create_new_registry  testdb.o
    0x080009c6   0x0000001a   Code   RO         3389    i.CU_destroy_existing_registry  testdb.o
    0x080009e0   0x00000038   Code   RO         3403    i.CU_initialize_registry  testdb.o
    0x08000a18   0x00000054   Code   RO         3331    i.CU_set_error      cuerror.o
    0x08000a6c   0x0000000c   Code   RO         3332    i.CU_set_error_action  cuerror.o
    0x08000a78   0x00000038   Code   RO          528    i.ComToUart         bsp_uart_fifo.o
    0x08000ab0   0x0000005e   Code   RO          529    i.ConfigUartNVIC    bsp_uart_fifo.o
    0x08000b0e   0x00000002   Code   RO          720    i.DebugMon_Handler  stm32f10x_it.o
    0x08000b10   0x000001d8   Code   RO          846    i.GPIO_Init         stm32f10x_gpio.o
    0x08000ce8   0x00000114   Code   RO          857    i.GPIO_WriteBit     stm32f10x_gpio.o
    0x08000dfc   0x00000058   Code   RO          721    i.HardFault_Handler  stm32f10x_it.o
    0x08000e54   0x000001b8   Code   RO          530    i.InitHardUart      bsp_uart_fifo.o
    0x0800100c   0x00000034   Code   RO          355    i.IsKeyDown1        bsp_key.o
    0x08001040   0x00000034   Code   RO          356    i.IsKeyDown10       bsp_key.o
    0x08001074   0x00000034   Code   RO          357    i.IsKeyDown2        bsp_key.o
    0x080010a8   0x00000034   Code   RO          358    i.IsKeyDown3        bsp_key.o
    0x080010dc   0x00000018   Code   RO          359    i.IsKeyDown4        bsp_key.o
    0x080010f4   0x00000018   Code   RO          360    i.IsKeyDown5        bsp_key.o
    0x0800110c   0x00000018   Code   RO          361    i.IsKeyDown6        bsp_key.o
    0x08001124   0x00000018   Code   RO          362    i.IsKeyDown7        bsp_key.o
    0x0800113c   0x00000018   Code   RO          363    i.IsKeyDown8        bsp_key.o
    0x08001154   0x00000034   Code   RO          364    i.IsKeyDown9        bsp_key.o
    0x08001188   0x00000004   Code   RO          722    i.MemManage_Handler  stm32f10x_it.o
    0x0800118c   0x00000002   Code   RO          723    i.NMI_Handler       stm32f10x_it.o
    0x0800118e   0x00000002   PAD
    0x08001190   0x000000e4   Code   RO          796    i.NVIC_Init         misc.o
    0x08001274   0x00000078   Code   RO          797    i.NVIC_PriorityGroupConfig  misc.o
    0x080012ec   0x00000090   Code   RO          964    i.RCC_APB1PeriphClockCmd  stm32f10x_rcc.o
    0x0800137c   0x00000090   Code   RO          966    i.RCC_APB2PeriphClockCmd  stm32f10x_rcc.o
    0x0800140c   0x000000d4   Code   RO          974    i.RCC_GetClocksFreq  stm32f10x_rcc.o
    0x080014e0   0x00000008   Code   RO         1542    i.SetSysClock       system_stm32f10x.o
    0x080014e8   0x000000e0   Code   RO         1543    i.SetSysClockTo72   system_stm32f10x.o
    0x080015c8   0x00000020   Code   RO         2235    i.SysTick_Handler   port.o
    0x080015e8   0x00000060   Code   RO         1545    i.SystemInit        system_stm32f10x.o
    0x08001648   0x00000010   Code   RO          537    i.USART1_IRQHandler  bsp_uart_fifo.o
    0x08001658   0x00000010   Code   RO          538    i.USART2_IRQHandler  bsp_uart_fifo.o
    0x08001668   0x00000010   Code   RO          539    i.USART3_IRQHandler  bsp_uart_fifo.o
    0x08001678   0x0000008c   Code   RO         1170    i.USART_ClearFlag   stm32f10x_usart.o
    0x08001704   0x00000074   Code   RO         1174    i.USART_Cmd         stm32f10x_usart.o
    0x08001778   0x00000124   Code   RO         1178    i.USART_GetITStatus  stm32f10x_usart.o
    0x0800189c   0x00000110   Code   RO         1180    i.USART_ITConfig    stm32f10x_usart.o
    0x080019ac   0x000001e0   Code   RO         1181    i.USART_Init        stm32f10x_usart.o
    0x08001b8c   0x00000050   Code   RO         1188    i.USART_ReceiveData  stm32f10x_usart.o
    0x08001bdc   0x00000064   Code   RO         1191    i.USART_SendData    stm32f10x_usart.o
    0x08001c40   0x000000e6   Code   RO          541    i.UartIRQ           bsp_uart_fifo.o
    0x08001d26   0x0000006a   Code   RO          542    i.UartSend          bsp_uart_fifo.o
    0x08001d90   0x000000bc   Code   RO          543    i.UartVarInit       bsp_uart_fifo.o
    0x08001e4c   0x00000004   Code   RO          724    i.UsageFault_Handler  stm32f10x_it.o
    0x08001e50   0x00000020   Code   RO         4488    i.__0printf         mc_w.l(printfa.o)
    0x08001e70   0x0000000e   Code   RO         4591    i.__scatterload_copy  mc_w.l(handlers.o)
    0x08001e7e   0x00000002   Code   RO         4592    i.__scatterload_null  mc_w.l(handlers.o)
    0x08001e80   0x0000000e   Code   RO         4593    i.__scatterload_zeroinit  mc_w.l(handlers.o)
    0x08001e8e   0x00000002   PAD
    0x08001e90   0x00000184   Code   RO         4495    i._fp_digits        mc_w.l(printfa.o)
    0x08002014   0x000006dc   Code   RO         4496    i._printf_core      mc_w.l(printfa.o)
    0x080026f0   0x00000024   Code   RO         4497    i._printf_post_padding  mc_w.l(printfa.o)
    0x08002714   0x0000002e   Code   RO         4498    i._printf_pre_padding  mc_w.l(printfa.o)
    0x08002742   0x00000002   PAD
    0x08002744   0x00000044   Code   RO          772    i.assert_failed     stm32f10x_assert.o
    0x08002788   0x000000c0   Code   RO         4184    i.at_command_bt_system_it_handler  at_command_bt.o
    0x08002848   0x00000090   Code   RO         4097    i.at_command_init   at_command.o
    0x080028d8   0x00000088   Code   RO         4098    i.at_command_parsing  at_command.o
    0x08002960   0x00000028   Code   RO         4100    i.at_command_send_response  at_command.o
    0x08002988   0x000000a8   Code   RO         4101    i.at_command_timeout_callback  at_command.o
    0x08002a30   0x00000060   Code   RO         4102    i.at_command_timer_start  at_command.o
    0x08002a90   0x0000003c   Code   RO         4103    i.at_command_timer_stop  at_command.o
    0x08002acc   0x000000b0   Code   RO         4104    i.at_command_uart_rx_isr_handler  at_command.o
    0x08002b7c   0x00000018   Code   RO          301    i.bsp_Init          bsp.o
    0x08002b94   0x0000000c   Code   RO          370    i.bsp_InitKey       bsp_key.o
    0x08002ba0   0x000000a4   Code   RO          371    i.bsp_InitKeyHard   bsp_key.o
    0x08002c44   0x000000d4   Code   RO          372    i.bsp_InitKeyVar    bsp_key.o
    0x08002d18   0x00000070   Code   RO          484    i.bsp_InitLed       bsp_led.o
    0x08002d88   0x00000010   Code   RO          544    i.bsp_InitUart      bsp_uart_fifo.o
    0x08002d98   0x0000003c   Code   RO          486    i.bsp_LedOff        bsp_led.o
    0x08002dd4   0x00000014   Code   RO          302    i.bsp_disable_interrupt  bsp.o
    0x08002de8   0x00000016   Code   RO          303    i.bsp_enable_interrupt  bsp.o
    0x08002dfe   0x00000002   PAD
    0x08002e00   0x00000070   Code   RO         4061    i.bt_app_event_callback  bt_callback_manager.o
    0x08002e70   0x00000048   Code   RO          245    i.bt_build_eir_data  bt_init.o
    0x08002eb8   0x00000044   Code   RO         2811    i.bt_driver_hardware_reset_controller  bt_driver.o
    0x08002efc   0x00000040   Code   RO         2812    i.bt_driver_init    bt_driver.o
    0x08002f3c   0x0000012c   Code   RO         2813    i.bt_driver_recieve_data_from_controller  bt_driver.o
    0x08003068   0x00000084   Code   RO         2814    i.bt_driver_rx      bt_driver.o
    0x080030ec   0x00000012   Code   RO         2815    i.bt_driver_send_data_to_controller  bt_driver.o
    0x080030fe   0x00000002   PAD
    0x08003100   0x000000a4   Code   RO         2383    i.bt_fixed_memory_allocate  bt_memory.o
    0x080031a4   0x00000110   Code   RO         2384    i.bt_fixed_memory_free  bt_memory.o
    0x080032b4   0x000000dc   Code   RO         2385    i.bt_fixed_memory_init  bt_memory.o
    0x08003390   0x0000007c   Code   RO         3132    i.bt_gap_connection_cmp_by_address  bt_gap_connection.o
    0x0800340c   0x00000100   Code   RO         3133    i.bt_gap_connection_handler  bt_gap_connection.o
    0x0800350c   0x00000050   Code   RO         3073    i.bt_gap_evt_handler  bt_gap_common.o
    0x0800355c   0x00000024   Code   RO         3134    i.bt_gap_find_connection_by_address  bt_gap_connection.o
    0x08003580   0x00000078   Code   RO         3074    i.bt_gap_init_cmd_pop  bt_gap_common.o
    0x080035f8   0x00000054   Code   RO         3040    i.bt_gap_inquiry    bt_gap_classic.o
    0x0800364c   0x0000007c   Code   RO         3075    i.bt_gap_power_off_process  bt_gap_common.o
    0x080036c8   0x0000017c   Code   RO         3076    i.bt_gap_power_on_process  bt_gap_common.o
    0x08003844   0x0000000c   Code   RO         2989    i.bt_hci_acl_handler  bt_hci.o
    0x08003850   0x00000178   Code   RO         2990    i.bt_hci_cmd_send   bt_hci.o
    0x080039c8   0x0000006c   Code   RO         2991    i.bt_hci_evt_handler  bt_hci.o
    0x08003a34   0x00000124   Code   RO         2865    i.bt_hci_log        bt_log.o
    0x08003b58   0x00000064   Code   RO         2993    i.bt_hci_packet_process  bt_hci.o
    0x08003bbc   0x00000034   Code   RO          246    i.bt_init           bt_init.o
    0x08003bf0   0x00000004   Code   RO         3178    i.bt_l2cap_dynamic_channel_handler  bt_l2cap.o
    0x08003bf4   0x00000088   Code   RO         3179    i.bt_l2cap_rx_process  bt_l2cap.o
    0x08003c7c   0x0000002e   Code   RO         3180    i.bt_l2cap_sig_channel_handler  bt_l2cap.o
    0x08003caa   0x00000010   Code   RO         2454    i.bt_linknode_cmp_backward  bt_linknode.o
    0x08003cba   0x00000002   PAD
    0x08003cbc   0x00000070   Code   RO         2455    i.bt_linknode_delete_node  bt_linknode.o
    0x08003d2c   0x00000068   Code   RO         2456    i.bt_linknode_insert_node  bt_linknode.o
    0x08003d94   0x0000002e   Code   RO         2457    i.bt_linknode_travel_node  bt_linknode.o
    0x08003dc2   0x0000001c   Code   RO         2885    i.bt_memcmp         bt_platform.o
    0x08003dde   0x00000014   Code   RO         2886    i.bt_memcpy         bt_platform.o
    0x08003df2   0x00000002   PAD
    0x08003df4   0x000000f8   Code   RO         2386    i.bt_memory_allocate_packet  bt_memory.o
    0x08003eec   0x00000088   Code   RO         2387    i.bt_memory_check_and_merge  bt_memory.o
    0x08003f74   0x000000b8   Code   RO         2388    i.bt_memory_free_packet  bt_memory.o
    0x0800402c   0x000000a8   Code   RO         2389    i.bt_memory_init    bt_memory.o
    0x080040d4   0x00000038   Code   RO         2390    i.bt_memory_is_allocatable_packet  bt_memory.o
    0x0800410c   0x00000014   Code   RO         2887    i.bt_memset         bt_platform.o
    0x08004120   0x0000000a   Code   RO         2556    i.bt_os_layer_create_mutex  bt_os_layer_api.o
    0x0800412a   0x00000012   Code   RO         2557    i.bt_os_layer_create_queue  bt_os_layer_api.o
    0x0800413c   0x0000000e   Code   RO         2558    i.bt_os_layer_create_semaphore  bt_os_layer_api.o
    0x0800414a   0x00000014   Code   RO         2563    i.bt_os_layer_disable_interrupt  bt_os_layer_api.o
    0x0800415e   0x00000016   Code   RO         2564    i.bt_os_layer_enable_interrupt  bt_os_layer_api.o
    0x08004174   0x00000054   Code   RO         2565    i.bt_os_layer_free  bt_os_layer_api.o
    0x080041c8   0x00000008   Code   RO         2566    i.bt_os_layer_get_system_tick  bt_os_layer_api.o
    0x080041d0   0x00000018   Code   RO         2567    i.bt_os_layer_give_mutex  bt_os_layer_api.o
    0x080041e8   0x0000001e   Code   RO         2568    i.bt_os_layer_give_semaphore  bt_os_layer_api.o
    0x08004206   0x00000002   PAD
    0x08004208   0x0000002c   Code   RO         2569    i.bt_os_layer_give_semaphore_from_isr  bt_os_layer_api.o
    0x08004234   0x00000084   Code   RO         2570    i.bt_os_layer_init_timer  bt_os_layer_api.o
    0x080042b8   0x00000018   Code   RO         2571    i.bt_os_layer_is_isr_active  bt_os_layer_api.o
    0x080042d0   0x00000064   Code   RO         2573    i.bt_os_layer_is_timer_active  bt_os_layer_api.o
    0x08004334   0x0000000c   Code   RO         2574    i.bt_os_layer_malloc  bt_os_layer_api.o
    0x08004340   0x00000022   Code   RO         2575    i.bt_os_layer_queue_receive  bt_os_layer_api.o
    0x08004362   0x00000022   Code   RO         2577    i.bt_os_layer_queue_send  bt_os_layer_api.o
    0x08004384   0x00000030   Code   RO         2578    i.bt_os_layer_queue_send_from_isr  bt_os_layer_api.o
    0x080043b4   0x00000058   Code   RO         2579    i.bt_os_layer_register_timer_callback  bt_os_layer_api.o
    0x0800440c   0x000000a4   Code   RO         2580    i.bt_os_layer_start_timer  bt_os_layer_api.o
    0x080044b0   0x00000068   Code   RO         2581    i.bt_os_layer_stop_timer  bt_os_layer_api.o
    0x08004518   0x0000001c   Code   RO         2582    i.bt_os_layer_take_mutex  bt_os_layer_api.o
    0x08004534   0x00000020   Code   RO         2583    i.bt_os_layer_take_semaphore  bt_os_layer_api.o
    0x08004554   0x0000002c   Code   RO         2584    i.bt_os_layer_take_semaphore_from_isr  bt_os_layer_api.o
    0x08004580   0x00000018   Code   RO         2585    i.bt_os_layer_timer_timeout_callback  bt_os_layer_api.o
    0x08004598   0x00000044   Code   RO         3077    i.bt_power_off      bt_gap_common.o
    0x080045dc   0x00000040   Code   RO         3078    i.bt_power_on       bt_gap_common.o
    0x0800461c   0x0000005c   Code   RO         2889    i.bt_task_event_handler  bt_platform.o
    0x08004678   0x000000b4   Code   RO         2890    i.bt_task_init      bt_platform.o
    0x0800472c   0x00000064   Code   RO         2891    i.bt_task_interrupt_trigger  bt_platform.o
    0x08004790   0x00000054   Code   RO         2892    i.bt_task_mutex_lock  bt_platform.o
    0x080047e4   0x00000054   Code   RO         2893    i.bt_task_mutex_unlock  bt_platform.o
    0x08004838   0x00000088   Code   RO         2894    i.bt_task_rx_nofity  bt_platform.o
    0x080048c0   0x00000024   Code   RO         2895    i.bt_task_take_semaphore  bt_platform.o
    0x080048e4   0x00000068   Code   RO         2492    i.bt_timer_cancel   bt_timer.o
    0x0800494c   0x00000050   Code   RO         2493    i.bt_timer_cancel_and_callback  bt_timer.o
    0x0800499c   0x000000b8   Code   RO         2494    i.bt_timer_check_timeout_handler  bt_timer.o
    0x08004a54   0x00000088   Code   RO         2495    i.bt_timer_cmp_by_timer_duration  bt_timer.o
    0x08004adc   0x00000068   Code   RO         2496    i.bt_timer_cmp_by_timerid  bt_timer.o
    0x08004b44   0x00000024   Code   RO         2497    i.bt_timer_find     bt_timer.o
    0x08004b68   0x00000008   Code   RO         2896    i.bt_timer_get_current_tick  bt_platform.o
    0x08004b70   0x000000c4   Code   RO         2498    i.bt_timer_start    bt_timer.o
    0x08004c34   0x0000000c   Code   RO         2897    i.bt_timer_start_timer  bt_platform.o
    0x08004c40   0x00000008   Code   RO         2898    i.bt_timer_stop_timer  bt_platform.o
    0x08004c48   0x00000020   Code   RO         2899    i.bt_timer_timeout_callback  bt_platform.o
    0x08004c68   0x00000034   Code   RO         3670    i.cleanup_failure_list  testrun.o
    0x08004c9c   0x00000034   Code   RO         3415    i.cleanup_suite     testdb.o
    0x08004cd0   0x00000014   Code   RO         3416    i.cleanup_test      testdb.o
    0x08004ce4   0x0000002a   Code   RO         3417    i.cleanup_test_registry  testdb.o
    0x08004d0e   0x00000002   PAD
    0x08004d10   0x00000038   Code   RO         3671    i.clear_previous_results  testrun.o
    0x08004d48   0x0000001c   Code   RO          548    i.comClearRxFifo    bsp_uart_fifo.o
    0x08004d64   0x000000de   Code   RO          550    i.comGetBuf         bsp_uart_fifo.o
    0x08004e42   0x00000016   Code   RO          552    i.comGetRxFifoAvailableBufferLength  bsp_uart_fifo.o
    0x08004e58   0x0000002e   Code   RO          553    i.comSendBuf        bsp_uart_fifo.o
    0x08004e86   0x00000010   Code   RO          554    i.comSendChar       bsp_uart_fifo.o
    0x08004e96   0x00000062   Code   RO         3418    i.create_suite      testdb.o
    0x08004ef8   0x00000084   Code   RO         4018    i.cunit_init        cunit_interface.o
    0x08004f7c   0x00000004   Code   RO         3965    i.exit              misc_1.o
    0x08004f80   0x00000012   Code   RO          556    i.fputc             bsp_uart_fifo.o
    0x08004f92   0x00000002   PAD
    0x08004f94   0x00000050   Code   RO         4516    i.free              mc_w.l(malloc.o)
    0x08004fe4   0x00000028   Code   RO         3333    i.get_error_desc    cuerror.o
    0x0800500c   0x0000002a   Code   RO         3420    i.insert_suite      testdb.o
    0x08005036   0x00000024   Code   RO            4    i.main              main.o
    0x0800505a   0x00000002   PAD
    0x0800505c   0x0000006c   Code   RO         4517    i.malloc            mc_w.l(malloc.o)
    0x080050c8   0x00000054   Code   RO         1846    i.prvAddCurrentTaskToDelayedList  tasks.o
    0x0800511c   0x00000036   Code   RO         1847    i.prvAllocateTCBAndStack  tasks.o
    0x08005152   0x00000002   PAD
    0x08005154   0x0000005c   Code   RO         2139    i.prvCheckForValidListAndQueue  timers.o
    0x080051b0   0x00000064   Code   RO         1848    i.prvCheckTasksWaitingTermination  tasks.o
    0x08005214   0x0000002a   Code   RO         1704    i.prvCopyDataFromQueue  queue.o
    0x0800523e   0x00000080   Code   RO         1705    i.prvCopyDataToQueue  queue.o
    0x080052be   0x00000012   Code   RO         1849    i.prvDeleteTCB      tasks.o
    0x080052d0   0x00000028   Code   RO         2140    i.prvGetNextExpireTime  timers.o
    0x080052f8   0x0000007c   Code   RO         2305    i.prvHeapInit       heap_4.o
    0x08005374   0x00000018   Code   RO         1850    i.prvIdleTask       tasks.o
    0x0800538c   0x00000062   Code   RO         1851    i.prvInitialiseTCBVariables  tasks.o
    0x080053ee   0x00000002   PAD
    0x080053f0   0x00000068   Code   RO         1852    i.prvInitialiseTaskLists  tasks.o
    0x08005458   0x00000068   Code   RO         2306    i.prvInsertBlockIntoFreeList  heap_4.o
    0x080054c0   0x00000058   Code   RO         2141    i.prvInsertTimerInActiveList  timers.o
    0x08005518   0x0000001a   Code   RO         1706    i.prvIsQueueEmpty   queue.o
    0x08005532   0x0000001e   Code   RO         1707    i.prvIsQueueFull    queue.o
    0x08005550   0x00000058   Code   RO         2142    i.prvProcessExpiredTimer  timers.o
    0x080055a8   0x000000dc   Code   RO         2143    i.prvProcessReceivedCommands  timers.o
    0x08005684   0x00000064   Code   RO         2144    i.prvProcessTimerOrBlockTask  timers.o
    0x080056e8   0x00000034   Code   RO         1853    i.prvResetNextTaskUnblockTime  tasks.o
    0x0800571c   0x0000002c   Code   RO         2145    i.prvSampleTimeNow  timers.o
    0x08005748   0x00000090   Code   RO         2146    i.prvSwitchTimerLists  timers.o
    0x080057d8   0x00000024   Code   RO         2236    i.prvTaskExitError  port.o
    0x080057fc   0x0000001a   Code   RO         2147    i.prvTimerTask      timers.o
    0x08005816   0x0000007e   Code   RO         1708    i.prvUnlockQueue    queue.o
    0x08005894   0x00000114   Code   RO         2307    i.pvPortMalloc      heap_4.o
    0x080059a8   0x00000020   Code   RO         1855    i.pvTaskIncrementMutexHeldCount  tasks.o
    0x080059c8   0x00000020   Code   RO         2237    i.pxPortInitialiseStack  port.o
    0x080059e8   0x00000028   Code   RO         3422    i.suite_exists      testdb.o
    0x08005a10   0x00000028   Code   RO         1668    i.uxListRemove      list.o
    0x08005a38   0x00000010   Code   RO         2754    i.vBT_Task          bt_task.o
    0x08005a48   0x0000001a   Code   RO         1669    i.vListInitialise   list.o
    0x08005a62   0x00000006   Code   RO         1670    i.vListInitialiseItem  list.o
    0x08005a68   0x00000034   Code   RO         1671    i.vListInsert       list.o
    0x08005a9c   0x00000018   Code   RO         1672    i.vListInsertEnd    list.o
    0x08005ab4   0x00000044   Code   RO         2239    i.vPortEnterCritical  port.o
    0x08005af8   0x0000002c   Code   RO         2240    i.vPortExitCritical  port.o
    0x08005b24   0x00000078   Code   RO         2308    i.vPortFree         heap_4.o
    0x08005b9c   0x00000014   Code   RO         2241    i.vPortSetupTimerInterrupt  port.o
    0x08005bb0   0x0000005c   Code   RO         2242    i.vPortValidateInterruptPriority  port.o
    0x08005c0c   0x00000018   Code   RO         2243    i.vPortYield        port.o
    0x08005c24   0x00000042   Code   RO         1713    i.vQueueWaitForMessageRestricted  queue.o
    0x08005c66   0x00000002   PAD
    0x08005c68   0x00000180   Code   RO         4105    i.vTaskATCommand    at_command.o
    0x08005de8   0x00000070   Code   RO         1861    i.vTaskDelay        tasks.o
    0x08005e58   0x0000000c   Code   RO         1865    i.vTaskMissedYield  tasks.o
    0x08005e64   0x00000070   Code   RO         1867    i.vTaskPlaceOnEventList  tasks.o
    0x08005ed4   0x00000074   Code   RO         1868    i.vTaskPlaceOnEventListRestricted  tasks.o
    0x08005f48   0x000000b0   Code   RO         1870    i.vTaskPriorityInherit  tasks.o
    0x08005ff8   0x00000024   Code   RO         1873    i.vTaskSetTimeOutState  tasks.o
    0x0800601c   0x00000068   Code   RO         1874    i.vTaskStartScheduler  tasks.o
    0x08006084   0x00000010   Code   RO         1876    i.vTaskSuspendAll   tasks.o
    0x08006094   0x00000080   Code   RO         1877    i.vTaskSwitchContext  tasks.o
    0x08006114   0x000000a0   Code   RO         2244    i.xPortStartScheduler  port.o
    0x080061b4   0x00000048   Code   RO         1714    i.xQueueCreateMutex  queue.o
    0x080061fc   0x00000066   Code   RO         1715    i.xQueueGenericCreate  queue.o
    0x08006262   0x0000015a   Code   RO         1716    i.xQueueGenericReceive  queue.o
    0x080063bc   0x00000078   Code   RO         1717    i.xQueueGenericReset  queue.o
    0x08006434   0x00000142   Code   RO         1718    i.xQueueGenericSend  queue.o
    0x08006576   0x000000ac   Code   RO         1719    i.xQueueGenericSendFromISR  queue.o
    0x08006622   0x00000094   Code   RO         1720    i.xQueueGiveFromISR  queue.o
    0x080066b6   0x0000003a   Code   RO         1721    i.xQueueGiveMutexRecursive  queue.o
    0x080066f0   0x00000088   Code   RO         1725    i.xQueueReceiveFromISR  queue.o
    0x08006778   0x00000046   Code   RO         1726    i.xQueueTakeMutexRecursive  queue.o
    0x080067be   0x00000002   PAD
    0x080067c0   0x00000074   Code   RO         1878    i.xTaskCheckForTimeOut  tasks.o
    0x08006834   0x00000134   Code   RO         1879    i.xTaskGenericCreate  tasks.o
    0x08006968   0x0000000c   Code   RO         1882    i.xTaskGetCurrentTaskHandle  tasks.o
    0x08006974   0x00000020   Code   RO         1883    i.xTaskGetSchedulerState  tasks.o
    0x08006994   0x0000000c   Code   RO         1884    i.xTaskGetTickCount  tasks.o
    0x080069a0   0x00000014   Code   RO         1885    i.xTaskGetTickCountFromISR  tasks.o
    0x080069b4   0x0000013c   Code   RO         1886    i.xTaskIncrementTick  tasks.o
    0x08006af0   0x000000ac   Code   RO         1889    i.xTaskPriorityDisinherit  tasks.o
    0x08006b9c   0x0000008c   Code   RO         1890    i.xTaskRemoveFromEventList  tasks.o
    0x08006c28   0x000000e8   Code   RO         1892    i.xTaskResumeAll    tasks.o
    0x08006d10   0x00000050   Code   RO         2150    i.xTimerCreate      timers.o
    0x08006d60   0x0000004c   Code   RO         2151    i.xTimerCreateTimerTask  timers.o
    0x08006dac   0x00000074   Code   RO         2152    i.xTimerGenericCommand  timers.o
    0x08006e20   0x0000002a   Code   RO         2153    i.xTimerIsTimerActive  timers.o
    0x08006e4a   0x00000002   Data   RO         2392    .constdata          bt_memory.o
    0x08006e4c   0x00000018   Data   RO         3043    .constdata          bt_gap_classic.o
    0x08006e64   0x00000008   Data   RO         3080    .constdata          bt_gap_common.o
    0x08006e6c   0x00000041   Data   RO         1199    .conststring        stm32f10x_usart.o
    0x08006ead   0x00000003   PAD
    0x08006eb0   0x00000054   Data   RO         3081    .conststring        bt_gap_common.o
    0x08006f04   0x00000241   Data   RO         3334    .conststring        cuerror.o
    0x08007145   0x00000003   PAD
    0x08007148   0x0000000b   Data   RO         4107    .conststring        at_command.o
    0x08007153   0x00000001   PAD
    0x08007154   0x00000020   Data   RO         4589    Region$$Table       anon$$obj.o


    Execution Region RW_IRAM1 (Base: 0x20000000, Size: 0x00009780, Max: 0x00010000, ABSOLUTE, COMPRESSED[0x000001a8])

    Base Addr    Size         Type   Attr      Idx    E Section Name        Object

    0x20000000   0x00000008   Data   RW            5    .data               main.o
    0x20000008   0x00000014   Data   RW          994    .data               stm32f10x_rcc.o
    0x2000001c   0x00000038   Data   RW         1895    .data               tasks.o
    0x20000054   0x00000010   Data   RW         2155    .data               timers.o
    0x20000064   0x0000000c   Data   RW         2245    .data               port.o
    0x20000070   0x00000018   Data   RW         2313    .data               heap_4.o
    0x20000088   0x00000008   Data   RW         2393    .data               bt_memory.o
    0x20000090   0x00000004   Data   RW         2500    .data               bt_timer.o
    0x20000094   0x00000008   Data   RW         2586    .data               bt_os_layer_api.o
    0x2000009c   0x00000012   Data   RW         2816    .data               bt_driver.o
    0x200000ae   0x00000002   PAD
    0x200000b0   0x00000010   Data   RW         2900    .data               bt_platform.o
    0x200000c0   0x00000270   Data   RW         3082    .data               bt_gap_common.o
    0x20000330   0x00000005   Data   RW         3238    .data               basic.o
    0x20000335   0x00000003   PAD
    0x20000338   0x000000b8   Data   RW         3335    .data               cuerror.o
    0x200003f0   0x00000004   Data   RW         3424    .data               testdb.o
    0x200003f4   0x00000038   Data   RW         3676    .data               testrun.o
    0x2000042c   0x00000004   Data   RW         4020    .data               cunit_interface.o
    0x20000430   0x000000b8   Data   RW         4108    .data               at_command.o
    0x200004e8   0x00000004   Data   RW         4207    .data               mc_w.l(stdout.o)
    0x200004ec   0x00000004   Data   RW         4574    .data               mc_w.l(mvars.o)
    0x200004f0   0x00000004   Data   RW         4575    .data               mc_w.l(mvars.o)
    0x200004f4   0x00002118   Zero   RW          247    .bss                bt_init.o
    0x2000260c   0x000000ad   Zero   RW          376    .bss                bsp_key.o
    0x200026b9   0x00000003   PAD
    0x200026bc   0x00001878   Zero   RW          557    .bss                bsp_uart_fifo.o
    0x20003f34   0x000000dc   Zero   RW         1894    .bss                tasks.o
    0x20004010   0x00000028   Zero   RW         2154    .bss                timers.o
    0x20004038   0x00004400   Zero   RW         2312    .bss                heap_4.o
    0x20008438   0x00000030   Zero   RW         2391    .bss                bt_memory.o
    0x20008468   0x0000010f   Zero   RW         3079    .bss                bt_gap_common.o
    0x20008577   0x00000001   PAD
    0x20008578   0x00000060   Zero   RW         3674    .bss                testrun.o
    0x200085d8   0x00000174   Zero   RW         4064    .bss                bt_callback_manager.o
    0x2000874c   0x00000032   Zero   RW         4106    .bss                at_command.o
    0x2000877e   0x00000002   PAD
    0x20008780   0x00000800   Zero   RW          711    HEAP                startup_stm32f10x_hd.o
    0x20008f80   0x00000800   Zero   RW          710    STACK               startup_stm32f10x_hd.o


==============================================================================

Image component sizes


      Code (inc. data)   RO Data    RW Data    ZI Data      Debug   Object Name

      1204        308         11        184         50       6675   at_command.o
       192         66          0          0          0        822   at_command_bt.o
        12          6          0          5          0       1356   basic.o
        66          0          0          0          0       2754   bsp.o
       768        166          0          0        173       7766   bsp_key.o
       172         10          0          0          0       1135   bsp_led.o
      1530        106          0          0       6264      11271   bsp_uart_fifo.o
       112          6          0          0        372       1676   bt_callback_manager.o
         0          0          0          0          0        580   bt_common.o
       582        118          0         18          0       4563   bt_driver.o
        84          4         24          0          0        861   bt_gap_classic.o
       836        260         92        624        271      10091   bt_gap_common.o
       416        188          0          0          0       3591   bt_gap_connection.o
       596        190          0          0          0       9588   bt_hci.o
       124         22          0          0       8472      26062   bt_init.o
       186         72          0          0          0       2738   bt_l2cap.o
       278        112          0          0          0       3541   bt_linknode.o
       292         48          0          0          0       1653   bt_log.o
      1448        390          2          8         48       8755   bt_memory.o
      1142        428          0          8          0      17005   bt_os_layer_api.o
       840        320          0         16          0       8921   bt_platform.o
        16          0          0          0          0       2527   bt_task.o
         0          0          0          0          0       1572   bt_test.o
       840        200          0          4          0       6998   bt_timer.o
       136         52        577        184          0       2269   cuerror.o
       132         66          0          4          0        969   cunit_interface.o
         0          0          0          0          0       3912   event_groups.o
       624         64          0         24      17408       4139   heap_4.o
       148          0          0          0          0       3314   list.o
       140         44          0          8          0     262782   main.o
       348        136          0          0          0       1923   misc.o
         4          0          0          0          0        539   misc_1.o
       670         86          0         12          0       8338   port.o
      1964          0          0          0          0      14151   queue.o
        36          8        304          0       4096        948   startup_stm32f10x_hd.o
        68         50          0          0          0       1036   stm32f10x_assert.o
       748        188          0          0          0       3128   stm32f10x_gpio.o
       104         48          0          0          0       3029   stm32f10x_it.o
       500        168          0         20          0       5010   stm32f10x_rcc.o
      1480        182         65          0          0       7457   stm32f10x_usart.o
       328         28          0          0          0       2129   system_stm32f10x.o
      2738        388          0         56        220      21659   tasks.o
       562         16          0          4          0       9477   testdb.o
       128         14          0         56         96       4380   testrun.o
      1156         98          0         16         40      10400   timers.o
        46          0          0          0          0        741   util.o

    ----------------------------------------------------------------------
     23826       4656       1114       1256      37516     514231   Object Totals
         0          0         32          0          0          0   (incl. Generated)
        30          0          7          5          6          0   (incl. Padding)

    ----------------------------------------------------------------------

      Code (inc. data)   RO Data    RW Data    ZI Data      Debug   Library Member Name

        86          0          0          0          0          0   __dczerorl2.o
         0          0          0          0          0          0   entry.o
         0          0          0          0          0          0   entry10a.o
         0          0          0          0          0          0   entry11a.o
         8          4          0          0          0          0   entry2.o
         4          0          0          0          0          0   entry5.o
         0          0          0          0          0          0   entry7b.o
         0          0          0          0          0          0   entry8b.o
         8          4          0          0          0          0   entry9a.o
        30          0          0          0          0          0   handlers.o
        36          8          0          0          0         68   init.o
         0          0          0          0          0          0   iusefp.o
        30          0          0          0          0         68   llshl.o
        36          0          0          0          0         68   llsshr.o
        32          0          0          0          0         68   llushr.o
       188         20          0          0          0        160   malloc.o
        26          0          0          0          0         80   memcmp.o
        36          0          0          0          0         68   memcpya.o
        36          0          0          0          0        108   memseta.o
         0          0          0          8          0          0   mvars.o
      2258         90          0          0          0        452   printfa.o
         0          0          0          4          0          0   stdout.o
        18          0          0          0          0         68   strcpy.o
        14          0          0          0          0         68   strlen.o
        30          0          0          0          0         80   strncmp.o
        12          0          0          0          0         68   toupper.o
        44          0          0          0          0         80   uidiv.o
        98          0          0          0          0         92   uldiv.o
        48          0          0          0          0         68   cdrcmple.o
       334          0          0          0          0        148   dadd.o
       222          0          0          0          0        100   ddiv.o
       186          0          0          0          0        176   depilogue.o
        48          0          0          0          0         68   dfixul.o
       228          0          0          0          0         96   dmul.o

    ----------------------------------------------------------------------
      4104        126          0         12          0       2252   Library Totals
         8          0          0          0          0          0   (incl. Padding)

    ----------------------------------------------------------------------

      Code (inc. data)   RO Data    RW Data    ZI Data      Debug   Library Name

      3030        126          0         12          0       1596   mc_w.l
      1066          0          0          0          0        656   mf_w.l

    ----------------------------------------------------------------------
      4104        126          0         12          0       2252   Library Totals

    ----------------------------------------------------------------------

==============================================================================


      Code (inc. data)   RO Data    RW Data    ZI Data      Debug   

     27930       4782       1114       1268      37516     502727   Grand Totals
     27930       4782       1114        424      37516     502727   ELF Image Totals (compressed)
     27930       4782       1114        424          0          0   ROM Totals

==============================================================================

    Total RO  Size (Code + RO Data)                29044 (  28.36kB)
    Total RW  Size (RW Data + ZI Data)             38784 (  37.88kB)
    Total ROM Size (Code + RO Data + RW Data)      29468 (  28.78kB)

==============================================================================

