Component: ARM Compiler 5.06 update 4 (build 422) Tool: armlink [4d35d2]

==============================================================================

Section Cross References

    main.o(i.AppTaskCreate) refers to tasks.o(i.xTaskGenericCreate) for xTaskGenericCreate
    main.o(i.AppTaskCreate) refers to main.o(.data) for xHandleTaskUserIF
    main.o(i.AppTaskCreate) refers to main.o(i.vTaskTaskUserIF) for vTaskTaskUserIF
    main.o(i.AppTaskCreate) refers to bt_task.o(i.vBT_Task) for vBT_Task
    main.o(i.main) refers to bsp.o(i.bsp_Init) for bsp_Init
    main.o(i.main) refers to bt_platform.o(i.bt_init) for bt_init
    main.o(i.main) refers to cunit_interface.o(i.cunit_init) for cunit_init
    main.o(i.main) refers to main.o(i.AppTaskCreate) for AppTaskCreate
    main.o(i.main) refers to tasks.o(i.vTaskStartScheduler) for vTaskStartScheduler
    main.o(i.vTaskTaskUserIF) refers to bsp_led.o(i.bsp_LedToggle) for bsp_LedToggle
    main.o(i.vTaskTaskUserIF) refers to tasks.o(i.vTaskDelay) for vTaskDelay
    bsp.o(i.bsp_Init) refers to misc.o(i.NVIC_PriorityGroupConfig) for NVIC_PriorityGroupConfig
    bsp.o(i.bsp_Init) refers to bsp_uart_fifo.o(i.bsp_InitUart) for bsp_InitUart
    bsp.o(i.bsp_Init) refers to bsp_led.o(i.bsp_InitLed) for bsp_InitLed
    bsp.o(i.bsp_Init) refers to bsp_key.o(i.bsp_InitKey) for bsp_InitKey
    bsp_key.o(i.bsp_ClearKey) refers to bsp_key.o(.bss) for s_tKey
    bsp_key.o(i.bsp_DetectKey) refers to bsp_key.o(i.bsp_PutKey) for bsp_PutKey
    bsp_key.o(i.bsp_DetectKey) refers to bsp_key.o(.bss) for s_tBtn
    bsp_key.o(i.bsp_GetKey) refers to bsp_key.o(.bss) for s_tKey
    bsp_key.o(i.bsp_GetKey2) refers to bsp_key.o(.bss) for s_tKey
    bsp_key.o(i.bsp_GetKeyState) refers to bsp_key.o(.bss) for s_tBtn
    bsp_key.o(i.bsp_InitKey) refers to bsp_key.o(i.bsp_InitKeyVar) for bsp_InitKeyVar
    bsp_key.o(i.bsp_InitKey) refers to bsp_key.o(i.bsp_InitKeyHard) for bsp_InitKeyHard
    bsp_key.o(i.bsp_InitKeyHard) refers to stm32f10x_rcc.o(i.RCC_APB2PeriphClockCmd) for RCC_APB2PeriphClockCmd
    bsp_key.o(i.bsp_InitKeyHard) refers to stm32f10x_gpio.o(i.GPIO_Init) for GPIO_Init
    bsp_key.o(i.bsp_InitKeyVar) refers to bsp_key.o(.bss) for s_tKey
    bsp_key.o(i.bsp_InitKeyVar) refers to bsp_key.o(i.IsKeyDown1) for IsKeyDown1
    bsp_key.o(i.bsp_InitKeyVar) refers to bsp_key.o(i.IsKeyDown2) for IsKeyDown2
    bsp_key.o(i.bsp_InitKeyVar) refers to bsp_key.o(i.IsKeyDown3) for IsKeyDown3
    bsp_key.o(i.bsp_InitKeyVar) refers to bsp_key.o(i.IsKeyDown4) for IsKeyDown4
    bsp_key.o(i.bsp_InitKeyVar) refers to bsp_key.o(i.IsKeyDown5) for IsKeyDown5
    bsp_key.o(i.bsp_InitKeyVar) refers to bsp_key.o(i.IsKeyDown6) for IsKeyDown6
    bsp_key.o(i.bsp_InitKeyVar) refers to bsp_key.o(i.IsKeyDown7) for IsKeyDown7
    bsp_key.o(i.bsp_InitKeyVar) refers to bsp_key.o(i.IsKeyDown8) for IsKeyDown8
    bsp_key.o(i.bsp_InitKeyVar) refers to bsp_key.o(i.IsKeyDown9) for IsKeyDown9
    bsp_key.o(i.bsp_InitKeyVar) refers to bsp_key.o(i.IsKeyDown10) for IsKeyDown10
    bsp_key.o(i.bsp_KeyScan) refers to bsp_key.o(i.bsp_DetectKey) for bsp_DetectKey
    bsp_key.o(i.bsp_PutKey) refers to bsp_key.o(.bss) for s_tKey
    bsp_key.o(i.bsp_SetKeyParam) refers to bsp_key.o(.bss) for s_tBtn
    bsp_led.o(i.bsp_InitLed) refers to stm32f10x_rcc.o(i.RCC_APB2PeriphClockCmd) for RCC_APB2PeriphClockCmd
    bsp_led.o(i.bsp_InitLed) refers to bsp_led.o(i.bsp_LedOff) for bsp_LedOff
    bsp_led.o(i.bsp_InitLed) refers to stm32f10x_gpio.o(i.GPIO_Init) for GPIO_Init
    bsp_uart_fifo.o(i.ComToUart) refers to bsp_uart_fifo.o(.bss) for g_tUart1
    bsp_uart_fifo.o(i.ConfigUartNVIC) refers to misc.o(i.NVIC_Init) for NVIC_Init
    bsp_uart_fifo.o(i.InitHardUart) refers to stm32f10x_rcc.o(i.RCC_APB2PeriphClockCmd) for RCC_APB2PeriphClockCmd
    bsp_uart_fifo.o(i.InitHardUart) refers to stm32f10x_gpio.o(i.GPIO_Init) for GPIO_Init
    bsp_uart_fifo.o(i.InitHardUart) refers to stm32f10x_usart.o(i.USART_Init) for USART_Init
    bsp_uart_fifo.o(i.InitHardUart) refers to stm32f10x_usart.o(i.USART_ITConfig) for USART_ITConfig
    bsp_uart_fifo.o(i.InitHardUart) refers to stm32f10x_usart.o(i.USART_Cmd) for USART_Cmd
    bsp_uart_fifo.o(i.InitHardUart) refers to stm32f10x_usart.o(i.USART_ClearFlag) for USART_ClearFlag
    bsp_uart_fifo.o(i.InitHardUart) refers to stm32f10x_rcc.o(i.RCC_APB1PeriphClockCmd) for RCC_APB1PeriphClockCmd
    bsp_uart_fifo.o(i.RS485_InitTXE) refers to stm32f10x_rcc.o(i.RCC_APB2PeriphClockCmd) for RCC_APB2PeriphClockCmd
    bsp_uart_fifo.o(i.RS485_InitTXE) refers to stm32f10x_gpio.o(i.GPIO_Init) for GPIO_Init
    bsp_uart_fifo.o(i.RS485_SendBuf) refers to bsp_uart_fifo.o(i.comSendBuf) for comSendBuf
    bsp_uart_fifo.o(i.RS485_SendStr) refers to strlen.o(.text) for strlen
    bsp_uart_fifo.o(i.RS485_SendStr) refers to bsp_uart_fifo.o(i.RS485_SendBuf) for RS485_SendBuf
    bsp_uart_fifo.o(i.USART1_IRQHandler) refers to bsp_uart_fifo.o(i.UartIRQ) for UartIRQ
[...]
    i.uxListRemove                           0x08006934   Section        0  list.o(i.uxListRemove)
    i.vBT_Task                               0x0800695c   Section        0  bt_task.o(i.vBT_Task)
    i.vListInitialise                        0x08006a5c   Section        0  list.o(i.vListInitialise)
    i.vListInitialiseItem                    0x08006a76   Section        0  list.o(i.vListInitialiseItem)
    i.vListInsert                            0x08006a7c   Section        0  list.o(i.vListInsert)
    i.vListInsertEnd                         0x08006ab0   Section        0  list.o(i.vListInsertEnd)
    i.vPortEnterCritical                     0x08006ac8   Section        0  port.o(i.vPortEnterCritical)
    i.vPortExitCritical                      0x08006b0c   Section        0  port.o(i.vPortExitCritical)
    i.vPortFree                              0x08006b38   Section        0  heap_4.o(i.vPortFree)
    i.vPortSetupTimerInterrupt               0x08006bb0   Section        0  port.o(i.vPortSetupTimerInterrupt)
    i.vPortValidateInterruptPriority         0x08006bc4   Section        0  port.o(i.vPortValidateInterruptPriority)
    i.vPortYield                             0x08006c20   Section        0  port.o(i.vPortYield)
    i.vQueueWaitForMessageRestricted         0x08006c38   Section        0  queue.o(i.vQueueWaitForMessageRestricted)
    i.vTaskDelay                             0x08006c7c   Section        0  tasks.o(i.vTaskDelay)
    i.vTaskMissedYield                       0x08006cec   Section        0  tasks.o(i.vTaskMissedYield)
    i.vTaskPlaceOnEventList                  0x08006cf8   Section        0  tasks.o(i.vTaskPlaceOnEventList)
    i.vTaskPlaceOnEventListRestricted        0x08006d68   Section        0  tasks.o(i.vTaskPlaceOnEventListRestricted)
    i.vTaskPriorityInherit                   0x08006ddc   Section        0  tasks.o(i.vTaskPriorityInherit)
    i.vTaskSetTimeOutState                   0x08006e8c   Section        0  tasks.o(i.vTaskSetTimeOutState)
    i.vTaskStartScheduler                    0x08006eb0   Section        0  tasks.o(i.vTaskStartScheduler)
    i.vTaskSuspendAll                        0x08006f18   Section        0  tasks.o(i.vTaskSuspendAll)
    i.vTaskSwitchContext                     0x08006f28   Section        0  tasks.o(i.vTaskSwitchContext)
    i.vTaskTaskUserIF                        0x08006fa8   Section        0  main.o(i.vTaskTaskUserIF)
    vTaskTaskUserIF                          0x08006fa9   Thumb Code    16  main.o(i.vTaskTaskUserIF)
    i.xPortStartScheduler                    0x08006fb8   Section        0  port.o(i.xPortStartScheduler)
    i.xQueueCreateMutex                      0x08007058   Section        0  queue.o(i.xQueueCreateMutex)
    i.xQueueGenericCreate                    0x080070a0   Section        0  queue.o(i.xQueueGenericCreate)
    i.xQueueGenericReceive                   0x08007106   Section        0  queue.o(i.xQueueGenericReceive)
    i.xQueueGenericReset                     0x08007260   Section        0  queue.o(i.xQueueGenericReset)
    i.xQueueGenericSend                      0x080072d8   Section        0  queue.o(i.xQueueGenericSend)
    i.xQueueGenericSendFromISR               0x0800741a   Section        0  queue.o(i.xQueueGenericSendFromISR)
    i.xQueueGiveFromISR                      0x080074c6   Section        0  queue.o(i.xQueueGiveFromISR)
    i.xQueueGiveMutexRecursive               0x0800755a   Section        0  queue.o(i.xQueueGiveMutexRecursive)
    i.xQueueReceiveFromISR                   0x08007594   Section        0  queue.o(i.xQueueReceiveFromISR)
    i.xQueueTakeMutexRecursive               0x0800761c   Section        0  queue.o(i.xQueueTakeMutexRecursive)
    i.xTaskCheckForTimeOut                   0x08007664   Section        0  tasks.o(i.xTaskCheckForTimeOut)
    i.xTaskGenericCreate                     0x080076d8   Section        0  tasks.o(i.xTaskGenericCreate)
    i.xTaskGetCurrentTaskHandle              0x0800780c   Section        0  tasks.o(i.xTaskGetCurrentTaskHandle)
    i.xTaskGetSchedulerState                 0x08007818   Section        0  tasks.o(i.xTaskGetSchedulerState)
    i.xTaskGetTickCount                      0x08007838   Section        0  tasks.o(i.xTaskGetTickCount)
    i.xTaskIncrementTick                     0x08007844   Section        0  tasks.o(i.xTaskIncrementTick)
    i.xTaskPriorityDisinherit                0x08007980   Section        0  tasks.o(i.xTaskPriorityDisinherit)
    i.xTaskRemoveFromEventList               0x08007a2c   Section        0  tasks.o(i.xTaskRemoveFromEventList)
    i.xTaskResumeAll                         0x08007ab8   Section        0  tasks.o(i.xTaskResumeAll)
    i.xTimerCreate                           0x08007ba0   Section        0  timers.o(i.xTimerCreate)
    i.xTimerCreateTimerTask                  0x08007bf0   Section        0  timers.o(i.xTimerCreateTimerTask)
    i.xTimerGenericCommand                   0x08007c3c   Section        0  timers.o(i.xTimerGenericCommand)
    i.xTimerIsTimerActive                    0x08007cb0   Section        0  timers.o(i.xTimerIsTimerActive)
    .constdata                               0x08007cda   Section        2  bt_memory.o(.constdata)
    bt_fixed_mm_size_table                   0x08007cda   Data           2  bt_memory.o(.constdata)
    .constdata                               0x08007cdc   Section       40  bt_test.o(.constdata)
    .conststring                             0x08007d04   Section       65  stm32f10x_usart.o(.conststring)
    .conststring                             0x08007d48   Section      134  bt_test.o(.conststring)
    .conststring                             0x08007dd0   Section      576  cuerror.o(.conststring)
    .conststring                             0x08008010   Section      101  testrun.o(.conststring)
    .data                                    0x20000000   Section        8  main.o(.data)
    xHandleTaskUserIF                        0x20000000   Data           4  main.o(.data)
    xHandleTaskBT                            0x20000004   Data           4  main.o(.data)
    .data                                    0x20000008   Section       20  stm32f10x_rcc.o(.data)
    APBAHBPrescTable                         0x20000008   Data          16  stm32f10x_rcc.o(.data)
    ADCPrescTable                            0x20000018   Data           4  stm32f10x_rcc.o(.data)
    .data                                    0x2000001c   Section       56  tasks.o(.data)
    pxDelayedTaskList                        0x20000020   Data           4  tasks.o(.data)
    pxOverflowDelayedTaskList                0x20000024   Data           4  tasks.o(.data)
    uxTasksDeleted                           0x20000028   Data           4  tasks.o(.data)
    uxCurrentNumberOfTasks                   0x2000002c   Data           4  tasks.o(.data)
    xTickCount                               0x20000030   Data           4  tasks.o(.data)
    uxTopReadyPriority                       0x20000034   Data           4  tasks.o(.data)
    xSchedulerRunning                        0x20000038   Data           4  tasks.o(.data)
    uxPendedTicks                            0x2000003c   Data           4  tasks.o(.data)
    xYieldPending                            0x20000040   Data           4  tasks.o(.data)
    xNumOfOverflows                          0x20000044   Data           4  tasks.o(.data)
    uxTaskNumber                             0x20000048   Data           4  tasks.o(.data)
    xNextTaskUnblockTime                     0x2000004c   Data           4  tasks.o(.data)
    uxSchedulerSuspended                     0x20000050   Data           4  tasks.o(.data)
    .data                                    0x20000054   Section       16  timers.o(.data)
    pxCurrentTimerList                       0x20000054   Data           4  timers.o(.data)
    pxOverflowTimerList                      0x20000058   Data           4  timers.o(.data)
    xTimerQueue                              0x2000005c   Data           4  timers.o(.data)
    xLastTime                                0x20000060   Data           4  timers.o(.data)
    .data                                    0x20000064   Section       12  port.o(.data)
    uxCriticalNesting                        0x20000064   Data           4  port.o(.data)
    ucMaxSysCallPriority                     0x20000068   Data           1  port.o(.data)
    ulMaxPRIGROUPValue                       0x2000006c   Data           4  port.o(.data)
    .data                                    0x20000070   Section       24  heap_4.o(.data)
    xStart                                   0x20000070   Data           8  heap_4.o(.data)
    pxEnd                                    0x20000078   Data           4  heap_4.o(.data)
    xFreeBytesRemaining                      0x2000007c   Data           4  heap_4.o(.data)
    xMinimumEverFreeBytesRemaining           0x20000080   Data           4  heap_4.o(.data)
    xBlockAllocatedBit                       0x20000084   Data           4  heap_4.o(.data)
    .data                                    0x20000088   Section        8  bt_memory.o(.data)
    bt_mm_footer                             0x20000088   Data           4  bt_memory.o(.data)
    .data                                    0x20000090   Section        4  bt_timer.o(.data)
    bt_timer_list                            0x20000090   Data           4  bt_timer.o(.data)
    .data                                    0x20000094   Section        8  bt_os_layer_api.o(.data)
    bt_rtos_timer                            0x20000094   Data           4  bt_os_layer_api.o(.data)
    bt_os_expire_cb                          0x20000098   Data           4  bt_os_layer_api.o(.data)
    .data                                    0x2000009c   Section        8  bt_test.o(.data)
    .data                                    0x200000a4   Section       10  bt_driver.o(.data)
    bt_driver_is_inited                      0x200000a4   Data           1  bt_driver.o(.data)
    rx_state                                 0x200000a5   Data           1  bt_driver.o(.data)
    buffer_index                             0x200000a6   Data           2  bt_driver.o(.data)
    rx_struct                                0x200000a8   Data           4  bt_driver.o(.data)
    payload_index                            0x200000ac   Data           2  bt_driver.o(.data)
    .data                                    0x200000b0   Section       12  bt_platform.o(.data)
    bt_task_mutex                            0x200000b0   Data           4  bt_platform.o(.data)
    bt_task_event                            0x200000b4   Data           4  bt_platform.o(.data)
    bt_task_semaphore                        0x200000b8   Data           4  bt_platform.o(.data)
    .data                                    0x200000bc   Section        5  basic.o(.data)
    f_pRunningSuite                          0x200000bc   Data           4  basic.o(.data)
    f_run_mode                               0x200000c0   Data           1  basic.o(.data)
    .data                                    0x200000c4   Section      184  cuerror.o(.data)
    g_error_number                           0x200000c4   Data           1  cuerror.o(.data)
    g_error_action                           0x200000c5   Data           1  cuerror.o(.data)
    ErrorDescription                         0x200000c8   Data         180  cuerror.o(.data)
    .data                                    0x2000017c   Section        4  testdb.o(.data)
    f_pTestRegistry                          0x2000017c   Data           4  testdb.o(.data)
    .data                                    0x20000180   Section       56  testrun.o(.data)
    f_bTestIsRunning                         0x20000180   Data           4  testrun.o(.data)
    f_pCurSuite                              0x20000184   Data           4  testrun.o(.data)
    f_pCurTest                               0x20000188   Data           4  testrun.o(.data)
    f_failure_list                           0x2000018c   Data           4  testrun.o(.data)
    f_last_failure                           0x20000190   Data           4  testrun.o(.data)
    f_failure_on_inactive                    0x20000194   Data           4  testrun.o(.data)
    f_start_time                             0x20000198   Data           4  testrun.o(.data)
    f_pSuiteStartMessageHandler              0x2000019c   Data           4  testrun.o(.data)
    f_pTestStartMessageHandler               0x200001a0   Data           4  testrun.o(.data)
    f_pTestCompleteMessageHandler            0x200001a4   Data           4  testrun.o(.data)
    f_pSuiteCompleteMessageHandler           0x200001a8   Data           4  testrun.o(.data)
    f_pAllTestsCompleteMessageHandler        0x200001ac   Data           4  testrun.o(.data)
    f_pSuiteInitFailureMessageHandler        0x200001b0   Data           4  testrun.o(.data)
    f_pSuiteCleanupFailureMessageHandler     0x200001b4   Data           4  testrun.o(.data)
    .data                                    0x200001b8   Section        4  cunit_interface.o(.data)
    pSuite                                   0x200001b8   Data           4  cunit_interface.o(.data)
    .data                                    0x200001bc   Section        4  stdout.o(.data)
    .data                                    0x200001c0   Section        4  stderr.o(.data)
    .data                                    0x200001c4   Section        4  mvars.o(.data)
    .data                                    0x200001c8   Section        4  mvars.o(.data)
    .bss                                     0x200001cc   Section      173  bsp_key.o(.bss)
    s_tBtn                                   0x200001cc   Data         160  bsp_key.o(.bss)
    s_tKey                                   0x2000026c   Data          13  bsp_key.o(.bss)
    .bss                                     0x2000027c   Section     6264  bsp_uart_fifo.o(.bss)
    g_tUart1                                 0x2000027c   Data          40  bsp_uart_fifo.o(.bss)
    g_TxBuf1                                 0x200002a4   Data        1024  bsp_uart_fifo.o(.bss)
    g_RxBuf1                                 0x200006a4   Data        1024  bsp_uart_fifo.o(.bss)
    g_tUart2                                 0x20000aa4   Data          40  bsp_uart_fifo.o(.bss)
    g_TxBuf2                                 0x20000acc   Data        1024  bsp_uart_fifo.o(.bss)
    g_RxBuf2                                 0x20000ecc   Data        1024  bsp_uart_fifo.o(.bss)
    g_tUart3                                 0x200012cc   Data          40  bsp_uart_fifo.o(.bss)
    g_TxBuf3                                 0x200012f4   Data        1024  bsp_uart_fifo.o(.bss)
    g_RxBuf3                                 0x200016f4   Data        1024  bsp_uart_fifo.o(.bss)
    .bss                                     0x20001af4   Section      200  tasks.o(.bss)
    pxReadyTasksLists                        0x20001af4   Data         100  tasks.o(.bss)
    xDelayedTaskList1                        0x20001b58   Data          20  tasks.o(.bss)
    xDelayedTaskList2                        0x20001b6c   Data          20  tasks.o(.bss)
    xPendingReadyList                        0x20001b80   Data          20  tasks.o(.bss)
    xTasksWaitingTermination                 0x20001b94   Data          20  tasks.o(.bss)
    xSuspendedTaskList                       0x20001ba8   Data          20  tasks.o(.bss)
    .bss                                     0x20001bbc   Section       40  timers.o(.bss)
    xActiveTimerList1                        0x20001bbc   Data          20  timers.o(.bss)
    xActiveTimerList2                        0x20001bd0   Data          20  timers.o(.bss)
    .bss                                     0x20001be4   Section    17408  heap_4.o(.bss)
    ucHeap                                   0x20001be4   Data       17408  heap_4.o(.bss)
    .bss                                     0x20005fe4   Section       48  bt_memory.o(.bss)
    bt_mm_cb                                 0x20005fe4   Data          36  bt_memory.o(.bss)
    bt_fixed_mm_cb_list                      0x20006008   Data          12  bt_memory.o(.bss)
    .bss                                     0x20006014   Section     8332  bt_test.o(.bss)
    bt_timer_fixed_memory                    0x20006014   Data         140  bt_test.o(.bss)
    bt_tx_buf                                0x200060a0   Data        4096  bt_test.o(.bss)
    bt_rx_buf                                0x200070a0   Data        4096  bt_test.o(.bss)
    .bss                                     0x200080a0   Section        9  bt_driver.o(.bss)
    buffer                                   0x200080a0   Data           9  bt_driver.o(.bss)
    .bss                                     0x200080b0   Section       96  testrun.o(.bss)
    f_run_summary                            0x200080b0   Data          96  testrun.o(.bss)
    HEAP                                     0x20008110   Section     2048  startup_stm32f10x_hd.o(HEAP)
    STACK                                    0x20008910   Section     2048  startup_stm32f10x_hd.o(STACK)

    Global Symbols

    Symbol Name                              Value     Ov Type        Size  Object(Section)

    BuildAttributes$$THM_ISAv4$P$D$K$B$S$PE$A:L22UL41UL21$X:L11$S22US41US21$IEEE1$IW$USESV6$~STKCKD$USESV7$~SHL$OSPACE$ROPI$EBA8$MICROLIB$REQ8$PRES8$EABIv2 0x00000000   Number         0  anon$$obj.o ABSOLUTE
    __ARM_use_no_argv                        0x00000000   Number         0  main.o ABSOLUTE
    _printf_a                                0x00000000   Number         0  stubs.o ABSOLUTE
    _printf_c                                0x00000000   Number         0  stubs.o ABSOLUTE
    _printf_charcount                        0x00000000   Number         0  stubs.o ABSOLUTE
    _printf_d                                0x00000000   Number         0  stubs.o ABSOLUTE
    _printf_e                                0x00000000   Number         0  stubs.o ABSOLUTE
    _printf_f                                0x00000000   Number         0  stubs.o ABSOLUTE
    _printf_flags                            0x00000000   Number         0  stubs.o ABSOLUTE
    _printf_fp_dec                           0x00000000   Number         0  stubs.o ABSOLUTE
    _printf_fp_hex                           0x00000000   Number         0  stubs.o ABSOLUTE
    _printf_g                                0x00000000   Number         0  stubs.o ABSOLUTE
    _printf_i                                0x00000000   Number         0  stubs.o ABSOLUTE
    _printf_int_dec                          0x00000000   Number         0  stubs.o ABSOLUTE
    _printf_l                                0x00000000   Number         0  stubs.o ABSOLUTE
    _printf_lc                               0x00000000   Number         0  stubs.o ABSOLUTE
    _printf_ll                               0x00000000   Number         0  stubs.o ABSOLUTE
    _printf_lld                              0x00000000   Number         0  stubs.o ABSOLUTE
    _printf_lli                              0x00000000   Number         0  stubs.o ABSOLUTE
    _printf_llo                              0x00000000   Number         0  stubs.o ABSOLUTE
    _printf_llu                              0x00000000   Number         0  stubs.o ABSOLUTE
    _printf_llx                              0x00000000   Number         0  stubs.o ABSOLUTE
    _printf_longlong_dec                     0x00000000   Number         0  stubs.o ABSOLUTE
    _printf_longlong_hex                     0x00000000   Number         0  stubs.o ABSOLUTE
    _printf_longlong_oct                     0x00000000   Number         0  stubs.o ABSOLUTE
    _printf_ls                               0x00000000   Number         0  stubs.o ABSOLUTE
    _printf_mbtowc                           0x00000000   Number         0  stubs.o ABSOLUTE
    _printf_n                                0x00000000   Number         0  stubs.o ABSOLUTE
    _printf_o                                0x00000000   Number         0  stubs.o ABSOLUTE
    _printf_p                                0x00000000   Number         0  stubs.o ABSOLUTE
    _printf_percent                          0x00000000   Number         0  stubs.o ABSOLUTE
    _printf_pre_padding                      0x00000000   Number         0  stubs.o ABSOLUTE
    _printf_return_value                     0x00000000   Number         0  stubs.o ABSOLUTE
    _printf_s                                0x00000000   Number         0  stubs.o ABSOLUTE
    _printf_sizespec                         0x00000000   Number         0  stubs.o ABSOLUTE
    _printf_str                              0x00000000   Number         0  stubs.o ABSOLUTE
    _printf_truncate_signed                  0x00000000   Number         0  stubs.o ABSOLUTE
    _printf_truncate_unsigned                0x00000000   Number         0  stubs.o ABSOLUTE
    _printf_u                                0x00000000   Number         0  stubs.o ABSOLUTE
    _printf_wc                               0x00000000   Number         0  stubs.o ABSOLUTE
    _printf_wctomb                           0x00000000   Number         0  stubs.o ABSOLUTE
    _printf_widthprec                        0x00000000   Number         0  stubs.o ABSOLUTE
    _printf_x                                0x00000000   Number         0  stubs.o ABSOLUTE
    __alloca_longjmp                          - Undefined Weak Reference
    __alloca_setjmp                           - Undefined Weak Reference
    __cpp_initialize__aeabi_                  - Undefined Weak Reference
    __cxa_finalize                            - Undefined Weak Reference
    _clock_init                               - Undefined Weak Reference
    _microlib_exit                            - Undefined Weak Reference
    __Vectors_Size                           0x00000130   Number         0  startup_stm32f10x_hd.o ABSOLUTE
    __Vectors                                0x08000000   Data           4  startup_stm32f10x_hd.o(RESET)
    __Vectors_End                            0x08000130   Data           0  startup_stm32f10x_hd.o(RESET)
    __main                                   0x08000131   Thumb Code     0  entry.o(.ARM.Collect$$$$00000000)
    _main_stk                                0x08000131   Thumb Code     0  entry2.o(.ARM.Collect$$$$00000001)
    _main_scatterload                        0x08000135   Thumb Code     0  entry5.o(.ARM.Collect$$$$00000004)
    __main_after_scatterload                 0x08000139   Thumb Code     0  entry5.o(.ARM.Collect$$$$00000004)
    _main_clock                              0x08000139   Thumb Code     0  entry7b.o(.ARM.Collect$$$$00000008)
    _main_cpp_init                           0x08000139   Thumb Code     0  entry8b.o(.ARM.Collect$$$$0000000A)
    _main_init                               0x08000139   Thumb Code     0  entry9a.o(.ARM.Collect$$$$0000000B)
    __rt_final_cpp                           0x08000141   Thumb Code     0  entry10a.o(.ARM.Collect$$$$0000000D)
    __rt_final_exit                          0x08000141   Thumb Code     0  entry11a.o(.ARM.Collect$$$$0000000F)
    SVC_Handler                              0x08000145   Thumb Code    32  port.o(.emb_text)
    __asm___6_port_c_39a90d8d__prvStartFirstTask 0x08000169   Thumb Code    28  port.o(.emb_text)
    PendSV_Handler                           0x08000189   Thumb Code    64  port.o(.emb_text)
    ulPortSetInterruptMask                   0x080001cd   Thumb Code    14  port.o(.emb_text)
    vPortClearInterruptMask                  0x080001db   Thumb Code     6  port.o(.emb_text)
    vPortGetIPSR                             0x080001e1   Thumb Code     6  port.o(.emb_text)
    Reset_Handler                            0x080001e9   Thumb Code     8  startup_stm32f10x_hd.o(.text)
    ADC1_2_IRQHandler                        0x08000203   Thumb Code     0  startup_stm32f10x_hd.o(.text)
    ADC3_IRQHandler                          0x08000203   Thumb Code     0  startup_stm32f10x_hd.o(.text)
    CAN1_RX1_IRQHandler                      0x08000203   Thumb Code     0  startup_stm32f10x_hd.o(.text)
    CAN1_SCE_IRQHandler                      0x08000203   Thumb Code     0  startup_stm32f10x_hd.o(.text)
    DMA1_Channel1_IRQHandler                 0x08000203   Thumb Code     0  startup_stm32f10x_hd.o(.text)
    DMA1_Channel2_IRQHandler                 0x08000203   Thumb Code     0  startup_stm32f10x_hd.o(.text)
    DMA1_Channel3_IRQHandler                 0x08000203   Thumb Code     0  startup_stm32f10x_hd.o(.text)
    DMA1_Channel4_IRQHandler                 0x08000203   Thumb Code     0  startup_stm32f10x_hd.o(.text)
    DMA1_Channel5_IRQHandler                 0x08000203   Thumb Code     0  startup_stm32f10x_hd.o(.text)
    DMA1_Channel6_IRQHandler                 0x08000203   Thumb Code     0  startup_stm32f10x_hd.o(.text)
    DMA1_Channel7_IRQHandler                 0x08000203   Thumb Code     0  startup_stm32f10x_hd.o(.text)
    DMA2_Channel1_IRQHandler                 0x08000203   Thumb Code     0  startup_stm32f10x_hd.o(.text)
    DMA2_Channel2_IRQHandler                 0x08000203   Thumb Code     0  startup_stm32f10x_hd.o(.text)
    DMA2_Channel3_IRQHandler                 0x08000203   Thumb Code     0  startup_stm32f10x_hd.o(.text)
    DMA2_Channel4_5_IRQHandler               0x08000203   Thumb Code     0  startup_stm32f10x_hd.o(.text)
    EXTI0_IRQHandler                         0x08000203   Thumb Code     0  startup_stm32f10x_hd.o(.text)
    EXTI15_10_IRQHandler                     0x08000203   Thumb Code     0  startup_stm32f10x_hd.o(.text)
    EXTI1_IRQHandler                         0x08000203   Thumb Code     0  startup_stm32f10x_hd.o(.text)
    EXTI2_IRQHandler                         0x08000203   Thumb Code     0  startup_stm32f10x_hd.o(.text)
    EXTI3_IRQHandler                         0x08000203   Thumb Code     0  startup_stm32f10x_hd.o(.text)
    EXTI4_IRQHandler                         0x08000203   Thumb Code     0  startup_stm32f10x_hd.o(.text)
    EXTI9_5_IRQHandler                       0x08000203   Thumb Code     0  startup_stm32f10x_hd.o(.text)
    FLASH_IRQHandler                         0x08000203   Thumb Code     0  startup_stm32f10x_hd.o(.text)
    FSMC_IRQHandler                          0x08000203   Thumb Code     0  startup_stm32f10x_hd.o(.text)
    I2C1_ER_IRQHandler                       0x08000203   Thumb Code     0  startup_stm32f10x_hd.o(.text)
    I2C1_EV_IRQHandler                       0x08000203   Thumb Code     0  startup_stm32f10x_hd.o(.text)
    I2C2_ER_IRQHandler                       0x08000203   Thumb Code     0  startup_stm32f10x_hd.o(.text)
    I2C2_EV_IRQHandler                       0x08000203   Thumb Code     0  startup_stm32f10x_hd.o(.text)
    PVD_IRQHandler                           0x08000203   Thumb Code     0  startup_stm32f10x_hd.o(.text)
    RCC_IRQHandler                           0x08000203   Thumb Code     0  startup_stm32f10x_hd.o(.text)
    RTCAlarm_IRQHandler                      0x08000203   Thumb Code     0  startup_stm32f10x_hd.o(.text)
    RTC_IRQHandler                           0x08000203   Thumb Code     0  startup_stm32f10x_hd.o(.text)
    SDIO_IRQHandler                          0x08000203   Thumb Code     0  startup_stm32f10x_hd.o(.text)
    SPI1_IRQHandler                          0x08000203   Thumb Code     0  startup_stm32f10x_hd.o(.text)
    SPI2_IRQHandler                          0x08000203   Thumb Code     0  startup_stm32f10x_hd.o(.text)
    SPI3_IRQHandler                          0x08000203   Thumb Code     0  startup_stm32f10x_hd.o(.text)
    TAMPER_IRQHandler                        0x08000203   Thumb Code     0  startup_stm32f10x_hd.o(.text)
    TIM1_BRK_IRQHandler                      0x08000203   Thumb Code     0  startup_stm32f10x_hd.o(.text)
    TIM1_CC_IRQHandler                       0x08000203   Thumb Code     0  startup_stm32f10x_hd.o(.text)
    TIM1_TRG_COM_IRQHandler                  0x08000203   Thumb Code     0  startup_stm32f10x_hd.o(.text)
    TIM1_UP_IRQHandler                       0x08000203   Thumb Code     0  startup_stm32f10x_hd.o(.text)
    TIM2_IRQHandler                          0x08000203   Thumb Code     0  startup_stm32f10x_hd.o(.text)
    TIM3_IRQHandler                          0x08000203   Thumb Code     0  startup_stm32f10x_hd.o(.text)
    TIM4_IRQHandler                          0x08000203   Thumb Code     0  startup_stm32f10x_hd.o(.text)
    TIM5_IRQHandler                          0x08000203   Thumb Code     0  startup_stm32f10x_hd.o(.text)
    TIM6_IRQHandler                          0x08000203   Thumb Code     0  startup_stm32f10x_hd.o(.text)
    TIM7_IRQHandler                          0x08000203   Thumb Code     0  startup_stm32f10x_hd.o(.text)
    TIM8_BRK_IRQHandler                      0x08000203   Thumb Code     0  startup_stm32f10x_hd.o(.text)
    TIM8_CC_IRQHandler                       0x08000203   Thumb Code     0  startup_stm32f10x_hd.o(.text)
    TIM8_TRG_COM_IRQHandler                  0x08000203   Thumb Code     0  startup_stm32f10x_hd.o(.text)
    TIM8_UP_IRQHandler                       0x08000203   Thumb Code     0  startup_stm32f10x_hd.o(.text)
    UART4_IRQHandler                         0x08000203   Thumb Code     0  startup_stm32f10x_hd.o(.text)
    UART5_IRQHandler                         0x08000203   Thumb Code     0  startup_stm32f10x_hd.o(.text)
    USBWakeUp_IRQHandler                     0x08000203   Thumb Code     0  startup_stm32f10x_hd.o(.text)
    USB_HP_CAN1_TX_IRQHandler                0x08000203   Thumb Code     0  startup_stm32f10x_hd.o(.text)
    USB_LP_CAN1_RX0_IRQHandler               0x08000203   Thumb Code     0  startup_stm32f10x_hd.o(.text)
    WWDG_IRQHandler                          0x08000203   Thumb Code     0  startup_stm32f10x_hd.o(.text)
    toupper                                  0x0800020d   Thumb Code    12  toupper.o(.text)
    __aeabi_memcpy                           0x08000219   Thumb Code    36  memcpya.o(.text)
    __aeabi_memcpy4                          0x08000219   Thumb Code     0  memcpya.o(.text)
    __aeabi_memcpy8                          0x08000219   Thumb Code     0  memcpya.o(.text)
    __aeabi_memset                           0x0800023d   Thumb Code    14  memseta.o(.text)
    __aeabi_memset4                          0x0800023d   Thumb Code     0  memseta.o(.text)
    __aeabi_memset8                          0x0800023d   Thumb Code     0  memseta.o(.text)
    __aeabi_memclr                           0x0800024b   Thumb Code     4  memseta.o(.text)
    __aeabi_memclr4                          0x0800024b   Thumb Code     0  memseta.o(.text)
    __aeabi_memclr8                          0x0800024b   Thumb Code     0  memseta.o(.text)
    _memset$wrapper                          0x0800024f   Thumb Code    18  memseta.o(.text)
    strlen                                   0x08000261   Thumb Code    14  strlen.o(.text)
    memcmp                                   0x0800026f   Thumb Code    26  memcmp.o(.text)
    strcpy                                   0x08000289   Thumb Code    18  strcpy.o(.text)
    __aeabi_dadd                             0x0800029b   Thumb Code   322  dadd.o(.text)
    __aeabi_dsub                             0x080003dd   Thumb Code     6  dadd.o(.text)
    __aeabi_drsub                            0x080003e3   Thumb Code     6  dadd.o(.text)
    __aeabi_ddiv                             0x080003e9   Thumb Code   222  ddiv.o(.text)
    __aeabi_ui2d                             0x080004c7   Thumb Code    26  dfltui.o(.text)
    setjmp                                   0x080004e1   Thumb Code    26  setjmp.o(.text)
    longjmp                                  0x080004fb   Thumb Code    36  setjmp.o(.text)
    __aeabi_uidiv                            0x0800051f   Thumb Code     0  uidiv.o(.text)
    __aeabi_uidivmod                         0x0800051f   Thumb Code    44  uidiv.o(.text)
    __aeabi_uldivmod                         0x0800054b   Thumb Code    98  uldiv.o(.text)
    __aeabi_llsl                             0x080005ad   Thumb Code    30  llshl.o(.text)
    _ll_shift_l                              0x080005ad   Thumb Code     0  llshl.o(.text)
    __aeabi_lasr                             0x080005cb   Thumb Code    36  llsshr.o(.text)
    _ll_sshift_r                             0x080005cb   Thumb Code     0  llsshr.o(.text)
    __I$use$fp                               0x080005ef   Thumb Code     0  iusefp.o(.text)
    _double_round                            0x080005ef   Thumb Code    30  depilogue.o(.text)
    _double_epilogue                         0x0800060d   Thumb Code   156  depilogue.o(.text)
    __aeabi_dmul                             0x080006a9   Thumb Code   228  dmul.o(.text)
    __aeabi_d2ulz                            0x0800078d   Thumb Code    48  dfixul.o(.text)
    __aeabi_cdrcmple                         0x080007bd   Thumb Code    48  cdrcmple.o(.text)
    __scatterload                            0x080007ed   Thumb Code    28  init.o(.text)
    __scatterload_rt2                        0x080007ed   Thumb Code     0  init.o(.text)
    __aeabi_llsr                             0x08000811   Thumb Code    32  llushr.o(.text)
    _ll_ushift_r                             0x08000811   Thumb Code     0  llushr.o(.text)
    __decompress                             0x08000831   Thumb Code     0  __dczerorl2.o(.text)
    __decompress1                            0x08000831   Thumb Code    86  __dczerorl2.o(.text)
    BusFault_Handler                         0x080008ed   Thumb Code     4  stm32f10x_it.o(i.BusFault_Handler)
    CU_add_suite                             0x080008f1   Thumb Code    26  testdb.o(i.CU_add_suite)
    CU_add_suite_with_setup_and_teardown     0x0800090d   Thumb Code   106  testdb.o(i.CU_add_suite_with_setup_and_teardown)
    CU_add_test                              0x0800097d   Thumb Code   118  testdb.o(i.CU_add_test)
    CU_assertImplementation                  0x080009f9   Thumb Code    98  testrun.o(i.CU_assertImplementation)
    CU_basic_run_tests                       0x08000a6d   Thumb Code    46  basic.o(i.CU_basic_run_tests)
    CU_basic_set_mode                        0x08000ad9   Thumb Code     6  basic.o(i.CU_basic_set_mode)
    CU_cleanup_registry                      0x08000ae5   Thumb Code    20  testdb.o(i.CU_cleanup_registry)
    CU_clear_previous_results                0x08000afd   Thumb Code    12  testrun.o(i.CU_clear_previous_results)
    CU_compare_strings                       0x08000b11   Thumb Code    46  util.o(i.CU_compare_strings)
    CU_create_new_registry                   0x08000b3f   Thumb Code    24  testdb.o(i.CU_create_new_registry)
    CU_destroy_existing_registry             0x08000b57   Thumb Code    26  testdb.o(i.CU_destroy_existing_registry)
    CU_get_elapsed_time                      0x08000b71   Thumb Code    66  testrun.o(i.CU_get_elapsed_time)
    CU_get_error                             0x08000bc5   Thumb Code     6  cuerror.o(i.CU_get_error)
    CU_get_error_action                      0x08000bd1   Thumb Code     6  cuerror.o(i.CU_get_error_action)
    CU_get_registry                          0x08000bdd   Thumb Code     6  testdb.o(i.CU_get_registry)
    CU_get_run_results_string                0x08000be9   Thumb Code  3052  testrun.o(i.CU_get_run_results_string)
    CU_initialize_registry                   0x08001855   Thumb Code    50  testdb.o(i.CU_initialize_registry)
    CU_number_width                          0x0800188d   Thumb Code    34  util.o(i.CU_number_width)
    CU_print_run_results                     0x080018b5   Thumb Code    36  testrun.o(i.CU_print_run_results)
    CU_run_all_tests                         0x08001909   Thumb Code   182  testrun.o(i.CU_run_all_tests)
    CU_set_all_test_complete_handler         0x080019d9   Thumb Code     6  testrun.o(i.CU_set_all_test_complete_handler)
    CU_set_error                             0x080019e5   Thumb Code    44  cuerror.o(i.CU_set_error)
    CU_set_error_action                      0x08001a39   Thumb Code     6  cuerror.o(i.CU_set_error_action)
    CU_set_registry                          0x08001a45   Thumb Code    22  testdb.o(i.CU_set_registry)
    CU_set_suite_cleanup_failure_handler     0x08001a61   Thumb Code     6  testrun.o(i.CU_set_suite_cleanup_failure_handler)
    CU_set_suite_init_failure_handler        0x08001a6d   Thumb Code     6  testrun.o(i.CU_set_suite_init_failure_handler)
    CU_set_test_complete_handler             0x08001a79   Thumb Code     6  testrun.o(i.CU_set_test_complete_handler)
    CU_set_test_start_handler                0x08001a85   Thumb Code     6  testrun.o(i.CU_set_test_start_handler)
    ComToUart                                0x08001a91   Thumb Code    44  bsp_uart_fifo.o(i.ComToUart)
    DebugMon_Handler                         0x08001b27   Thumb Code     2  stm32f10x_it.o(i.DebugMon_Handler)
    GPIO_Init                                0x08001b29   Thumb Code   378  stm32f10x_gpio.o(i.GPIO_Init)
    GPIO_WriteBit                            0x08001d01   Thumb Code   182  stm32f10x_gpio.o(i.GPIO_WriteBit)
    HardFault_Handler                        0x08001e15   Thumb Code    40  stm32f10x_it.o(i.HardFault_Handler)
    MemManage_Handler                        0x080021a1   Thumb Code     4  stm32f10x_it.o(i.MemManage_Handler)
    NMI_Handler                              0x080021a5   Thumb Code     2  stm32f10x_it.o(i.NMI_Handler)
    NVIC_Init                                0x080021a9   Thumb Code   158  misc.o(i.NVIC_Init)
    NVIC_PriorityGroupConfig                 0x0800228d   Thumb Code    54  misc.o(i.NVIC_PriorityGroupConfig)
    RCC_APB1PeriphClockCmd                   0x08002305   Thumb Code    70  stm32f10x_rcc.o(i.RCC_APB1PeriphClockCmd)
    RCC_APB2PeriphClockCmd                   0x08002395   Thumb Code    70  stm32f10x_rcc.o(i.RCC_APB2PeriphClockCmd)
    RCC_GetClocksFreq                        0x08002425   Thumb Code   192  stm32f10x_rcc.o(i.RCC_GetClocksFreq)
    SysTick_Handler                          0x080025e1   Thumb Code    28  port.o(i.SysTick_Handler)
    SystemInit                               0x08002601   Thumb Code    78  system_stm32f10x.o(i.SystemInit)
    USART1_IRQHandler                        0x08002661   Thumb Code    10  bsp_uart_fifo.o(i.USART1_IRQHandler)
    USART2_IRQHandler                        0x08002671   Thumb Code    10  bsp_uart_fifo.o(i.USART2_IRQHandler)
    USART3_IRQHandler                        0x08002681   Thumb Code    10  bsp_uart_fifo.o(i.USART3_IRQHandler)
    USART_ClearFlag                          0x08002691   Thumb Code   116  stm32f10x_usart.o(i.USART_ClearFlag)
    USART_Cmd                                0x0800271d   Thumb Code    90  stm32f10x_usart.o(i.USART_Cmd)
    USART_GetITStatus                        0x08002791   Thumb Code   266  stm32f10x_usart.o(i.USART_GetITStatus)
    USART_ITConfig                           0x080028b5   Thumb Code   248  stm32f10x_usart.o(i.USART_ITConfig)
    USART_Init                               0x080029c5   Thumb Code   450  stm32f10x_usart.o(i.USART_Init)
    USART_ReceiveData                        0x08002ba5   Thumb Code    54  stm32f10x_usart.o(i.USART_ReceiveData)
    USART_SendData                           0x08002bf5   Thumb Code    74  stm32f10x_usart.o(i.USART_SendData)
    UsageFault_Handler                       0x08002e61   Thumb Code     4  stm32f10x_it.o(i.UsageFault_Handler)
    __0printf                                0x08002e65   Thumb Code    22  printfa.o(i.__0printf)
    __1printf                                0x08002e65   Thumb Code     0  printfa.o(i.__0printf)
    __2printf                                0x08002e65   Thumb Code     0  printfa.o(i.__0printf)
    __c89printf                              0x08002e65   Thumb Code     0  printfa.o(i.__0printf)
    printf                                   0x08002e65   Thumb Code     0  printfa.o(i.__0printf)
    __0snprintf                              0x08002e85   Thumb Code    44  printfa.o(i.__0snprintf)
    __1snprintf                              0x08002e85   Thumb Code     0  printfa.o(i.__0snprintf)
    __2snprintf                              0x08002e85   Thumb Code     0  printfa.o(i.__0snprintf)
    __c89snprintf                            0x08002e85   Thumb Code     0  printfa.o(i.__0snprintf)
    snprintf                                 0x08002e85   Thumb Code     0  printfa.o(i.__0snprintf)
    __scatterload_copy                       0x08002eb5   Thumb Code    14  handlers.o(i.__scatterload_copy)
    __scatterload_null                       0x08002ec3   Thumb Code     2  handlers.o(i.__scatterload_null)
    __scatterload_zeroinit                   0x08002ec5   Thumb Code    14  handlers.o(i.__scatterload_zeroinit)
    assert_failed                            0x08003865   Thumb Code    18  stm32f10x_assert.o(i.assert_failed)
    bsp_Init                                 0x08003bc9   Thumb Code    24  bsp.o(i.bsp_Init)
    bsp_InitKey                              0x08003be1   Thumb Code    12  bsp_key.o(i.bsp_InitKey)
    bsp_InitLed                              0x08003d65   Thumb Code   108  bsp_led.o(i.bsp_InitLed)
    bsp_InitUart                             0x08003dd5   Thumb Code    16  bsp_uart_fifo.o(i.bsp_InitUart)
    bsp_LedOff                               0x08003de5   Thumb Code    54  bsp_led.o(i.bsp_LedOff)
    bsp_LedToggle                            0x08003e21   Thumb Code    72  bsp_led.o(i.bsp_LedToggle)
    bt_driver_hardware_reset_controller      0x08003e6d   Thumb Code    64  bt_driver.o(i.bt_driver_hardware_reset_controller)
    bt_driver_init                           0x08003eb1   Thumb Code    26  bt_driver.o(i.bt_driver_init)
    bt_driver_recieve_data_from_controller   0x08003ef1   Thumb Code   228  bt_driver.o(i.bt_driver_recieve_data_from_controller)
    bt_driver_send_data_to_controller        0x08003fe9   Thumb Code    18  bt_driver.o(i.bt_driver_send_data_to_controller)
    bt_fixed_memory_allocate                 0x08003ffd   Thumb Code   102  bt_memory.o(i.bt_fixed_memory_allocate)
    bt_fixed_memory_free                     0x080040a1   Thumb Code   206  bt_memory.o(i.bt_fixed_memory_free)
    bt_fixed_memory_init                     0x080041b1   Thumb Code   156  bt_memory.o(i.bt_fixed_memory_init)
    bt_hci_log                               0x0800428d   Thumb Code   170  bt_log.o(i.bt_hci_log)
    bt_init                                  0x08004369   Thumb Code    74  bt_platform.o(i.bt_init)
    bt_linknode_cmp_backward                 0x080043f5   Thumb Code    16  bt_linknode.o(i.bt_linknode_cmp_backward)
    bt_linknode_delete_node                  0x08004405   Thumb Code    56  bt_linknode.o(i.bt_linknode_delete_node)
    bt_linknode_insert_node                  0x08004475   Thumb Code    48  bt_linknode.o(i.bt_linknode_insert_node)
    bt_linknode_test                         0x080044dd   Thumb Code   432  bt_test.o(i.bt_linknode_test)
    bt_linknode_travel_node                  0x080047c9   Thumb Code    46  bt_linknode.o(i.bt_linknode_travel_node)
    bt_memcmp                                0x080047f7   Thumb Code    28  bt_platform.o(i.bt_memcmp)
    bt_memcpy                                0x08004813   Thumb Code    20  bt_platform.o(i.bt_memcpy)
    bt_memory_allocate_packet                0x08004829   Thumb Code   184  bt_memory.o(i.bt_memory_allocate_packet)
    bt_memory_free_packet                    0x080049a5   Thumb Code   122  bt_memory.o(i.bt_memory_free_packet)
    bt_memory_init                           0x08004a5d   Thumb Code   102  bt_memory.o(i.bt_memory_init)
    bt_memory_test                           0x08004b3d   Thumb Code   338  bt_test.o(i.bt_memory_test)
    bt_memset                                0x08004ce5   Thumb Code    20  bt_platform.o(i.bt_memset)
    bt_os_layer_create_mutex                 0x08004cf9   Thumb Code    10  bt_os_layer_api.o(i.bt_os_layer_create_mutex)
    bt_os_layer_create_semaphore             0x08004d03   Thumb Code    14  bt_os_layer_api.o(i.bt_os_layer_create_semaphore)
    bt_os_layer_disable_interrupt            0x08004d11   Thumb Code    10  bt_os_layer_api.o(i.bt_os_layer_disable_interrupt)
    bt_os_layer_enable_interrupt             0x08004d1b   Thumb Code    10  bt_os_layer_api.o(i.bt_os_layer_enable_interrupt)
    bt_os_layer_get_system_tick              0x08004d25   Thumb Code     8  bt_os_layer_api.o(i.bt_os_layer_get_system_tick)
    bt_os_layer_give_mutex                   0x08004d2d   Thumb Code    24  bt_os_layer_api.o(i.bt_os_layer_give_mutex)
    bt_os_layer_give_semaphore               0x08004d45   Thumb Code    30  bt_os_layer_api.o(i.bt_os_layer_give_semaphore)
    bt_os_layer_give_semaphore_from_isr      0x08004d63   Thumb Code    26  bt_os_layer_api.o(i.bt_os_layer_give_semaphore_from_isr)
    bt_os_layer_init_timer                   0x08004d7d   Thumb Code    50  bt_os_layer_api.o(i.bt_os_layer_init_timer)
    bt_os_layer_is_isr_active                0x08004e01   Thumb Code    18  bt_os_layer_api.o(i.bt_os_layer_is_isr_active)
    bt_os_layer_is_os_scheduler_start        0x08004e19   Thumb Code    18  bt_os_layer_api.o(i.bt_os_layer_is_os_scheduler_start)
    bt_os_layer_is_timer_active              0x08004e2d   Thumb Code    36  bt_os_layer_api.o(i.bt_os_layer_is_timer_active)
    bt_os_layer_register_timer_callback      0x08004e91   Thumb Code    22  bt_os_layer_api.o(i.bt_os_layer_register_timer_callback)
    bt_os_layer_start_timer                  0x08004ee9   Thumb Code   100  bt_os_layer_api.o(i.bt_os_layer_start_timer)
    bt_os_layer_stop_timer                   0x08004f8d   Thumb Code    38  bt_os_layer_api.o(i.bt_os_layer_stop_timer)
    bt_os_layer_take_mutex                   0x08004ff5   Thumb Code    28  bt_os_layer_api.o(i.bt_os_layer_take_mutex)
    bt_os_layer_take_semaphore               0x08005011   Thumb Code    32  bt_os_layer_api.o(i.bt_os_layer_take_semaphore)
    bt_os_layer_take_semaphore_from_isr      0x08005031   Thumb Code    28  bt_os_layer_api.o(i.bt_os_layer_take_semaphore_from_isr)
    bt_task_event_handler                    0x08005065   Thumb Code    60  bt_platform.o(i.bt_task_event_handler)
    bt_task_take_semaphore                   0x0800510d   Thumb Code    32  bt_platform.o(i.bt_task_take_semaphore)
    bt_timer_check_timeout_handler           0x08005131   Thumb Code   178  bt_timer.o(i.bt_timer_check_timeout_handler)
    bt_timer_cmp_by_timer_duration           0x080051e9   Thumb Code    82  bt_timer.o(i.bt_timer_cmp_by_timer_duration)
    bt_timer_cmp_by_timerid                  0x08005271   Thumb Code    52  bt_timer.o(i.bt_timer_cmp_by_timerid)
    bt_timer_find                            0x080052d9   Thumb Code    26  bt_timer.o(i.bt_timer_find)
    bt_timer_get_current_tick                0x080052fd   Thumb Code     8  bt_platform.o(i.bt_timer_get_current_tick)
    bt_timer_start                           0x08005305   Thumb Code   136  bt_timer.o(i.bt_timer_start)
    bt_timer_start_timer                     0x080053c9   Thumb Code    12  bt_platform.o(i.bt_timer_start_timer)
    bt_timer_stop_timer                      0x080053d5   Thumb Code     8  bt_platform.o(i.bt_timer_stop_timer)
    bt_timer_test                            0x080053dd   Thumb Code   142  bt_test.o(i.bt_timer_test)
    clock                                    0x08005601   Thumb Code    18  misc_1.o(i.clock)
    comSendBuf                               0x08005613   Thumb Code    46  bsp_uart_fifo.o(i.comSendBuf)
    comSendChar                              0x08005641   Thumb Code    16  bsp_uart_fifo.o(i.comSendChar)
    cunit_add_test_case                      0x08005701   Thumb Code    42  cunit_interface.o(i.cunit_add_test_case)
    cunit_init                               0x08005731   Thumb Code    66  cunit_interface.o(i.cunit_init)
    cunit_test_start                         0x080057b5   Thumb Code    28  cunit_interface.o(i.cunit_test_start)
    exit                                     0x080057f9   Thumb Code     4  misc_1.o(i.exit)
    fputc                                    0x080057fd   Thumb Code    18  bsp_uart_fifo.o(i.fputc)
    free                                     0x08005811   Thumb Code    76  malloc.o(i.free)
    main                                     0x080058d9   Thumb Code    32  main.o(i.main)
    malloc                                   0x080058f9   Thumb Code    92  malloc.o(i.malloc)
    pvPortMalloc                             0x08006131   Thumb Code   254  heap_4.o(i.pvPortMalloc)
    pvTaskIncrementMutexHeldCount            0x08006245   Thumb Code    26  tasks.o(i.pvTaskIncrementMutexHeldCount)
    pxPortInitialiseStack                    0x08006265   Thumb Code    26  port.o(i.pxPortInitialiseStack)
    timeout                                  0x0800662d   Thumb Code    96  bt_test.o(i.timeout)
    timeout1                                 0x0800672d   Thumb Code    96  bt_test.o(i.timeout1)
    timeout2                                 0x08006831   Thumb Code    96  bt_test.o(i.timeout2)
    uxListRemove                             0x08006935   Thumb Code    40  list.o(i.uxListRemove)
    vBT_Task                                 0x0800695d   Thumb Code   134  bt_task.o(i.vBT_Task)
    vListInitialise                          0x08006a5d   Thumb Code    26  list.o(i.vListInitialise)
    vListInitialiseItem                      0x08006a77   Thumb Code     6  list.o(i.vListInitialiseItem)
    vListInsert                              0x08006a7d   Thumb Code    52  list.o(i.vListInsert)
    vListInsertEnd                           0x08006ab1   Thumb Code    24  list.o(i.vListInsertEnd)
    vPortEnterCritical                       0x08006ac9   Thumb Code    58  port.o(i.vPortEnterCritical)
    vPortExitCritical                        0x08006b0d   Thumb Code    40  port.o(i.vPortExitCritical)
    vPortFree                                0x08006b39   Thumb Code   112  heap_4.o(i.vPortFree)
    vPortSetupTimerInterrupt                 0x08006bb1   Thumb Code    14  port.o(i.vPortSetupTimerInterrupt)
    vPortValidateInterruptPriority           0x08006bc5   Thumb Code    78  port.o(i.vPortValidateInterruptPriority)
    vPortYield                               0x08006c21   Thumb Code    18  port.o(i.vPortYield)
    vQueueWaitForMessageRestricted           0x08006c39   Thumb Code    66  queue.o(i.vQueueWaitForMessageRestricted)
    vTaskDelay                               0x08006c7d   Thumb Code    94  tasks.o(i.vTaskDelay)
    vTaskMissedYield                         0x08006ced   Thumb Code     8  tasks.o(i.vTaskMissedYield)
    vTaskPlaceOnEventList                    0x08006cf9   Thumb Code    94  tasks.o(i.vTaskPlaceOnEventList)
    vTaskPlaceOnEventListRestricted          0x08006d69   Thumb Code   100  tasks.o(i.vTaskPlaceOnEventListRestricted)
    vTaskPriorityInherit                     0x08006ddd   Thumb Code   164  tasks.o(i.vTaskPriorityInherit)
    vTaskSetTimeOutState                     0x08006e8d   Thumb Code    28  tasks.o(i.vTaskSetTimeOutState)
    vTaskStartScheduler                      0x08006eb1   Thumb Code    80  tasks.o(i.vTaskStartScheduler)
    vTaskSuspendAll                          0x08006f19   Thumb Code    12  tasks.o(i.vTaskSuspendAll)
    vTaskSwitchContext                       0x08006f29   Thumb Code   106  tasks.o(i.vTaskSwitchContext)
    xPortStartScheduler                      0x08006fb9   Thumb Code   140  port.o(i.xPortStartScheduler)
    xQueueCreateMutex                        0x08007059   Thumb Code    72  queue.o(i.xQueueCreateMutex)
    xQueueGenericCreate                      0x080070a1   Thumb Code   102  queue.o(i.xQueueGenericCreate)
    xQueueGenericReceive                     0x08007107   Thumb Code   346  queue.o(i.xQueueGenericReceive)
    xQueueGenericReset                       0x08007261   Thumb Code   120  queue.o(i.xQueueGenericReset)
    xQueueGenericSend                        0x080072d9   Thumb Code   322  queue.o(i.xQueueGenericSend)
    xQueueGenericSendFromISR                 0x0800741b   Thumb Code   172  queue.o(i.xQueueGenericSendFromISR)
    xQueueGiveFromISR                        0x080074c7   Thumb Code   148  queue.o(i.xQueueGiveFromISR)
    xQueueGiveMutexRecursive                 0x0800755b   Thumb Code    58  queue.o(i.xQueueGiveMutexRecursive)
    xQueueReceiveFromISR                     0x08007595   Thumb Code   136  queue.o(i.xQueueReceiveFromISR)
    xQueueTakeMutexRecursive                 0x0800761d   Thumb Code    70  queue.o(i.xQueueTakeMutexRecursive)
    xTaskCheckForTimeOut                     0x08007665   Thumb Code   108  tasks.o(i.xTaskCheckForTimeOut)
    xTaskGenericCreate                       0x080076d9   Thumb Code   282  tasks.o(i.xTaskGenericCreate)
    xTaskGetCurrentTaskHandle                0x0800780d   Thumb Code     6  tasks.o(i.xTaskGetCurrentTaskHandle)
    xTaskGetSchedulerState                   0x08007819   Thumb Code    24  tasks.o(i.xTaskGetSchedulerState)
    xTaskGetTickCount                        0x08007839   Thumb Code     6  tasks.o(i.xTaskGetTickCount)
    xTaskIncrementTick                       0x08007845   Thumb Code   272  tasks.o(i.xTaskIncrementTick)
    xTaskPriorityDisinherit                  0x08007981   Thumb Code   160  tasks.o(i.xTaskPriorityDisinherit)
    xTaskRemoveFromEventList                 0x08007a2d   Thumb Code   114  tasks.o(i.xTaskRemoveFromEventList)
    xTaskResumeAll                           0x08007ab9   Thumb Code   200  tasks.o(i.xTaskResumeAll)
    xTimerCreate                             0x08007ba1   Thumb Code    80  timers.o(i.xTimerCreate)
    xTimerCreateTimerTask                    0x08007bf1   Thumb Code    58  timers.o(i.xTimerCreateTimerTask)
    xTimerGenericCommand                     0x08007c3d   Thumb Code   112  timers.o(i.xTimerGenericCommand)
    xTimerIsTimerActive                      0x08007cb1   Thumb Code    42  timers.o(i.xTimerIsTimerActive)
    Region$$Table$$Base                      0x08008078   Number         0  anon$$obj.o(Region$$Table)
    Region$$Table$$Limit                     0x08008098   Number         0  anon$$obj.o(Region$$Table)
    pxCurrentTCB                             0x2000001c   Data           4  tasks.o(.data)
    p_bt_mm_cb                               0x2000008c   Data           4  bt_memory.o(.data)
    start_tick                               0x2000009c   Data           4  bt_test.o(.data)
    end_tick                                 0x200000a0   Data           4  bt_test.o(.data)
    __stdout                                 0x200001bc   Data           4  stdout.o(.data)
    __stderr                                 0x200001c0   Data           4  stderr.o(.data)
    __microlib_freelist                      0x200001c4   Data           4  mvars.o(.data)
    __microlib_freelist_initialised          0x200001c8   Data           4  mvars.o(.data)
    __heap_base                              0x20008110   Data           0  startup_stm32f10x_hd.o(HEAP)
    __heap_limit                             0x20008910   Data           0  startup_stm32f10x_hd.o(HEAP)
    __initial_sp                             0x20009110   Data           0  startup_stm32f10x_hd.o(STACK)



==============================================================================

Memory Map of the image

  Image Entry point : 0x08000131

  Load Region LR_IROM1 (Base: 0x08000000, Size: 0x00008264, Max: 0x00080000, ABSOLUTE, COMPRESSED[0x00008110])

    Execution Region ER_IROM1 (Base: 0x08000000, Size: 0x00008098, Max: 0x00080000, ABSOLUTE)

    Base Addr    Size         Type   Attr      Idx    E Section Name        Object

    0x08000000   0x00000130   Data   RO          631    RESET               startup_stm32f10x_hd.o
    0x08000130   0x00000000   Code   RO         3749  * .ARM.Collect$$$$00000000  mc_w.l(entry.o)
    0x08000130   0x00000004   Code   RO         4097    .ARM.Collect$$$$00000001  mc_w.l(entry2.o)
    0x08000134   0x00000004   Code   RO         4100    .ARM.Collect$$$$00000004  mc_w.l(entry5.o)
    0x08000138   0x00000000   Code   RO         4102    .ARM.Collect$$$$00000008  mc_w.l(entry7b.o)
    0x08000138   0x00000000   Code   RO         4104    .ARM.Collect$$$$0000000A  mc_w.l(entry8b.o)
    0x08000138   0x00000008   Code   RO         4105    .ARM.Collect$$$$0000000B  mc_w.l(entry9a.o)
    0x08000140   0x00000000   Code   RO         4107    .ARM.Collect$$$$0000000D  mc_w.l(entry10a.o)
    0x08000140   0x00000000   Code   RO         4109    .ARM.Collect$$$$0000000F  mc_w.l(entry11a.o)
    0x08000140   0x00000004   Code   RO         4098    .ARM.Collect$$$$00002712  mc_w.l(entry2.o)
    0x08000144   0x000000a2   Code   RO         2153    .emb_text           port.o
    0x080001e6   0x00000002   PAD
    0x080001e8   0x00000024   Code   RO          632    .text               startup_stm32f10x_hd.o
    0x0800020c   0x0000000c   Code   RO         3784    .text               mc_w.l(toupper.o)
    0x08000218   0x00000024   Code   RO         3786    .text               mc_w.l(memcpya.o)
    0x0800023c   0x00000024   Code   RO         3788    .text               mc_w.l(memseta.o)
    0x08000260   0x0000000e   Code   RO         3790    .text               mc_w.l(strlen.o)
    0x0800026e   0x0000001a   Code   RO         3794    .text               mc_w.l(memcmp.o)
    0x08000288   0x00000012   Code   RO         3796    .text               mc_w.l(strcpy.o)
    0x0800029a   0x0000014e   Code   RO         4089    .text               mf_w.l(dadd.o)
    0x080003e8   0x000000de   Code   RO         4091    .text               mf_w.l(ddiv.o)
    0x080004c6   0x0000001a   Code   RO         4093    .text               mf_w.l(dfltui.o)
    0x080004e0   0x0000003e   Code   RO         4095    .text               mf_w.l(setjmp.o)
    0x0800051e   0x0000002c   Code   RO         4111    .text               mc_w.l(uidiv.o)
    0x0800054a   0x00000062   Code   RO         4113    .text               mc_w.l(uldiv.o)
    0x080005ac   0x0000001e   Code   RO         4115    .text               mc_w.l(llshl.o)
    0x080005ca   0x00000024   Code   RO         4117    .text               mc_w.l(llsshr.o)
    0x080005ee   0x00000000   Code   RO         4121    .text               mc_w.l(iusefp.o)
    0x080005ee   0x000000ba   Code   RO         4122    .text               mf_w.l(depilogue.o)
    0x080006a8   0x000000e4   Code   RO         4124    .text               mf_w.l(dmul.o)
    0x0800078c   0x00000030   Code   RO         4126    .text               mf_w.l(dfixul.o)
    0x080007bc   0x00000030   Code   RO         4128    .text               mf_w.l(cdrcmple.o)
    0x080007ec   0x00000024   Code   RO         4130    .text               mc_w.l(init.o)
    0x08000810   0x00000020   Code   RO         4132    .text               mc_w.l(llushr.o)
    0x08000830   0x00000056   Code   RO         4142    .text               mc_w.l(__dczerorl2.o)
    0x08000886   0x00000002   PAD
    0x08000888   0x00000064   Code   RO            3    i.AppTaskCreate     main.o
    0x080008ec   0x00000004   Code   RO          638    i.BusFault_Handler  stm32f10x_it.o
    0x080008f0   0x0000001a   Code   RO         3074    i.CU_add_suite      testdb.o
    0x0800090a   0x00000002   PAD
    0x0800090c   0x00000070   Code   RO         3075    i.CU_add_suite_with_setup_and_teardown  testdb.o
    0x0800097c   0x0000007c   Code   RO         3076    i.CU_add_test       testdb.o
    0x080009f8   0x00000074   Code   RO         3320    i.CU_assertImplementation  testrun.o
    0x08000a6c   0x0000006c   Code   RO         2916    i.CU_basic_run_tests  basic.o
    0x08000ad8   0x0000000c   Code   RO         2917    i.CU_basic_set_mode  basic.o
    0x08000ae4   0x00000018   Code   RO         3077    i.CU_cleanup_registry  testdb.o
    0x08000afc   0x00000014   Code   RO         3321    i.CU_clear_previous_results  testrun.o
    0x08000b10   0x0000002e   Code   RO         3596    i.CU_compare_strings  util.o
    0x08000b3e   0x00000018   Code   RO         3078    i.CU_create_new_registry  testdb.o
    0x08000b56   0x0000001a   Code   RO         3079    i.CU_destroy_existing_registry  testdb.o
    0x08000b70   0x00000054   Code   RO         3325    i.CU_get_elapsed_time  testrun.o
    0x08000bc4   0x0000000c   Code   RO         3018    i.CU_get_error      cuerror.o
    0x08000bd0   0x0000000c   Code   RO         3019    i.CU_get_error_action  cuerror.o
    0x08000bdc   0x0000000c   Code   RO         3080    i.CU_get_registry   testdb.o
    0x08000be8   0x00000c6c   Code   RO         3338    i.CU_get_run_results_string  testrun.o
    0x08001854   0x00000038   Code   RO         3093    i.CU_initialize_registry  testdb.o
    0x0800188c   0x00000028   Code   RO         3597    i.CU_number_width   util.o
    0x080018b4   0x00000054   Code   RO         3347    i.CU_print_run_results  testrun.o
    0x08001908   0x000000d0   Code   RO         3348    i.CU_run_all_tests  testrun.o
    0x080019d8   0x0000000c   Code   RO         3351    i.CU_set_all_test_complete_handler  testrun.o
    0x080019e4   0x00000054   Code   RO         3021    i.CU_set_error      cuerror.o
    0x08001a38   0x0000000c   Code   RO         3022    i.CU_set_error_action  cuerror.o
    0x08001a44   0x0000001c   Code   RO         3097    i.CU_set_registry   testdb.o
    0x08001a60   0x0000000c   Code   RO         3353    i.CU_set_suite_cleanup_failure_handler  testrun.o
    0x08001a6c   0x0000000c   Code   RO         3355    i.CU_set_suite_init_failure_handler  testrun.o
    0x08001a78   0x0000000c   Code   RO         3357    i.CU_set_test_complete_handler  testrun.o
    0x08001a84   0x0000000c   Code   RO         3358    i.CU_set_test_start_handler  testrun.o
    0x08001a90   0x00000038   Code   RO          453    i.ComToUart         bsp_uart_fifo.o
    0x08001ac8   0x0000005e   Code   RO          454    i.ConfigUartNVIC    bsp_uart_fifo.o
    0x08001b26   0x00000002   Code   RO          639    i.DebugMon_Handler  stm32f10x_it.o
    0x08001b28   0x000001d8   Code   RO          765    i.GPIO_Init         stm32f10x_gpio.o
    0x08001d00   0x00000114   Code   RO          776    i.GPIO_WriteBit     stm32f10x_gpio.o
    0x08001e14   0x00000058   Code   RO          640    i.HardFault_Handler  stm32f10x_it.o
    0x08001e6c   0x000001b8   Code   RO          455    i.InitHardUart      bsp_uart_fifo.o
    0x08002024   0x00000034   Code   RO          280    i.IsKeyDown1        bsp_key.o
    0x08002058   0x00000034   Code   RO          281    i.IsKeyDown10       bsp_key.o
    0x0800208c   0x00000034   Code   RO          282    i.IsKeyDown2        bsp_key.o
    0x080020c0   0x00000034   Code   RO          283    i.IsKeyDown3        bsp_key.o
    0x080020f4   0x00000018   Code   RO          284    i.IsKeyDown4        bsp_key.o
    0x0800210c   0x00000018   Code   RO          285    i.IsKeyDown5        bsp_key.o
    0x08002124   0x00000018   Code   RO          286    i.IsKeyDown6        bsp_key.o
    0x0800213c   0x00000018   Code   RO          287    i.IsKeyDown7        bsp_key.o
    0x08002154   0x00000018   Code   RO          288    i.IsKeyDown8        bsp_key.o
    0x0800216c   0x00000034   Code   RO          289    i.IsKeyDown9        bsp_key.o
    0x080021a0   0x00000004   Code   RO          641    i.MemManage_Handler  stm32f10x_it.o
    0x080021a4   0x00000002   Code   RO          642    i.NMI_Handler       stm32f10x_it.o
    0x080021a6   0x00000002   PAD
    0x080021a8   0x000000e4   Code   RO          715    i.NVIC_Init         misc.o
    0x0800228c   0x00000078   Code   RO          716    i.NVIC_PriorityGroupConfig  misc.o
    0x08002304   0x00000090   Code   RO          883    i.RCC_APB1PeriphClockCmd  stm32f10x_rcc.o
    0x08002394   0x00000090   Code   RO          885    i.RCC_APB2PeriphClockCmd  stm32f10x_rcc.o
    0x08002424   0x000000d4   Code   RO          893    i.RCC_GetClocksFreq  stm32f10x_rcc.o
    0x080024f8   0x00000008   Code   RO         1461    i.SetSysClock       system_stm32f10x.o
    0x08002500   0x000000e0   Code   RO         1462    i.SetSysClockTo72   system_stm32f10x.o
    0x080025e0   0x00000020   Code   RO         2154    i.SysTick_Handler   port.o
    0x08002600   0x00000060   Code   RO         1464    i.SystemInit        system_stm32f10x.o
    0x08002660   0x00000010   Code   RO          462    i.USART1_IRQHandler  bsp_uart_fifo.o
    0x08002670   0x00000010   Code   RO          463    i.USART2_IRQHandler  bsp_uart_fifo.o
    0x08002680   0x00000010   Code   RO          464    i.USART3_IRQHandler  bsp_uart_fifo.o
    0x08002690   0x0000008c   Code   RO         1089    i.USART_ClearFlag   stm32f10x_usart.o
    0x0800271c   0x00000074   Code   RO         1093    i.USART_Cmd         stm32f10x_usart.o
    0x08002790   0x00000124   Code   RO         1097    i.USART_GetITStatus  stm32f10x_usart.o
    0x080028b4   0x00000110   Code   RO         1099    i.USART_ITConfig    stm32f10x_usart.o
    0x080029c4   0x000001e0   Code   RO         1100    i.USART_Init        stm32f10x_usart.o
    0x08002ba4   0x00000050   Code   RO         1107    i.USART_ReceiveData  stm32f10x_usart.o
    0x08002bf4   0x00000064   Code   RO         1110    i.USART_SendData    stm32f10x_usart.o
    0x08002c58   0x000000e6   Code   RO          466    i.UartIRQ           bsp_uart_fifo.o
    0x08002d3e   0x0000006a   Code   RO          467    i.UartSend          bsp_uart_fifo.o
    0x08002da8   0x000000b8   Code   RO          468    i.UartVarInit       bsp_uart_fifo.o
    0x08002e60   0x00000004   Code   RO          643    i.UsageFault_Handler  stm32f10x_it.o
    0x08002e64   0x00000020   Code   RO         4033    i.__0printf         mc_w.l(printfa.o)
    0x08002e84   0x00000030   Code   RO         4034    i.__0snprintf       mc_w.l(printfa.o)
    0x08002eb4   0x0000000e   Code   RO         4136    i.__scatterload_copy  mc_w.l(handlers.o)
    0x08002ec2   0x00000002   Code   RO         4137    i.__scatterload_null  mc_w.l(handlers.o)
    0x08002ec4   0x0000000e   Code   RO         4138    i.__scatterload_zeroinit  mc_w.l(handlers.o)
    0x08002ed2   0x00000002   PAD
    0x08002ed4   0x00000184   Code   RO         4040    i._fp_digits        mc_w.l(printfa.o)
    0x08003058   0x000006dc   Code   RO         4041    i._printf_core      mc_w.l(printfa.o)
    0x08003734   0x00000024   Code   RO         4042    i._printf_post_padding  mc_w.l(printfa.o)
    0x08003758   0x0000002e   Code   RO         4043    i._printf_pre_padding  mc_w.l(printfa.o)
    0x08003786   0x00000016   Code   RO         4044    i._snputc           mc_w.l(printfa.o)
    0x0800379c   0x000000c8   Code   RO         3359    i.add_failure       testrun.o
    0x08003864   0x00000044   Code   RO          691    i.assert_failed     stm32f10x_assert.o
    0x080038a8   0x00000024   Code   RO         2919    i.basic_all_tests_complete_message_handler  basic.o
    0x080038cc   0x000000f8   Code   RO         2920    i.basic_initialize  basic.o
    0x080039c4   0x0000002c   Code   RO         2921    i.basic_run_all_tests  basic.o
    0x080039f0   0x00000048   Code   RO         2924    i.basic_suite_cleanup_failure_message_handler  basic.o
    0x08003a38   0x00000050   Code   RO         2925    i.basic_suite_init_failure_message_handler  basic.o
    0x08003a88   0x000000cc   Code   RO         2926    i.basic_test_complete_message_handler  basic.o
    0x08003b54   0x00000074   Code   RO         2927    i.basic_test_start_message_handler  basic.o
    0x08003bc8   0x00000018   Code   RO          235    i.bsp_Init          bsp.o
    0x08003be0   0x0000000c   Code   RO          295    i.bsp_InitKey       bsp_key.o
    0x08003bec   0x000000a4   Code   RO          296    i.bsp_InitKeyHard   bsp_key.o
    0x08003c90   0x000000d4   Code   RO          297    i.bsp_InitKeyVar    bsp_key.o
    0x08003d64   0x00000070   Code   RO          409    i.bsp_InitLed       bsp_led.o
    0x08003dd4   0x00000010   Code   RO          469    i.bsp_InitUart      bsp_uart_fifo.o
    0x08003de4   0x0000003c   Code   RO          411    i.bsp_LedOff        bsp_led.o
    0x08003e20   0x0000004c   Code   RO          413    i.bsp_LedToggle     bsp_led.o
    0x08003e6c   0x00000044   Code   RO         2743    i.bt_driver_hardware_reset_controller  bt_driver.o
    0x08003eb0   0x00000040   Code   RO         2744    i.bt_driver_init    bt_driver.o
    0x08003ef0   0x000000f8   Code   RO         2745    i.bt_driver_recieve_data_from_controller  bt_driver.o
    0x08003fe8   0x00000012   Code   RO         2746    i.bt_driver_send_data_to_controller  bt_driver.o
    0x08003ffa   0x00000002   PAD
    0x08003ffc   0x000000a4   Code   RO         2327    i.bt_fixed_memory_allocate  bt_memory.o
    0x080040a0   0x00000110   Code   RO         2328    i.bt_fixed_memory_free  bt_memory.o
    0x080041b0   0x000000dc   Code   RO         2329    i.bt_fixed_memory_init  bt_memory.o
    0x0800428c   0x000000dc   Code   RO         2792    i.bt_hci_log        bt_log.o
    0x08004368   0x0000008c   Code   RO         2813    i.bt_init           bt_platform.o
    0x080043f4   0x00000010   Code   RO         2401    i.bt_linknode_cmp_backward  bt_linknode.o
    0x08004404   0x00000070   Code   RO         2402    i.bt_linknode_delete_node  bt_linknode.o
    0x08004474   0x00000068   Code   RO         2403    i.bt_linknode_insert_node  bt_linknode.o
    0x080044dc   0x000002ec   Code   RO         2682    i.bt_linknode_test  bt_test.o
    0x080047c8   0x0000002e   Code   RO         2404    i.bt_linknode_travel_node  bt_linknode.o
    0x080047f6   0x0000001c   Code   RO         2814    i.bt_memcmp         bt_platform.o
    0x08004812   0x00000014   Code   RO         2815    i.bt_memcpy         bt_platform.o
    0x08004826   0x00000002   PAD
    0x08004828   0x000000f4   Code   RO         2330    i.bt_memory_allocate_packet  bt_memory.o
    0x0800491c   0x00000088   Code   RO         2331    i.bt_memory_check_and_merge  bt_memory.o
    0x080049a4   0x000000b8   Code   RO         2332    i.bt_memory_free_packet  bt_memory.o
    0x08004a5c   0x000000a8   Code   RO         2333    i.bt_memory_init    bt_memory.o
    0x08004b04   0x00000038   Code   RO         2334    i.bt_memory_is_allocatable_packet  bt_memory.o
    0x08004b3c   0x000001a8   Code   RO         2683    i.bt_memory_test    bt_test.o
    0x08004ce4   0x00000014   Code   RO         2816    i.bt_memset         bt_platform.o
    0x08004cf8   0x0000000a   Code   RO         2503    i.bt_os_layer_create_mutex  bt_os_layer_api.o
    0x08004d02   0x0000000e   Code   RO         2504    i.bt_os_layer_create_semaphore  bt_os_layer_api.o
    0x08004d10   0x0000000a   Code   RO         2508    i.bt_os_layer_disable_interrupt  bt_os_layer_api.o
    0x08004d1a   0x0000000a   Code   RO         2509    i.bt_os_layer_enable_interrupt  bt_os_layer_api.o
    0x08004d24   0x00000008   Code   RO         2510    i.bt_os_layer_get_system_tick  bt_os_layer_api.o
    0x08004d2c   0x00000018   Code   RO         2511    i.bt_os_layer_give_mutex  bt_os_layer_api.o
    0x08004d44   0x0000001e   Code   RO         2512    i.bt_os_layer_give_semaphore  bt_os_layer_api.o
    0x08004d62   0x0000001a   Code   RO         2513    i.bt_os_layer_give_semaphore_from_isr  bt_os_layer_api.o
    0x08004d7c   0x00000084   Code   RO         2514    i.bt_os_layer_init_timer  bt_os_layer_api.o
    0x08004e00   0x00000018   Code   RO         2515    i.bt_os_layer_is_isr_active  bt_os_layer_api.o
    0x08004e18   0x00000012   Code   RO         2516    i.bt_os_layer_is_os_scheduler_start  bt_os_layer_api.o
    0x08004e2a   0x00000002   PAD
    0x08004e2c   0x00000064   Code   RO         2517    i.bt_os_layer_is_timer_active  bt_os_layer_api.o
    0x08004e90   0x00000058   Code   RO         2518    i.bt_os_layer_register_timer_callback  bt_os_layer_api.o
    0x08004ee8   0x000000a4   Code   RO         2519    i.bt_os_layer_start_timer  bt_os_layer_api.o
    0x08004f8c   0x00000068   Code   RO         2520    i.bt_os_layer_stop_timer  bt_os_layer_api.o
    0x08004ff4   0x0000001c   Code   RO         2521    i.bt_os_layer_take_mutex  bt_os_layer_api.o
    0x08005010   0x00000020   Code   RO         2522    i.bt_os_layer_take_semaphore  bt_os_layer_api.o
    0x08005030   0x0000001c   Code   RO         2523    i.bt_os_layer_take_semaphore_from_isr  bt_os_layer_api.o
    0x0800504c   0x00000018   Code   RO         2524    i.bt_os_layer_timer_timeout_callback  bt_os_layer_api.o
    0x08005064   0x00000044   Code   RO         2817    i.bt_task_event_handler  bt_platform.o
    0x080050a8   0x00000064   Code   RO         2818    i.bt_task_interrupt_trigger  bt_platform.o
    0x0800510c   0x00000024   Code   RO         2819    i.bt_task_take_semaphore  bt_platform.o
    0x08005130   0x000000b8   Code   RO         2441    i.bt_timer_check_timeout_handler  bt_timer.o
    0x080051e8   0x00000088   Code   RO         2442    i.bt_timer_cmp_by_timer_duration  bt_timer.o
    0x08005270   0x00000068   Code   RO         2443    i.bt_timer_cmp_by_timerid  bt_timer.o
    0x080052d8   0x00000024   Code   RO         2444    i.bt_timer_find     bt_timer.o
    0x080052fc   0x00000008   Code   RO         2820    i.bt_timer_get_current_tick  bt_platform.o
    0x08005304   0x000000c4   Code   RO         2445    i.bt_timer_start    bt_timer.o
    0x080053c8   0x0000000c   Code   RO         2821    i.bt_timer_start_timer  bt_platform.o
    0x080053d4   0x00000008   Code   RO         2822    i.bt_timer_stop_timer  bt_platform.o
    0x080053dc   0x00000124   Code   RO         2684    i.bt_timer_test     bt_test.o
    0x08005500   0x00000020   Code   RO         2823    i.bt_timer_timeout_callback  bt_platform.o
    0x08005520   0x00000034   Code   RO         3360    i.cleanup_failure_list  testrun.o
    0x08005554   0x00000034   Code   RO         3105    i.cleanup_suite     testdb.o
    0x08005588   0x00000014   Code   RO         3106    i.cleanup_test      testdb.o
    0x0800559c   0x0000002a   Code   RO         3107    i.cleanup_test_registry  testdb.o
    0x080055c6   0x00000002   PAD
    0x080055c8   0x00000038   Code   RO         3361    i.clear_previous_results  testrun.o
    0x08005600   0x00000012   Code   RO         3654    i.clock             misc_1.o
    0x08005612   0x0000002e   Code   RO          477    i.comSendBuf        bsp_uart_fifo.o
    0x08005640   0x00000010   Code   RO          478    i.comSendChar       bsp_uart_fifo.o
    0x08005650   0x00000062   Code   RO         3108    i.create_suite      testdb.o
    0x080056b2   0x0000004c   Code   RO         3109    i.create_test       testdb.o
    0x080056fe   0x00000002   PAD
    0x08005700   0x00000030   Code   RO         3706    i.cunit_add_test_case  cunit_interface.o
    0x08005730   0x00000084   Code   RO         3708    i.cunit_init        cunit_interface.o
    0x080057b4   0x00000044   Code   RO         3709    i.cunit_test_start  cunit_interface.o
    0x080057f8   0x00000004   Code   RO         3655    i.exit              misc_1.o
    0x080057fc   0x00000012   Code   RO          480    i.fputc             bsp_uart_fifo.o
    0x0800580e   0x00000002   PAD
    0x08005810   0x00000050   Code   RO         4061    i.free              mc_w.l(malloc.o)
    0x08005860   0x00000028   Code   RO         3023    i.get_error_desc    cuerror.o
    0x08005888   0x0000002a   Code   RO         3110    i.insert_suite      testdb.o
    0x080058b2   0x00000026   Code   RO         3111    i.insert_test       testdb.o
    0x080058d8   0x00000020   Code   RO            4    i.main              main.o
    0x080058f8   0x0000006c   Code   RO         4062    i.malloc            mc_w.l(malloc.o)
    0x08005964   0x00000054   Code   RO         1765    i.prvAddCurrentTaskToDelayedList  tasks.o
    0x080059b8   0x00000036   Code   RO         1766    i.prvAllocateTCBAndStack  tasks.o
    0x080059ee   0x00000002   PAD
    0x080059f0   0x0000005c   Code   RO         2058    i.prvCheckForValidListAndQueue  timers.o
    0x08005a4c   0x00000064   Code   RO         1767    i.prvCheckTasksWaitingTermination  tasks.o
    0x08005ab0   0x0000002a   Code   RO         1623    i.prvCopyDataFromQueue  queue.o
    0x08005ada   0x00000080   Code   RO         1624    i.prvCopyDataToQueue  queue.o
    0x08005b5a   0x00000012   Code   RO         1768    i.prvDeleteTCB      tasks.o
    0x08005b6c   0x00000028   Code   RO         2059    i.prvGetNextExpireTime  timers.o
    0x08005b94   0x0000007c   Code   RO         2224    i.prvHeapInit       heap_4.o
    0x08005c10   0x00000018   Code   RO         1769    i.prvIdleTask       tasks.o
    0x08005c28   0x00000062   Code   RO         1770    i.prvInitialiseTCBVariables  tasks.o
    0x08005c8a   0x00000002   PAD
    0x08005c8c   0x00000068   Code   RO         1771    i.prvInitialiseTaskLists  tasks.o
    0x08005cf4   0x00000068   Code   RO         2225    i.prvInsertBlockIntoFreeList  heap_4.o
    0x08005d5c   0x00000058   Code   RO         2060    i.prvInsertTimerInActiveList  timers.o
    0x08005db4   0x0000001a   Code   RO         1625    i.prvIsQueueEmpty   queue.o
    0x08005dce   0x0000001e   Code   RO         1626    i.prvIsQueueFull    queue.o
    0x08005dec   0x00000058   Code   RO         2061    i.prvProcessExpiredTimer  timers.o
    0x08005e44   0x000000dc   Code   RO         2062    i.prvProcessReceivedCommands  timers.o
    0x08005f20   0x00000064   Code   RO         2063    i.prvProcessTimerOrBlockTask  timers.o
    0x08005f84   0x00000034   Code   RO         1772    i.prvResetNextTaskUnblockTime  tasks.o
    0x08005fb8   0x0000002c   Code   RO         2064    i.prvSampleTimeNow  timers.o
    0x08005fe4   0x00000090   Code   RO         2065    i.prvSwitchTimerLists  timers.o
    0x08006074   0x00000024   Code   RO         2155    i.prvTaskExitError  port.o
    0x08006098   0x0000001a   Code   RO         2066    i.prvTimerTask      timers.o
    0x080060b2   0x0000007e   Code   RO         1627    i.prvUnlockQueue    queue.o
    0x08006130   0x00000114   Code   RO         2226    i.pvPortMalloc      heap_4.o
    0x08006244   0x00000020   Code   RO         1774    i.pvTaskIncrementMutexHeldCount  tasks.o
    0x08006264   0x00000020   Code   RO         2156    i.pxPortInitialiseStack  port.o
    0x08006284   0x00000230   Code   RO         3362    i.run_single_suite  testrun.o
    0x080064b4   0x00000128   Code   RO         3363    i.run_single_test   testrun.o
    0x080065dc   0x00000028   Code   RO         3112    i.suite_exists      testdb.o
    0x08006604   0x00000028   Code   RO         3113    i.test_exists       testdb.o
    0x0800662c   0x00000100   Code   RO         2685    i.timeout           bt_test.o
    0x0800672c   0x00000104   Code   RO         2686    i.timeout1          bt_test.o
    0x08006830   0x00000104   Code   RO         2687    i.timeout2          bt_test.o
    0x08006934   0x00000028   Code   RO         1587    i.uxListRemove      list.o
    0x0800695c   0x00000100   Code   RO         2653    i.vBT_Task          bt_task.o
    0x08006a5c   0x0000001a   Code   RO         1588    i.vListInitialise   list.o
    0x08006a76   0x00000006   Code   RO         1589    i.vListInitialiseItem  list.o
    0x08006a7c   0x00000034   Code   RO         1590    i.vListInsert       list.o
    0x08006ab0   0x00000018   Code   RO         1591    i.vListInsertEnd    list.o
    0x08006ac8   0x00000044   Code   RO         2158    i.vPortEnterCritical  port.o
    0x08006b0c   0x0000002c   Code   RO         2159    i.vPortExitCritical  port.o
    0x08006b38   0x00000078   Code   RO         2227    i.vPortFree         heap_4.o
    0x08006bb0   0x00000014   Code   RO         2160    i.vPortSetupTimerInterrupt  port.o
    0x08006bc4   0x0000005c   Code   RO         2161    i.vPortValidateInterruptPriority  port.o
    0x08006c20   0x00000018   Code   RO         2162    i.vPortYield        port.o
    0x08006c38   0x00000042   Code   RO         1632    i.vQueueWaitForMessageRestricted  queue.o
    0x08006c7a   0x00000002   PAD
    0x08006c7c   0x00000070   Code   RO         1780    i.vTaskDelay        tasks.o
    0x08006cec   0x0000000c   Code   RO         1784    i.vTaskMissedYield  tasks.o
    0x08006cf8   0x00000070   Code   RO         1786    i.vTaskPlaceOnEventList  tasks.o
    0x08006d68   0x00000074   Code   RO         1787    i.vTaskPlaceOnEventListRestricted  tasks.o
    0x08006ddc   0x000000b0   Code   RO         1789    i.vTaskPriorityInherit  tasks.o
    0x08006e8c   0x00000024   Code   RO         1792    i.vTaskSetTimeOutState  tasks.o
    0x08006eb0   0x00000068   Code   RO         1793    i.vTaskStartScheduler  tasks.o
    0x08006f18   0x00000010   Code   RO         1795    i.vTaskSuspendAll   tasks.o
    0x08006f28   0x00000080   Code   RO         1796    i.vTaskSwitchContext  tasks.o
    0x08006fa8   0x00000010   Code   RO            5    i.vTaskTaskUserIF   main.o
    0x08006fb8   0x000000a0   Code   RO         2163    i.xPortStartScheduler  port.o
    0x08007058   0x00000048   Code   RO         1633    i.xQueueCreateMutex  queue.o
    0x080070a0   0x00000066   Code   RO         1634    i.xQueueGenericCreate  queue.o
    0x08007106   0x0000015a   Code   RO         1635    i.xQueueGenericReceive  queue.o
    0x08007260   0x00000078   Code   RO         1636    i.xQueueGenericReset  queue.o
    0x080072d8   0x00000142   Code   RO         1637    i.xQueueGenericSend  queue.o
    0x0800741a   0x000000ac   Code   RO         1638    i.xQueueGenericSendFromISR  queue.o
    0x080074c6   0x00000094   Code   RO         1639    i.xQueueGiveFromISR  queue.o
    0x0800755a   0x0000003a   Code   RO         1640    i.xQueueGiveMutexRecursive  queue.o
    0x08007594   0x00000088   Code   RO         1644    i.xQueueReceiveFromISR  queue.o
    0x0800761c   0x00000046   Code   RO         1645    i.xQueueTakeMutexRecursive  queue.o
    0x08007662   0x00000002   PAD
    0x08007664   0x00000074   Code   RO         1797    i.xTaskCheckForTimeOut  tasks.o
    0x080076d8   0x00000134   Code   RO         1798    i.xTaskGenericCreate  tasks.o
    0x0800780c   0x0000000c   Code   RO         1801    i.xTaskGetCurrentTaskHandle  tasks.o
    0x08007818   0x00000020   Code   RO         1802    i.xTaskGetSchedulerState  tasks.o
    0x08007838   0x0000000c   Code   RO         1803    i.xTaskGetTickCount  tasks.o
    0x08007844   0x0000013c   Code   RO         1805    i.xTaskIncrementTick  tasks.o
    0x08007980   0x000000ac   Code   RO         1808    i.xTaskPriorityDisinherit  tasks.o
    0x08007a2c   0x0000008c   Code   RO         1809    i.xTaskRemoveFromEventList  tasks.o
    0x08007ab8   0x000000e8   Code   RO         1811    i.xTaskResumeAll    tasks.o
    0x08007ba0   0x00000050   Code   RO         2069    i.xTimerCreate      timers.o
    0x08007bf0   0x0000004c   Code   RO         2070    i.xTimerCreateTimerTask  timers.o
    0x08007c3c   0x00000074   Code   RO         2071    i.xTimerGenericCommand  timers.o
    0x08007cb0   0x0000002a   Code   RO         2072    i.xTimerIsTimerActive  timers.o
    0x08007cda   0x00000002   Data   RO         2336    .constdata          bt_memory.o
    0x08007cdc   0x00000028   Data   RO         2689    .constdata          bt_test.o
    0x08007d04   0x00000041   Data   RO         1118    .conststring        stm32f10x_usart.o
    0x08007d45   0x00000003   PAD
    0x08007d48   0x00000086   Data   RO         2690    .conststring        bt_test.o
    0x08007dce   0x00000002   PAD
    0x08007dd0   0x00000240   Data   RO         3024    .conststring        cuerror.o
    0x08008010   0x00000065   Data   RO         3365    .conststring        testrun.o
    0x08008075   0x00000003   PAD
    0x08008078   0x00000020   Data   RO         4134    Region$$Table       anon$$obj.o


    Execution Region RW_IRAM1 (Base: 0x20000000, Size: 0x00009110, Max: 0x00010000, ABSOLUTE, COMPRESSED[0x00000078])

    Base Addr    Size         Type   Attr      Idx    E Section Name        Object

    0x20000000   0x00000008   Data   RW            6    .data               main.o
    0x20000008   0x00000014   Data   RW          913    .data               stm32f10x_rcc.o
    0x2000001c   0x00000038   Data   RW         1814    .data               tasks.o
    0x20000054   0x00000010   Data   RW         2074    .data               timers.o
    0x20000064   0x0000000c   Data   RW         2164    .data               port.o
    0x20000070   0x00000018   Data   RW         2232    .data               heap_4.o
    0x20000088   0x00000008   Data   RW         2337    .data               bt_memory.o
    0x20000090   0x00000004   Data   RW         2447    .data               bt_timer.o
    0x20000094   0x00000008   Data   RW         2525    .data               bt_os_layer_api.o
    0x2000009c   0x00000008   Data   RW         2691    .data               bt_test.o
    0x200000a4   0x0000000a   Data   RW         2748    .data               bt_driver.o
    0x200000ae   0x00000002   PAD
    0x200000b0   0x0000000c   Data   RW         2824    .data               bt_platform.o
    0x200000bc   0x00000005   Data   RW         2928    .data               basic.o
    0x200000c1   0x00000003   PAD
    0x200000c4   0x000000b8   Data   RW         3025    .data               cuerror.o
    0x2000017c   0x00000004   Data   RW         3114    .data               testdb.o
    0x20000180   0x00000038   Data   RW         3366    .data               testrun.o
    0x200001b8   0x00000004   Data   RW         3710    .data               cunit_interface.o
    0x200001bc   0x00000004   Data   RW         3754    .data               mc_w.l(stdout.o)
    0x200001c0   0x00000004   Data   RW         3755    .data               mc_w.l(stderr.o)
    0x200001c4   0x00000004   Data   RW         4119    .data               mc_w.l(mvars.o)
    0x200001c8   0x00000004   Data   RW         4120    .data               mc_w.l(mvars.o)
    0x200001cc   0x000000ad   Zero   RW          301    .bss                bsp_key.o
    0x20000279   0x00000003   PAD
    0x2000027c   0x00001878   Zero   RW          481    .bss                bsp_uart_fifo.o
    0x20001af4   0x000000c8   Zero   RW         1813    .bss                tasks.o
    0x20001bbc   0x00000028   Zero   RW         2073    .bss                timers.o
    0x20001be4   0x00004400   Zero   RW         2231    .bss                heap_4.o
    0x20005fe4   0x00000030   Zero   RW         2335    .bss                bt_memory.o
    0x20006014   0x0000208c   Zero   RW         2688    .bss                bt_test.o
    0x200080a0   0x00000009   Zero   RW         2747    .bss                bt_driver.o
    0x200080a9   0x00000007   PAD
    0x200080b0   0x00000060   Zero   RW         3364    .bss                testrun.o
    0x20008110   0x00000800   Zero   RW          630    HEAP                startup_stm32f10x_hd.o
    0x20008910   0x00000800   Zero   RW          629    STACK               startup_stm32f10x_hd.o


==============================================================================

Image component sizes


      Code (inc. data)   RO Data    RW Data    ZI Data      Debug   Object Name

       920        480          0          5          0       7273   basic.o
        24          0          0          0          0       1727   bsp.o
       768        166          0          0        173       7730   bsp_key.o
       248         14          0          0          0       1687   bsp_led.o
      1254        104          0          0       6264       8926   bsp_uart_fifo.o
         0          0          0          0          0       4216   bt_common.o
       398         62          0         10          9       4028   bt_driver.o
       278        112          0          0          0       3533   bt_linknode.o
       220         50          0          0          0       1377   bt_log.o
      1444        392          2          8         48       9487   bt_memory.o
       874        354          0          8          0      12759   bt_os_layer_api.o
       472        138          0         12          0       7060   bt_platform.o
       256        122          0          0          0       2711   bt_task.o
      2240       1040        174          8       8332       5694   bt_test.o
       656        182          0          4          0       5249   bt_timer.o
       160         64        576        184          0       3414   cuerror.o
       248        112          0          4          0       2454   cunit_interface.o
         0          0          0          0          0       3912   event_groups.o
       624         64          0         24      17408       4127   heap_4.o
       148          0          0          0          0       3314   list.o
       148         40          0          8          0     259494   main.o
       348        136          0          0          0       1919   misc.o
        22          0          0          0          0       2039   misc_1.o
       670         86          0         12          0       8310   port.o
      1964          0          0          0          0      14135   queue.o
        36          8        304          0       4096        936   startup_stm32f10x_hd.o
        68         50          0          0          0       2260   stm32f10x_assert.o
       748        188          0          0          0       3124   stm32f10x_gpio.o
       104         48          0          0          0       3025   stm32f10x_it.o
       500        168          0         20          0       5006   stm32f10x_rcc.o
      1480        182         65          0          0       7453   stm32f10x_usart.o
       328         28          0          0          0       2121   system_stm32f10x.o
      2718        384          0         56        200      21044   tasks.o
       880         34          0          4          0      13743   testdb.o
      4916        516        101         56         96      16219   testrun.o
      1156         98          0         16         40      10392   timers.o
        86          6          0          0          0       1455   util.o

    ----------------------------------------------------------------------
     27430       5428       1262        444      36676     473353   Object Totals
         0          0         32          0          0          0   (incl. Generated)
        26          0          8          5         10          0   (incl. Padding)

    ----------------------------------------------------------------------

      Code (inc. data)   RO Data    RW Data    ZI Data      Debug   Library Member Name

        86          0          0          0          0          0   __dczerorl2.o
         0          0          0          0          0          0   entry.o
         0          0          0          0          0          0   entry10a.o
         0          0          0          0          0          0   entry11a.o
         8          4          0          0          0          0   entry2.o
         4          0          0          0          0          0   entry5.o
         0          0          0          0          0          0   entry7b.o
         0          0          0          0          0          0   entry8b.o
         8          4          0          0          0          0   entry9a.o
        30          0          0          0          0          0   handlers.o
        36          8          0          0          0         68   init.o
         0          0          0          0          0          0   iusefp.o
        30          0          0          0          0         68   llshl.o
        36          0          0          0          0         68   llsshr.o
        32          0          0          0          0         68   llushr.o
       188         20          0          0          0        160   malloc.o
        26          0          0          0          0         80   memcmp.o
        36          0          0          0          0         68   memcpya.o
        36          0          0          0          0        108   memseta.o
         0          0          0          8          0          0   mvars.o
      2328         94          0          0          0        604   printfa.o
         0          0          0          4          0          0   stderr.o
         0          0          0          4          0          0   stdout.o
        18          0          0          0          0         68   strcpy.o
        14          0          0          0          0         68   strlen.o
        12          0          0          0          0         68   toupper.o
        44          0          0          0          0         80   uidiv.o
        98          0          0          0          0         92   uldiv.o
        48          0          0          0          0         68   cdrcmple.o
       334          0          0          0          0        148   dadd.o
       222          0          0          0          0        100   ddiv.o
       186          0          0          0          0        176   depilogue.o
        48          0          0          0          0         68   dfixul.o
        26          0          0          0          0         76   dfltui.o
       228          0          0          0          0         96   dmul.o
        62          0          0          0          0         96   setjmp.o

    ----------------------------------------------------------------------
      4228        130          0         16          0       2496   Library Totals
         4          0          0          0          0          0   (incl. Padding)

    ----------------------------------------------------------------------

      Code (inc. data)   RO Data    RW Data    ZI Data      Debug   Library Name

      3070        130          0         16          0       1668   mc_w.l
      1154          0          0          0          0        828   mf_w.l

    ----------------------------------------------------------------------
      4228        130          0         16          0       2496   Library Totals

    ----------------------------------------------------------------------

==============================================================================


      Code (inc. data)   RO Data    RW Data    ZI Data      Debug   

     31658       5558       1262        460      36676     462197   Grand Totals
     31658       5558       1262        120      36676     462197   ELF Image Totals (compressed)
     31658       5558       1262        120          0          0   ROM Totals

==============================================================================

    Total RO  Size (Code + RO Data)                32920 (  32.15kB)
    Total RW  Size (RW Data + ZI Data)             37136 (  36.27kB)
    Total ROM Size (Code + RO Data + RW Data)      33040 (  32.27kB)

==============================================================================

